<!doctype html public "-//w3c//dtd html 4.0 transitional//en">
<html><head>
<title>Static Call Graph - [SistemaBLE_MicroST\SistemaBLE_MicroST.axf]</title></head>
<body><HR>
<H1>Static Call Graph for image SistemaBLE_MicroST\SistemaBLE_MicroST.axf</H1><HR>
<BR><P>#&#060CALLGRAPH&#062# ARM Linker, 5060422: Last Updated: Thu Jun 22 02:41:40 2017
<BR><P>
<H3>Maximum Stack Usage =        196 bytes + Unknown(Cycles, Untraceable Function Pointers)</H3><H3>
Call chain for Maximum Stack Depth:</H3>
main &rArr; SystemClock_Config &rArr; HAL_RCC_ClockConfig &rArr; HAL_RCC_GetSysClockFreq &rArr; __aeabi_uidivmod
<P>
<H3>
Mutually Recursive functions
</H3> <LI><a href="#[1]">NMI_Handler</a>&nbsp;&nbsp;&nbsp;&rArr;&nbsp;&nbsp;&nbsp;<a href="#[1]">NMI_Handler</a><BR>
 <LI><a href="#[2]">HardFault_Handler</a>&nbsp;&nbsp;&nbsp;&rArr;&nbsp;&nbsp;&nbsp;<a href="#[2]">HardFault_Handler</a><BR>
 <LI><a href="#[3]">SVC_Handler</a>&nbsp;&nbsp;&nbsp;&rArr;&nbsp;&nbsp;&nbsp;<a href="#[3]">SVC_Handler</a><BR>
 <LI><a href="#[4]">PendSV_Handler</a>&nbsp;&nbsp;&nbsp;&rArr;&nbsp;&nbsp;&nbsp;<a href="#[4]">PendSV_Handler</a><BR>
 <LI><a href="#[12]">ADC1_COMP_IRQHandler</a>&nbsp;&nbsp;&nbsp;&rArr;&nbsp;&nbsp;&nbsp;<a href="#[12]">ADC1_COMP_IRQHandler</a><BR>
 <LI><a href="#[31]">Error_Handler</a>&nbsp;&nbsp;&nbsp;&rArr;&nbsp;&nbsp;&nbsp;<a href="#[31]">Error_Handler</a><BR>
</UL>
<P>
<H3>
Function Pointers
</H3><UL>
 <LI><a href="#[12]">ADC1_COMP_IRQHandler</a> from startup_stm32f072xb.o(.text) referenced from startup_stm32f072xb.o(RESET)
 <LI><a href="#[24]">CEC_CAN_IRQHandler</a> from startup_stm32f072xb.o(.text) referenced from startup_stm32f072xb.o(RESET)
 <LI><a href="#[f]">DMA1_Channel1_IRQHandler</a> from startup_stm32f072xb.o(.text) referenced from startup_stm32f072xb.o(RESET)
 <LI><a href="#[10]">DMA1_Channel2_3_IRQHandler</a> from startup_stm32f072xb.o(.text) referenced from startup_stm32f072xb.o(RESET)
 <LI><a href="#[11]">DMA1_Channel4_5_6_7_IRQHandler</a> from startup_stm32f072xb.o(.text) referenced from startup_stm32f072xb.o(RESET)
 <LI><a href="#[b]">EXTI0_1_IRQHandler</a> from startup_stm32f072xb.o(.text) referenced from startup_stm32f072xb.o(RESET)
 <LI><a href="#[c]">EXTI2_3_IRQHandler</a> from startup_stm32f072xb.o(.text) referenced from startup_stm32f072xb.o(RESET)
 <LI><a href="#[d]">EXTI4_15_IRQHandler</a> from startup_stm32f072xb.o(.text) referenced from startup_stm32f072xb.o(RESET)
 <LI><a href="#[9]">FLASH_IRQHandler</a> from startup_stm32f072xb.o(.text) referenced from startup_stm32f072xb.o(RESET)
 <LI><a href="#[2]">HardFault_Handler</a> from startup_stm32f072xb.o(.text) referenced from startup_stm32f072xb.o(RESET)
 <LI><a href="#[1d]">I2C1_IRQHandler</a> from startup_stm32f072xb.o(.text) referenced from startup_stm32f072xb.o(RESET)
 <LI><a href="#[1e]">I2C2_IRQHandler</a> from startup_stm32f072xb.o(.text) referenced from startup_stm32f072xb.o(RESET)
 <LI><a href="#[1]">NMI_Handler</a> from startup_stm32f072xb.o(.text) referenced from startup_stm32f072xb.o(RESET)
 <LI><a href="#[7]">PVD_VDDIO2_IRQHandler</a> from startup_stm32f072xb.o(.text) referenced from startup_stm32f072xb.o(RESET)
 <LI><a href="#[4]">PendSV_Handler</a> from startup_stm32f072xb.o(.text) referenced from startup_stm32f072xb.o(RESET)
 <LI><a href="#[a]">RCC_CRS_IRQHandler</a> from startup_stm32f072xb.o(.text) referenced from startup_stm32f072xb.o(RESET)
 <LI><a href="#[8]">RTC_IRQHandler</a> from startup_stm32f072xb.o(.text) referenced from startup_stm32f072xb.o(RESET)
 <LI><a href="#[0]">Reset_Handler</a> from startup_stm32f072xb.o(.text) referenced from startup_stm32f072xb.o(RESET)
 <LI><a href="#[1f]">SPI1_IRQHandler</a> from startup_stm32f072xb.o(.text) referenced from startup_stm32f072xb.o(RESET)
 <LI><a href="#[20]">SPI2_IRQHandler</a> from startup_stm32f072xb.o(.text) referenced from startup_stm32f072xb.o(RESET)
 <LI><a href="#[3]">SVC_Handler</a> from startup_stm32f072xb.o(.text) referenced from startup_stm32f072xb.o(RESET)
 <LI><a href="#[5]">SysTick_Handler</a> from stm32f0xx_it.o(i.SysTick_Handler) referenced from startup_stm32f072xb.o(RESET)
 <LI><a href="#[27]">SystemInit</a> from system_stm32f0xx.o(i.SystemInit) referenced from startup_stm32f072xb.o(.text)
 <LI><a href="#[19]">TIM14_IRQHandler</a> from startup_stm32f072xb.o(.text) referenced from startup_stm32f072xb.o(RESET)
 <LI><a href="#[1a]">TIM15_IRQHandler</a> from startup_stm32f072xb.o(.text) referenced from startup_stm32f072xb.o(RESET)
 <LI><a href="#[1b]">TIM16_IRQHandler</a> from startup_stm32f072xb.o(.text) referenced from startup_stm32f072xb.o(RESET)
 <LI><a href="#[1c]">TIM17_IRQHandler</a> from startup_stm32f072xb.o(.text) referenced from startup_stm32f072xb.o(RESET)
 <LI><a href="#[13]">TIM1_BRK_UP_TRG_COM_IRQHandler</a> from startup_stm32f072xb.o(.text) referenced from startup_stm32f072xb.o(RESET)
 <LI><a href="#[14]">TIM1_CC_IRQHandler</a> from startup_stm32f072xb.o(.text) referenced from startup_stm32f072xb.o(RESET)
 <LI><a href="#[15]">TIM2_IRQHandler</a> from startup_stm32f072xb.o(.text) referenced from startup_stm32f072xb.o(RESET)
 <LI><a href="#[16]">TIM3_IRQHandler</a> from stm32f0xx_it.o(i.TIM3_IRQHandler) referenced from startup_stm32f072xb.o(RESET)
 <LI><a href="#[17]">TIM6_DAC_IRQHandler</a> from startup_stm32f072xb.o(.text) referenced from startup_stm32f072xb.o(RESET)
 <LI><a href="#[18]">TIM7_IRQHandler</a> from startup_stm32f072xb.o(.text) referenced from startup_stm32f072xb.o(RESET)
 <LI><a href="#[e]">TSC_IRQHandler</a> from startup_stm32f072xb.o(.text) referenced from startup_stm32f072xb.o(RESET)
 <LI><a href="#[29]">Tarefa1</a> from gerenciadortarefas.o(i.Tarefa1) referenced from gerenciadortarefas.o(i.IniciaGerenciadorTarefas)
 <LI><a href="#[2a]">Tarefa2</a> from gerenciadortarefas.o(i.Tarefa2) referenced from gerenciadortarefas.o(i.IniciaGerenciadorTarefas)
 <LI><a href="#[2b]">Tarefa3</a> from gerenciadortarefas.o(i.Tarefa3) referenced from gerenciadortarefas.o(i.IniciaGerenciadorTarefas)
 <LI><a href="#[2c]">Tarefa4</a> from gerenciadortarefas.o(i.Tarefa4) referenced from gerenciadortarefas.o(i.IniciaGerenciadorTarefas)
 <LI><a href="#[2d]">Tarefa5</a> from gerenciadortarefas.o(i.Tarefa5) referenced from gerenciadortarefas.o(i.IniciaGerenciadorTarefas)
 <LI><a href="#[21]">USART1_IRQHandler</a> from stm32f0xx_it.o(i.USART1_IRQHandler) referenced from startup_stm32f072xb.o(RESET)
 <LI><a href="#[22]">USART2_IRQHandler</a> from startup_stm32f072xb.o(.text) referenced from startup_stm32f072xb.o(RESET)
 <LI><a href="#[23]">USART3_4_IRQHandler</a> from stm32f0xx_it.o(i.USART3_4_IRQHandler) referenced from startup_stm32f072xb.o(RESET)
 <LI><a href="#[25]">USB_IRQHandler</a> from startup_stm32f072xb.o(.text) referenced from startup_stm32f072xb.o(RESET)
 <LI><a href="#[6]">WWDG_IRQHandler</a> from startup_stm32f072xb.o(.text) referenced from startup_stm32f072xb.o(RESET)
 <LI><a href="#[28]">__main</a> from entry.o(.ARM.Collect$$$$00000000) referenced from startup_stm32f072xb.o(.text)
 <LI><a href="#[26]">main</a> from main.o(i.main) referenced from entry9a.o(.ARM.Collect$$$$0000000B)
</UL>
<P>
<H3>
Global Symbols
</H3>
<P><STRONG><a name="[28]"></a>__main</STRONG> (Thumb, 0 bytes, Stack size unknown bytes, entry.o(.ARM.Collect$$$$00000000))
<BR>[Address Reference Count : 1]<UL><LI> startup_stm32f072xb.o(.text)
</UL>
<P><STRONG><a name="[73]"></a>_main_stk</STRONG> (Thumb, 0 bytes, Stack size unknown bytes, entry2.o(.ARM.Collect$$$$00000001))

<P><STRONG><a name="[2e]"></a>_main_scatterload</STRONG> (Thumb, 0 bytes, Stack size unknown bytes, entry5.o(.ARM.Collect$$$$00000004))
<BR><BR>[Calls]<UL><LI><a href="#[2f]">&gt;&gt;</a>&nbsp;&nbsp;&nbsp;__scatterload
</UL>

<P><STRONG><a name="[30]"></a>__main_after_scatterload</STRONG> (Thumb, 0 bytes, Stack size unknown bytes, entry5.o(.ARM.Collect$$$$00000004))
<BR><BR>[Called By]<UL><LI><a href="#[2f]">&gt;&gt;</a>&nbsp;&nbsp;&nbsp;__scatterload
</UL>

<P><STRONG><a name="[74]"></a>_main_clock</STRONG> (Thumb, 0 bytes, Stack size unknown bytes, entry7b.o(.ARM.Collect$$$$00000008))

<P><STRONG><a name="[75]"></a>_main_cpp_init</STRONG> (Thumb, 0 bytes, Stack size unknown bytes, entry8b.o(.ARM.Collect$$$$0000000A))

<P><STRONG><a name="[76]"></a>_main_init</STRONG> (Thumb, 0 bytes, Stack size unknown bytes, entry9a.o(.ARM.Collect$$$$0000000B))

<P><STRONG><a name="[77]"></a>__rt_final_cpp</STRONG> (Thumb, 0 bytes, Stack size unknown bytes, entry10a.o(.ARM.Collect$$$$0000000D))

<P><STRONG><a name="[78]"></a>__rt_final_exit</STRONG> (Thumb, 0 bytes, Stack size unknown bytes, entry11a.o(.ARM.Collect$$$$0000000F))

<P><STRONG><a name="[0]"></a>Reset_Handler</STRONG> (Thumb, 8 bytes, Stack size 0 bytes, startup_stm32f072xb.o(.text))
<BR>[Address Reference Count : 1]<UL><LI> startup_stm32f072xb.o(RESET)
</UL>
<P><STRONG><a name="[1]"></a>NMI_Handler</STRONG> (Thumb, 2 bytes, Stack size 0 bytes, startup_stm32f072xb.o(.text))
<BR><BR>[Calls]<UL><LI><a href="#[1]">&gt;&gt;</a>&nbsp;&nbsp;&nbsp;NMI_Handler
</UL>
<BR>[Called By]<UL><LI><a href="#[1]">&gt;&gt;</a>&nbsp;&nbsp;&nbsp;NMI_Handler
</UL>
<BR>[Address Reference Count : 1]<UL><LI> startup_stm32f072xb.o(RESET)
</UL>
<P><STRONG><a name="[2]"></a>HardFault_Handler</STRONG> (Thumb, 2 bytes, Stack size 0 bytes, startup_stm32f072xb.o(.text))
<BR><BR>[Calls]<UL><LI><a href="#[2]">&gt;&gt;</a>&nbsp;&nbsp;&nbsp;HardFault_Handler
</UL>
<BR>[Called By]<UL><LI><a href="#[2]">&gt;&gt;</a>&nbsp;&nbsp;&nbsp;HardFault_Handler
</UL>
<BR>[Address Reference Count : 1]<UL><LI> startup_stm32f072xb.o(RESET)
</UL>
<P><STRONG><a name="[3]"></a>SVC_Handler</STRONG> (Thumb, 2 bytes, Stack size 0 bytes, startup_stm32f072xb.o(.text))
<BR><BR>[Calls]<UL><LI><a href="#[3]">&gt;&gt;</a>&nbsp;&nbsp;&nbsp;SVC_Handler
</UL>
<BR>[Called By]<UL><LI><a href="#[3]">&gt;&gt;</a>&nbsp;&nbsp;&nbsp;SVC_Handler
</UL>
<BR>[Address Reference Count : 1]<UL><LI> startup_stm32f072xb.o(RESET)
</UL>
<P><STRONG><a name="[4]"></a>PendSV_Handler</STRONG> (Thumb, 2 bytes, Stack size 0 bytes, startup_stm32f072xb.o(.text))
<BR><BR>[Calls]<UL><LI><a href="#[4]">&gt;&gt;</a>&nbsp;&nbsp;&nbsp;PendSV_Handler
</UL>
<BR>[Called By]<UL><LI><a href="#[4]">&gt;&gt;</a>&nbsp;&nbsp;&nbsp;PendSV_Handler
</UL>
<BR>[Address Reference Count : 1]<UL><LI> startup_stm32f072xb.o(RESET)
</UL>
<P><STRONG><a name="[12]"></a>ADC1_COMP_IRQHandler</STRONG> (Thumb, 0 bytes, Stack size 0 bytes, startup_stm32f072xb.o(.text))
<BR><BR>[Calls]<UL><LI><a href="#[12]">&gt;&gt;</a>&nbsp;&nbsp;&nbsp;ADC1_COMP_IRQHandler
</UL>
<BR>[Called By]<UL><LI><a href="#[12]">&gt;&gt;</a>&nbsp;&nbsp;&nbsp;ADC1_COMP_IRQHandler
</UL>
<BR>[Address Reference Count : 1]<UL><LI> startup_stm32f072xb.o(RESET)
</UL>
<P><STRONG><a name="[24]"></a>CEC_CAN_IRQHandler</STRONG> (Thumb, 0 bytes, Stack size 0 bytes, startup_stm32f072xb.o(.text))
<BR>[Address Reference Count : 1]<UL><LI> startup_stm32f072xb.o(RESET)
</UL>
<P><STRONG><a name="[f]"></a>DMA1_Channel1_IRQHandler</STRONG> (Thumb, 0 bytes, Stack size 0 bytes, startup_stm32f072xb.o(.text))
<BR>[Address Reference Count : 1]<UL><LI> startup_stm32f072xb.o(RESET)
</UL>
<P><STRONG><a name="[10]"></a>DMA1_Channel2_3_IRQHandler</STRONG> (Thumb, 0 bytes, Stack size 0 bytes, startup_stm32f072xb.o(.text))
<BR>[Address Reference Count : 1]<UL><LI> startup_stm32f072xb.o(RESET)
</UL>
<P><STRONG><a name="[11]"></a>DMA1_Channel4_5_6_7_IRQHandler</STRONG> (Thumb, 0 bytes, Stack size 0 bytes, startup_stm32f072xb.o(.text))
<BR>[Address Reference Count : 1]<UL><LI> startup_stm32f072xb.o(RESET)
</UL>
<P><STRONG><a name="[b]"></a>EXTI0_1_IRQHandler</STRONG> (Thumb, 0 bytes, Stack size 0 bytes, startup_stm32f072xb.o(.text))
<BR>[Address Reference Count : 1]<UL><LI> startup_stm32f072xb.o(RESET)
</UL>
<P><STRONG><a name="[c]"></a>EXTI2_3_IRQHandler</STRONG> (Thumb, 0 bytes, Stack size 0 bytes, startup_stm32f072xb.o(.text))
<BR>[Address Reference Count : 1]<UL><LI> startup_stm32f072xb.o(RESET)
</UL>
<P><STRONG><a name="[d]"></a>EXTI4_15_IRQHandler</STRONG> (Thumb, 0 bytes, Stack size 0 bytes, startup_stm32f072xb.o(.text))
<BR>[Address Reference Count : 1]<UL><LI> startup_stm32f072xb.o(RESET)
</UL>
<P><STRONG><a name="[9]"></a>FLASH_IRQHandler</STRONG> (Thumb, 0 bytes, Stack size 0 bytes, startup_stm32f072xb.o(.text))
<BR>[Address Reference Count : 1]<UL><LI> startup_stm32f072xb.o(RESET)
</UL>
<P><STRONG><a name="[1d]"></a>I2C1_IRQHandler</STRONG> (Thumb, 0 bytes, Stack size 0 bytes, startup_stm32f072xb.o(.text))
<BR>[Address Reference Count : 1]<UL><LI> startup_stm32f072xb.o(RESET)
</UL>
<P><STRONG><a name="[1e]"></a>I2C2_IRQHandler</STRONG> (Thumb, 0 bytes, Stack size 0 bytes, startup_stm32f072xb.o(.text))
<BR>[Address Reference Count : 1]<UL><LI> startup_stm32f072xb.o(RESET)
</UL>
<P><STRONG><a name="[7]"></a>PVD_VDDIO2_IRQHandler</STRONG> (Thumb, 0 bytes, Stack size 0 bytes, startup_stm32f072xb.o(.text))
<BR>[Address Reference Count : 1]<UL><LI> startup_stm32f072xb.o(RESET)
</UL>
<P><STRONG><a name="[a]"></a>RCC_CRS_IRQHandler</STRONG> (Thumb, 0 bytes, Stack size 0 bytes, startup_stm32f072xb.o(.text))
<BR>[Address Reference Count : 1]<UL><LI> startup_stm32f072xb.o(RESET)
</UL>
<P><STRONG><a name="[8]"></a>RTC_IRQHandler</STRONG> (Thumb, 0 bytes, Stack size 0 bytes, startup_stm32f072xb.o(.text))
<BR>[Address Reference Count : 1]<UL><LI> startup_stm32f072xb.o(RESET)
</UL>
<P><STRONG><a name="[1f]"></a>SPI1_IRQHandler</STRONG> (Thumb, 0 bytes, Stack size 0 bytes, startup_stm32f072xb.o(.text))
<BR>[Address Reference Count : 1]<UL><LI> startup_stm32f072xb.o(RESET)
</UL>
<P><STRONG><a name="[20]"></a>SPI2_IRQHandler</STRONG> (Thumb, 0 bytes, Stack size 0 bytes, startup_stm32f072xb.o(.text))
<BR>[Address Reference Count : 1]<UL><LI> startup_stm32f072xb.o(RESET)
</UL>
<P><STRONG><a name="[19]"></a>TIM14_IRQHandler</STRONG> (Thumb, 0 bytes, Stack size 0 bytes, startup_stm32f072xb.o(.text))
<BR>[Address Reference Count : 1]<UL><LI> startup_stm32f072xb.o(RESET)
</UL>
<P><STRONG><a name="[1a]"></a>TIM15_IRQHandler</STRONG> (Thumb, 0 bytes, Stack size 0 bytes, startup_stm32f072xb.o(.text))
<BR>[Address Reference Count : 1]<UL><LI> startup_stm32f072xb.o(RESET)
</UL>
<P><STRONG><a name="[1b]"></a>TIM16_IRQHandler</STRONG> (Thumb, 0 bytes, Stack size 0 bytes, startup_stm32f072xb.o(.text))
<BR>[Address Reference Count : 1]<UL><LI> startup_stm32f072xb.o(RESET)
</UL>
<P><STRONG><a name="[1c]"></a>TIM17_IRQHandler</STRONG> (Thumb, 0 bytes, Stack size 0 bytes, startup_stm32f072xb.o(.text))
<BR>[Address Reference Count : 1]<UL><LI> startup_stm32f072xb.o(RESET)
</UL>
<P><STRONG><a name="[13]"></a>TIM1_BRK_UP_TRG_COM_IRQHandler</STRONG> (Thumb, 0 bytes, Stack size 0 bytes, startup_stm32f072xb.o(.text))
<BR>[Address Reference Count : 1]<UL><LI> startup_stm32f072xb.o(RESET)
</UL>
<P><STRONG><a name="[14]"></a>TIM1_CC_IRQHandler</STRONG> (Thumb, 0 bytes, Stack size 0 bytes, startup_stm32f072xb.o(.text))
<BR>[Address Reference Count : 1]<UL><LI> startup_stm32f072xb.o(RESET)
</UL>
<P><STRONG><a name="[15]"></a>TIM2_IRQHandler</STRONG> (Thumb, 0 bytes, Stack size 0 bytes, startup_stm32f072xb.o(.text))
<BR>[Address Reference Count : 1]<UL><LI> startup_stm32f072xb.o(RESET)
</UL>
<P><STRONG><a name="[17]"></a>TIM6_DAC_IRQHandler</STRONG> (Thumb, 0 bytes, Stack size 0 bytes, startup_stm32f072xb.o(.text))
<BR>[Address Reference Count : 1]<UL><LI> startup_stm32f072xb.o(RESET)
</UL>
<P><STRONG><a name="[18]"></a>TIM7_IRQHandler</STRONG> (Thumb, 0 bytes, Stack size 0 bytes, startup_stm32f072xb.o(.text))
<BR>[Address Reference Count : 1]<UL><LI> startup_stm32f072xb.o(RESET)
</UL>
<P><STRONG><a name="[e]"></a>TSC_IRQHandler</STRONG> (Thumb, 0 bytes, Stack size 0 bytes, startup_stm32f072xb.o(.text))
<BR>[Address Reference Count : 1]<UL><LI> startup_stm32f072xb.o(RESET)
</UL>
<P><STRONG><a name="[22]"></a>USART2_IRQHandler</STRONG> (Thumb, 0 bytes, Stack size 0 bytes, startup_stm32f072xb.o(.text))
<BR>[Address Reference Count : 1]<UL><LI> startup_stm32f072xb.o(RESET)
</UL>
<P><STRONG><a name="[25]"></a>USB_IRQHandler</STRONG> (Thumb, 0 bytes, Stack size 0 bytes, startup_stm32f072xb.o(.text))
<BR>[Address Reference Count : 1]<UL><LI> startup_stm32f072xb.o(RESET)
</UL>
<P><STRONG><a name="[6]"></a>WWDG_IRQHandler</STRONG> (Thumb, 0 bytes, Stack size 0 bytes, startup_stm32f072xb.o(.text))
<BR>[Address Reference Count : 1]<UL><LI> startup_stm32f072xb.o(RESET)
</UL>
<P><STRONG><a name="[79]"></a>__aeabi_uidiv</STRONG> (Thumb, 0 bytes, Stack size 12 bytes, uidiv.o(.text), UNUSED)

<P><STRONG><a name="[33]"></a>__aeabi_uidivmod</STRONG> (Thumb, 44 bytes, Stack size 12 bytes, uidiv.o(.text))
<BR><BR>[Stack]<UL><LI>Max Depth = 12<LI>Call Chain = __aeabi_uidivmod
</UL>
<BR>[Called By]<UL><LI><a href="#[41]">&gt;&gt;</a>&nbsp;&nbsp;&nbsp;HAL_RCC_GetSysClockFreq
<LI><a href="#[5e]">&gt;&gt;</a>&nbsp;&nbsp;&nbsp;UART_SetConfig
<LI><a href="#[38]">&gt;&gt;</a>&nbsp;&nbsp;&nbsp;HAL_InitTick
<LI><a href="#[69]">&gt;&gt;</a>&nbsp;&nbsp;&nbsp;SystemClock_Config
<LI><a href="#[32]">&gt;&gt;</a>&nbsp;&nbsp;&nbsp;HAL_ADC_ConfigChannel
</UL>

<P><STRONG><a name="[2f]"></a>__scatterload</STRONG> (Thumb, 28 bytes, Stack size 0 bytes, init.o(.text))
<BR><BR>[Calls]<UL><LI><a href="#[30]">&gt;&gt;</a>&nbsp;&nbsp;&nbsp;__main_after_scatterload
</UL>
<BR>[Called By]<UL><LI><a href="#[2e]">&gt;&gt;</a>&nbsp;&nbsp;&nbsp;_main_scatterload
</UL>

<P><STRONG><a name="[7a]"></a>__scatterload_rt2</STRONG> (Thumb, 0 bytes, Stack size 0 bytes, init.o(.text), UNUSED)

<P><STRONG><a name="[31]"></a>Error_Handler</STRONG> (Thumb, 2 bytes, Stack size 0 bytes, main.o(i.Error_Handler))
<BR><BR>[Calls]<UL><LI><a href="#[31]">&gt;&gt;</a>&nbsp;&nbsp;&nbsp;Error_Handler
</UL>
<BR>[Called By]<UL><LI><a href="#[64]">&gt;&gt;</a>&nbsp;&nbsp;&nbsp;MX_TIM3_Init
<LI><a href="#[61]">&gt;&gt;</a>&nbsp;&nbsp;&nbsp;MX_ADC_Init
<LI><a href="#[31]">&gt;&gt;</a>&nbsp;&nbsp;&nbsp;Error_Handler
<LI><a href="#[67]">&gt;&gt;</a>&nbsp;&nbsp;&nbsp;MX_USART3_UART_Init
<LI><a href="#[66]">&gt;&gt;</a>&nbsp;&nbsp;&nbsp;MX_USART1_UART_Init
</UL>

<P><STRONG><a name="[72]"></a>ExecutaTarefa</STRONG> (Thumb, 58 bytes, Stack size 24 bytes, gerenciadortarefas.o(i.ExecutaTarefa))
<BR><BR>[Stack]<UL><LI>Max Depth = 24<LI>Call Chain = ExecutaTarefa
</UL>
<BR>[Called By]<UL><LI><a href="#[26]">&gt;&gt;</a>&nbsp;&nbsp;&nbsp;main
</UL>

<P><STRONG><a name="[32]"></a>HAL_ADC_ConfigChannel</STRONG> (Thumb, 284 bytes, Stack size 24 bytes, stm32f0xx_hal_adc.o(i.HAL_ADC_ConfigChannel))
<BR><BR>[Stack]<UL><LI>Max Depth = 36<LI>Call Chain = HAL_ADC_ConfigChannel &rArr; __aeabi_uidivmod
</UL>
<BR>[Calls]<UL><LI><a href="#[33]">&gt;&gt;</a>&nbsp;&nbsp;&nbsp;__aeabi_uidivmod
</UL>
<BR>[Called By]<UL><LI><a href="#[61]">&gt;&gt;</a>&nbsp;&nbsp;&nbsp;MX_ADC_Init
</UL>

<P><STRONG><a name="[34]"></a>HAL_ADC_Init</STRONG> (Thumb, 364 bytes, Stack size 24 bytes, stm32f0xx_hal_adc.o(i.HAL_ADC_Init))
<BR><BR>[Stack]<UL><LI>Max Depth = 80<LI>Call Chain = HAL_ADC_Init &rArr; HAL_ADC_MspInit &rArr; HAL_GPIO_Init
</UL>
<BR>[Calls]<UL><LI><a href="#[35]">&gt;&gt;</a>&nbsp;&nbsp;&nbsp;HAL_ADC_MspInit
</UL>
<BR>[Called By]<UL><LI><a href="#[61]">&gt;&gt;</a>&nbsp;&nbsp;&nbsp;MX_ADC_Init
</UL>

<P><STRONG><a name="[35]"></a>HAL_ADC_MspInit</STRONG> (Thumb, 54 bytes, Stack size 32 bytes, adc.o(i.HAL_ADC_MspInit))
<BR><BR>[Stack]<UL><LI>Max Depth = 56<LI>Call Chain = HAL_ADC_MspInit &rArr; HAL_GPIO_Init
</UL>
<BR>[Calls]<UL><LI><a href="#[36]">&gt;&gt;</a>&nbsp;&nbsp;&nbsp;HAL_GPIO_Init
</UL>
<BR>[Called By]<UL><LI><a href="#[34]">&gt;&gt;</a>&nbsp;&nbsp;&nbsp;HAL_ADC_Init
</UL>

<P><STRONG><a name="[36]"></a>HAL_GPIO_Init</STRONG> (Thumb, 314 bytes, Stack size 24 bytes, stm32f0xx_hal_gpio.o(i.HAL_GPIO_Init))
<BR><BR>[Stack]<UL><LI>Max Depth = 24<LI>Call Chain = HAL_GPIO_Init
</UL>
<BR>[Called By]<UL><LI><a href="#[35]">&gt;&gt;</a>&nbsp;&nbsp;&nbsp;HAL_ADC_MspInit
<LI><a href="#[62]">&gt;&gt;</a>&nbsp;&nbsp;&nbsp;MX_GPIO_Init
<LI><a href="#[5d]">&gt;&gt;</a>&nbsp;&nbsp;&nbsp;HAL_UART_MspInit
</UL>

<P><STRONG><a name="[6b]"></a>HAL_GPIO_TogglePin</STRONG> (Thumb, 8 bytes, Stack size 0 bytes, stm32f0xx_hal_gpio.o(i.HAL_GPIO_TogglePin))
<BR><BR>[Called By]<UL><LI><a href="#[2c]">&gt;&gt;</a>&nbsp;&nbsp;&nbsp;Tarefa4
<LI><a href="#[2b]">&gt;&gt;</a>&nbsp;&nbsp;&nbsp;Tarefa3
<LI><a href="#[2a]">&gt;&gt;</a>&nbsp;&nbsp;&nbsp;Tarefa2
<LI><a href="#[29]">&gt;&gt;</a>&nbsp;&nbsp;&nbsp;Tarefa1
</UL>

<P><STRONG><a name="[63]"></a>HAL_GPIO_WritePin</STRONG> (Thumb, 12 bytes, Stack size 0 bytes, stm32f0xx_hal_gpio.o(i.HAL_GPIO_WritePin))
<BR><BR>[Called By]<UL><LI><a href="#[62]">&gt;&gt;</a>&nbsp;&nbsp;&nbsp;MX_GPIO_Init
</UL>

<P><STRONG><a name="[3f]"></a>HAL_GetTick</STRONG> (Thumb, 6 bytes, Stack size 0 bytes, stm32f0xx_hal.o(i.HAL_GetTick))
<BR><BR>[Called By]<UL><LI><a href="#[3e]">&gt;&gt;</a>&nbsp;&nbsp;&nbsp;HAL_RCCEx_PeriphCLKConfig
<LI><a href="#[6c]">&gt;&gt;</a>&nbsp;&nbsp;&nbsp;UART_WaitOnFlagUntilTimeout
<LI><a href="#[42]">&gt;&gt;</a>&nbsp;&nbsp;&nbsp;HAL_RCC_OscConfig
<LI><a href="#[40]">&gt;&gt;</a>&nbsp;&nbsp;&nbsp;HAL_RCC_ClockConfig
</UL>

<P><STRONG><a name="[68]"></a>HAL_IncTick</STRONG> (Thumb, 10 bytes, Stack size 0 bytes, stm32f0xx_hal.o(i.HAL_IncTick))
<BR><BR>[Called By]<UL><LI><a href="#[5]">&gt;&gt;</a>&nbsp;&nbsp;&nbsp;SysTick_Handler
</UL>

<P><STRONG><a name="[37]"></a>HAL_Init</STRONG> (Thumb, 26 bytes, Stack size 8 bytes, stm32f0xx_hal.o(i.HAL_Init))
<BR><BR>[Stack]<UL><LI>Max Depth = 28<LI>Call Chain = HAL_Init &rArr; HAL_InitTick &rArr; __aeabi_uidivmod
</UL>
<BR>[Calls]<UL><LI><a href="#[38]">&gt;&gt;</a>&nbsp;&nbsp;&nbsp;HAL_InitTick
<LI><a href="#[39]">&gt;&gt;</a>&nbsp;&nbsp;&nbsp;HAL_MspInit
</UL>
<BR>[Called By]<UL><LI><a href="#[26]">&gt;&gt;</a>&nbsp;&nbsp;&nbsp;main
</UL>

<P><STRONG><a name="[38]"></a>HAL_InitTick</STRONG> (Thumb, 34 bytes, Stack size 8 bytes, stm32f0xx_hal.o(i.HAL_InitTick))
<BR><BR>[Stack]<UL><LI>Max Depth = 20<LI>Call Chain = HAL_InitTick &rArr; __aeabi_uidivmod
</UL>
<BR>[Calls]<UL><LI><a href="#[3b]">&gt;&gt;</a>&nbsp;&nbsp;&nbsp;HAL_SYSTICK_Config
<LI><a href="#[3c]">&gt;&gt;</a>&nbsp;&nbsp;&nbsp;HAL_NVIC_SetPriority
<LI><a href="#[3a]">&gt;&gt;</a>&nbsp;&nbsp;&nbsp;HAL_RCC_GetHCLKFreq
<LI><a href="#[33]">&gt;&gt;</a>&nbsp;&nbsp;&nbsp;__aeabi_uidivmod
</UL>
<BR>[Called By]<UL><LI><a href="#[37]">&gt;&gt;</a>&nbsp;&nbsp;&nbsp;HAL_Init
<LI><a href="#[40]">&gt;&gt;</a>&nbsp;&nbsp;&nbsp;HAL_RCC_ClockConfig
</UL>

<P><STRONG><a name="[39]"></a>HAL_MspInit</STRONG> (Thumb, 50 bytes, Stack size 8 bytes, stm32f0xx_hal_msp.o(i.HAL_MspInit))
<BR><BR>[Stack]<UL><LI>Max Depth = 16<LI>Call Chain = HAL_MspInit &rArr; HAL_NVIC_SetPriority
</UL>
<BR>[Calls]<UL><LI><a href="#[3c]">&gt;&gt;</a>&nbsp;&nbsp;&nbsp;HAL_NVIC_SetPriority
</UL>
<BR>[Called By]<UL><LI><a href="#[37]">&gt;&gt;</a>&nbsp;&nbsp;&nbsp;HAL_Init
</UL>

<P><STRONG><a name="[48]"></a>HAL_NVIC_EnableIRQ</STRONG> (Thumb, 14 bytes, Stack size 0 bytes, stm32f0xx_hal_cortex.o(i.HAL_NVIC_EnableIRQ))
<BR><BR>[Called By]<UL><LI><a href="#[46]">&gt;&gt;</a>&nbsp;&nbsp;&nbsp;HAL_TIM_Base_MspInit
<LI><a href="#[5d]">&gt;&gt;</a>&nbsp;&nbsp;&nbsp;HAL_UART_MspInit
</UL>

<P><STRONG><a name="[3c]"></a>HAL_NVIC_SetPriority</STRONG> (Thumb, 8 bytes, Stack size 8 bytes, stm32f0xx_hal_cortex.o(i.HAL_NVIC_SetPriority))
<BR><BR>[Stack]<UL><LI>Max Depth = 8<LI>Call Chain = HAL_NVIC_SetPriority
</UL>
<BR>[Calls]<UL><LI><a href="#[3d]">&gt;&gt;</a>&nbsp;&nbsp;&nbsp;NVIC_SetPriority
</UL>
<BR>[Called By]<UL><LI><a href="#[38]">&gt;&gt;</a>&nbsp;&nbsp;&nbsp;HAL_InitTick
<LI><a href="#[46]">&gt;&gt;</a>&nbsp;&nbsp;&nbsp;HAL_TIM_Base_MspInit
<LI><a href="#[69]">&gt;&gt;</a>&nbsp;&nbsp;&nbsp;SystemClock_Config
<LI><a href="#[5d]">&gt;&gt;</a>&nbsp;&nbsp;&nbsp;HAL_UART_MspInit
<LI><a href="#[39]">&gt;&gt;</a>&nbsp;&nbsp;&nbsp;HAL_MspInit
</UL>

<P><STRONG><a name="[3e]"></a>HAL_RCCEx_PeriphCLKConfig</STRONG> (Thumb, 274 bytes, Stack size 24 bytes, stm32f0xx_hal_rcc_ex.o(i.HAL_RCCEx_PeriphCLKConfig))
<BR><BR>[Stack]<UL><LI>Max Depth = 24<LI>Call Chain = HAL_RCCEx_PeriphCLKConfig
</UL>
<BR>[Calls]<UL><LI><a href="#[3f]">&gt;&gt;</a>&nbsp;&nbsp;&nbsp;HAL_GetTick
</UL>
<BR>[Called By]<UL><LI><a href="#[69]">&gt;&gt;</a>&nbsp;&nbsp;&nbsp;SystemClock_Config
</UL>

<P><STRONG><a name="[40]"></a>HAL_RCC_ClockConfig</STRONG> (Thumb, 320 bytes, Stack size 24 bytes, stm32f0xx_hal_rcc.o(i.HAL_RCC_ClockConfig))
<BR><BR>[Stack]<UL><LI>Max Depth = 84<LI>Call Chain = HAL_RCC_ClockConfig &rArr; HAL_RCC_GetSysClockFreq &rArr; __aeabi_uidivmod
</UL>
<BR>[Calls]<UL><LI><a href="#[41]">&gt;&gt;</a>&nbsp;&nbsp;&nbsp;HAL_RCC_GetSysClockFreq
<LI><a href="#[3f]">&gt;&gt;</a>&nbsp;&nbsp;&nbsp;HAL_GetTick
<LI><a href="#[38]">&gt;&gt;</a>&nbsp;&nbsp;&nbsp;HAL_InitTick
</UL>
<BR>[Called By]<UL><LI><a href="#[69]">&gt;&gt;</a>&nbsp;&nbsp;&nbsp;SystemClock_Config
</UL>

<P><STRONG><a name="[3a]"></a>HAL_RCC_GetHCLKFreq</STRONG> (Thumb, 6 bytes, Stack size 0 bytes, stm32f0xx_hal_rcc.o(i.HAL_RCC_GetHCLKFreq))
<BR><BR>[Called By]<UL><LI><a href="#[38]">&gt;&gt;</a>&nbsp;&nbsp;&nbsp;HAL_InitTick
<LI><a href="#[69]">&gt;&gt;</a>&nbsp;&nbsp;&nbsp;SystemClock_Config
</UL>

<P><STRONG><a name="[6f]"></a>HAL_RCC_GetPCLK1Freq</STRONG> (Thumb, 20 bytes, Stack size 0 bytes, stm32f0xx_hal_rcc.o(i.HAL_RCC_GetPCLK1Freq))
<BR><BR>[Called By]<UL><LI><a href="#[5e]">&gt;&gt;</a>&nbsp;&nbsp;&nbsp;UART_SetConfig
</UL>

<P><STRONG><a name="[41]"></a>HAL_RCC_GetSysClockFreq</STRONG> (Thumb, 90 bytes, Stack size 48 bytes, stm32f0xx_hal_rcc.o(i.HAL_RCC_GetSysClockFreq))
<BR><BR>[Stack]<UL><LI>Max Depth = 60<LI>Call Chain = HAL_RCC_GetSysClockFreq &rArr; __aeabi_uidivmod
</UL>
<BR>[Calls]<UL><LI><a href="#[33]">&gt;&gt;</a>&nbsp;&nbsp;&nbsp;__aeabi_uidivmod
</UL>
<BR>[Called By]<UL><LI><a href="#[5e]">&gt;&gt;</a>&nbsp;&nbsp;&nbsp;UART_SetConfig
<LI><a href="#[40]">&gt;&gt;</a>&nbsp;&nbsp;&nbsp;HAL_RCC_ClockConfig
</UL>

<P><STRONG><a name="[42]"></a>HAL_RCC_OscConfig</STRONG> (Thumb, 966 bytes, Stack size 32 bytes, stm32f0xx_hal_rcc.o(i.HAL_RCC_OscConfig))
<BR><BR>[Stack]<UL><LI>Max Depth = 32<LI>Call Chain = HAL_RCC_OscConfig
</UL>
<BR>[Calls]<UL><LI><a href="#[3f]">&gt;&gt;</a>&nbsp;&nbsp;&nbsp;HAL_GetTick
</UL>
<BR>[Called By]<UL><LI><a href="#[69]">&gt;&gt;</a>&nbsp;&nbsp;&nbsp;SystemClock_Config
</UL>

<P><STRONG><a name="[6a]"></a>HAL_SYSTICK_CLKSourceConfig</STRONG> (Thumb, 20 bytes, Stack size 0 bytes, stm32f0xx_hal_cortex.o(i.HAL_SYSTICK_CLKSourceConfig))
<BR><BR>[Called By]<UL><LI><a href="#[69]">&gt;&gt;</a>&nbsp;&nbsp;&nbsp;SystemClock_Config
</UL>

<P><STRONG><a name="[44]"></a>HAL_SYSTICK_Callback</STRONG> (Thumb, 2 bytes, Stack size 0 bytes, stm32f0xx_hal_cortex.o(i.HAL_SYSTICK_Callback))
<BR><BR>[Called By]<UL><LI><a href="#[43]">&gt;&gt;</a>&nbsp;&nbsp;&nbsp;HAL_SYSTICK_IRQHandler
</UL>

<P><STRONG><a name="[3b]"></a>HAL_SYSTICK_Config</STRONG> (Thumb, 38 bytes, Stack size 8 bytes, stm32f0xx_hal_cortex.o(i.HAL_SYSTICK_Config))
<BR><BR>[Stack]<UL><LI>Max Depth = 8<LI>Call Chain = HAL_SYSTICK_Config
</UL>
<BR>[Calls]<UL><LI><a href="#[3d]">&gt;&gt;</a>&nbsp;&nbsp;&nbsp;NVIC_SetPriority
</UL>
<BR>[Called By]<UL><LI><a href="#[38]">&gt;&gt;</a>&nbsp;&nbsp;&nbsp;HAL_InitTick
<LI><a href="#[69]">&gt;&gt;</a>&nbsp;&nbsp;&nbsp;SystemClock_Config
</UL>

<P><STRONG><a name="[43]"></a>HAL_SYSTICK_IRQHandler</STRONG> (Thumb, 8 bytes, Stack size 8 bytes, stm32f0xx_hal_cortex.o(i.HAL_SYSTICK_IRQHandler))
<BR><BR>[Stack]<UL><LI>Max Depth = 8<LI>Call Chain = HAL_SYSTICK_IRQHandler
</UL>
<BR>[Calls]<UL><LI><a href="#[44]">&gt;&gt;</a>&nbsp;&nbsp;&nbsp;HAL_SYSTICK_Callback
</UL>
<BR>[Called By]<UL><LI><a href="#[5]">&gt;&gt;</a>&nbsp;&nbsp;&nbsp;SysTick_Handler
</UL>

<P><STRONG><a name="[53]"></a>HAL_TIMEx_BreakCallback</STRONG> (Thumb, 2 bytes, Stack size 0 bytes, stm32f0xx_hal_tim_ex.o(i.HAL_TIMEx_BreakCallback))
<BR><BR>[Called By]<UL><LI><a href="#[4e]">&gt;&gt;</a>&nbsp;&nbsp;&nbsp;HAL_TIM_IRQHandler
</UL>

<P><STRONG><a name="[55]"></a>HAL_TIMEx_CommutationCallback</STRONG> (Thumb, 2 bytes, Stack size 0 bytes, stm32f0xx_hal_tim_ex.o(i.HAL_TIMEx_CommutationCallback))
<BR><BR>[Called By]<UL><LI><a href="#[4e]">&gt;&gt;</a>&nbsp;&nbsp;&nbsp;HAL_TIM_IRQHandler
</UL>

<P><STRONG><a name="[65]"></a>HAL_TIMEx_MasterConfigSynchronization</STRONG> (Thumb, 72 bytes, Stack size 16 bytes, stm32f0xx_hal_tim_ex.o(i.HAL_TIMEx_MasterConfigSynchronization))
<BR><BR>[Stack]<UL><LI>Max Depth = 16<LI>Call Chain = HAL_TIMEx_MasterConfigSynchronization
</UL>
<BR>[Called By]<UL><LI><a href="#[64]">&gt;&gt;</a>&nbsp;&nbsp;&nbsp;MX_TIM3_Init
</UL>

<P><STRONG><a name="[45]"></a>HAL_TIM_Base_Init</STRONG> (Thumb, 52 bytes, Stack size 16 bytes, stm32f0xx_hal_tim.o(i.HAL_TIM_Base_Init))
<BR><BR>[Stack]<UL><LI>Max Depth = 36<LI>Call Chain = HAL_TIM_Base_Init &rArr; TIM_Base_SetConfig
</UL>
<BR>[Calls]<UL><LI><a href="#[47]">&gt;&gt;</a>&nbsp;&nbsp;&nbsp;TIM_Base_SetConfig
<LI><a href="#[46]">&gt;&gt;</a>&nbsp;&nbsp;&nbsp;HAL_TIM_Base_MspInit
</UL>
<BR>[Called By]<UL><LI><a href="#[64]">&gt;&gt;</a>&nbsp;&nbsp;&nbsp;MX_TIM3_Init
</UL>

<P><STRONG><a name="[46]"></a>HAL_TIM_Base_MspInit</STRONG> (Thumb, 44 bytes, Stack size 8 bytes, tim.o(i.HAL_TIM_Base_MspInit))
<BR><BR>[Stack]<UL><LI>Max Depth = 16<LI>Call Chain = HAL_TIM_Base_MspInit &rArr; HAL_NVIC_SetPriority
</UL>
<BR>[Calls]<UL><LI><a href="#[3c]">&gt;&gt;</a>&nbsp;&nbsp;&nbsp;HAL_NVIC_SetPriority
<LI><a href="#[48]">&gt;&gt;</a>&nbsp;&nbsp;&nbsp;HAL_NVIC_EnableIRQ
</UL>
<BR>[Called By]<UL><LI><a href="#[45]">&gt;&gt;</a>&nbsp;&nbsp;&nbsp;HAL_TIM_Base_Init
</UL>

<P><STRONG><a name="[71]"></a>HAL_TIM_Base_Start_IT</STRONG> (Thumb, 22 bytes, Stack size 0 bytes, stm32f0xx_hal_tim.o(i.HAL_TIM_Base_Start_IT))
<BR><BR>[Called By]<UL><LI><a href="#[26]">&gt;&gt;</a>&nbsp;&nbsp;&nbsp;main
</UL>

<P><STRONG><a name="[49]"></a>HAL_TIM_ConfigClockSource</STRONG> (Thumb, 238 bytes, Stack size 24 bytes, stm32f0xx_hal_tim.o(i.HAL_TIM_ConfigClockSource))
<BR><BR>[Stack]<UL><LI>Max Depth = 36<LI>Call Chain = HAL_TIM_ConfigClockSource &rArr; TIM_ETR_SetConfig
</UL>
<BR>[Calls]<UL><LI><a href="#[4a]">&gt;&gt;</a>&nbsp;&nbsp;&nbsp;TIM_ETR_SetConfig
<LI><a href="#[4c]">&gt;&gt;</a>&nbsp;&nbsp;&nbsp;TIM_TI2_ConfigInputStage
<LI><a href="#[4b]">&gt;&gt;</a>&nbsp;&nbsp;&nbsp;TIM_TI1_ConfigInputStage
<LI><a href="#[4d]">&gt;&gt;</a>&nbsp;&nbsp;&nbsp;TIM_ITRx_SetConfig
</UL>
<BR>[Called By]<UL><LI><a href="#[64]">&gt;&gt;</a>&nbsp;&nbsp;&nbsp;MX_TIM3_Init
</UL>

<P><STRONG><a name="[4f]"></a>HAL_TIM_IC_CaptureCallback</STRONG> (Thumb, 2 bytes, Stack size 0 bytes, stm32f0xx_hal_tim.o(i.HAL_TIM_IC_CaptureCallback))
<BR><BR>[Called By]<UL><LI><a href="#[4e]">&gt;&gt;</a>&nbsp;&nbsp;&nbsp;HAL_TIM_IRQHandler
</UL>

<P><STRONG><a name="[4e]"></a>HAL_TIM_IRQHandler</STRONG> (Thumb, 354 bytes, Stack size 16 bytes, stm32f0xx_hal_tim.o(i.HAL_TIM_IRQHandler))
<BR><BR>[Stack]<UL><LI>Max Depth = 16<LI>Call Chain = HAL_TIM_IRQHandler
</UL>
<BR>[Calls]<UL><LI><a href="#[55]">&gt;&gt;</a>&nbsp;&nbsp;&nbsp;HAL_TIMEx_CommutationCallback
<LI><a href="#[53]">&gt;&gt;</a>&nbsp;&nbsp;&nbsp;HAL_TIMEx_BreakCallback
<LI><a href="#[54]">&gt;&gt;</a>&nbsp;&nbsp;&nbsp;HAL_TIM_TriggerCallback
<LI><a href="#[51]">&gt;&gt;</a>&nbsp;&nbsp;&nbsp;HAL_TIM_PWM_PulseFinishedCallback
<LI><a href="#[50]">&gt;&gt;</a>&nbsp;&nbsp;&nbsp;HAL_TIM_OC_DelayElapsedCallback
<LI><a href="#[4f]">&gt;&gt;</a>&nbsp;&nbsp;&nbsp;HAL_TIM_IC_CaptureCallback
<LI><a href="#[52]">&gt;&gt;</a>&nbsp;&nbsp;&nbsp;HAL_TIM_PeriodElapsedCallback
</UL>
<BR>[Called By]<UL><LI><a href="#[16]">&gt;&gt;</a>&nbsp;&nbsp;&nbsp;TIM3_IRQHandler
</UL>

<P><STRONG><a name="[50]"></a>HAL_TIM_OC_DelayElapsedCallback</STRONG> (Thumb, 2 bytes, Stack size 0 bytes, stm32f0xx_hal_tim.o(i.HAL_TIM_OC_DelayElapsedCallback))
<BR><BR>[Called By]<UL><LI><a href="#[4e]">&gt;&gt;</a>&nbsp;&nbsp;&nbsp;HAL_TIM_IRQHandler
</UL>

<P><STRONG><a name="[51]"></a>HAL_TIM_PWM_PulseFinishedCallback</STRONG> (Thumb, 2 bytes, Stack size 0 bytes, stm32f0xx_hal_tim.o(i.HAL_TIM_PWM_PulseFinishedCallback))
<BR><BR>[Called By]<UL><LI><a href="#[4e]">&gt;&gt;</a>&nbsp;&nbsp;&nbsp;HAL_TIM_IRQHandler
</UL>

<P><STRONG><a name="[52]"></a>HAL_TIM_PeriodElapsedCallback</STRONG> (Thumb, 58 bytes, Stack size 0 bytes, main.o(i.HAL_TIM_PeriodElapsedCallback))
<BR><BR>[Called By]<UL><LI><a href="#[4e]">&gt;&gt;</a>&nbsp;&nbsp;&nbsp;HAL_TIM_IRQHandler
</UL>

<P><STRONG><a name="[54]"></a>HAL_TIM_TriggerCallback</STRONG> (Thumb, 2 bytes, Stack size 0 bytes, stm32f0xx_hal_tim.o(i.HAL_TIM_TriggerCallback))
<BR><BR>[Called By]<UL><LI><a href="#[4e]">&gt;&gt;</a>&nbsp;&nbsp;&nbsp;HAL_TIM_IRQHandler
</UL>

<P><STRONG><a name="[57]"></a>HAL_UARTEx_WakeupCallback</STRONG> (Thumb, 2 bytes, Stack size 0 bytes, stm32f0xx_hal_uart_ex.o(i.HAL_UARTEx_WakeupCallback))
<BR><BR>[Called By]<UL><LI><a href="#[56]">&gt;&gt;</a>&nbsp;&nbsp;&nbsp;HAL_UART_IRQHandler
</UL>

<P><STRONG><a name="[5b]"></a>HAL_UART_ErrorCallback</STRONG> (Thumb, 2 bytes, Stack size 0 bytes, stm32f0xx_hal_uart.o(i.HAL_UART_ErrorCallback))
<BR><BR>[Called By]<UL><LI><a href="#[56]">&gt;&gt;</a>&nbsp;&nbsp;&nbsp;HAL_UART_IRQHandler
</UL>

<P><STRONG><a name="[56]"></a>HAL_UART_IRQHandler</STRONG> (Thumb, 216 bytes, Stack size 16 bytes, stm32f0xx_hal_uart.o(i.HAL_UART_IRQHandler))
<BR><BR>[Stack]<UL><LI>Max Depth = 32<LI>Call Chain = HAL_UART_IRQHandler &rArr; UART_Receive_IT
</UL>
<BR>[Calls]<UL><LI><a href="#[5b]">&gt;&gt;</a>&nbsp;&nbsp;&nbsp;HAL_UART_ErrorCallback
<LI><a href="#[59]">&gt;&gt;</a>&nbsp;&nbsp;&nbsp;UART_Transmit_IT
<LI><a href="#[58]">&gt;&gt;</a>&nbsp;&nbsp;&nbsp;UART_Receive_IT
<LI><a href="#[5a]">&gt;&gt;</a>&nbsp;&nbsp;&nbsp;UART_EndTransmit_IT
<LI><a href="#[57]">&gt;&gt;</a>&nbsp;&nbsp;&nbsp;HAL_UARTEx_WakeupCallback
</UL>
<BR>[Called By]<UL><LI><a href="#[23]">&gt;&gt;</a>&nbsp;&nbsp;&nbsp;USART3_4_IRQHandler
<LI><a href="#[21]">&gt;&gt;</a>&nbsp;&nbsp;&nbsp;USART1_IRQHandler
</UL>

<P><STRONG><a name="[5c]"></a>HAL_UART_Init</STRONG> (Thumb, 108 bytes, Stack size 16 bytes, stm32f0xx_hal_uart.o(i.HAL_UART_Init))
<BR><BR>[Stack]<UL><LI>Max Depth = 100<LI>Call Chain = HAL_UART_Init &rArr; UART_SetConfig &rArr; HAL_RCC_GetSysClockFreq &rArr; __aeabi_uidivmod
</UL>
<BR>[Calls]<UL><LI><a href="#[5e]">&gt;&gt;</a>&nbsp;&nbsp;&nbsp;UART_SetConfig
<LI><a href="#[60]">&gt;&gt;</a>&nbsp;&nbsp;&nbsp;UART_CheckIdleState
<LI><a href="#[5f]">&gt;&gt;</a>&nbsp;&nbsp;&nbsp;UART_AdvFeatureConfig
<LI><a href="#[5d]">&gt;&gt;</a>&nbsp;&nbsp;&nbsp;HAL_UART_MspInit
</UL>
<BR>[Called By]<UL><LI><a href="#[67]">&gt;&gt;</a>&nbsp;&nbsp;&nbsp;MX_USART3_UART_Init
<LI><a href="#[66]">&gt;&gt;</a>&nbsp;&nbsp;&nbsp;MX_USART1_UART_Init
</UL>

<P><STRONG><a name="[5d]"></a>HAL_UART_MspInit</STRONG> (Thumb, 134 bytes, Stack size 40 bytes, usart.o(i.HAL_UART_MspInit))
<BR><BR>[Stack]<UL><LI>Max Depth = 64<LI>Call Chain = HAL_UART_MspInit &rArr; HAL_GPIO_Init
</UL>
<BR>[Calls]<UL><LI><a href="#[3c]">&gt;&gt;</a>&nbsp;&nbsp;&nbsp;HAL_NVIC_SetPriority
<LI><a href="#[48]">&gt;&gt;</a>&nbsp;&nbsp;&nbsp;HAL_NVIC_EnableIRQ
<LI><a href="#[36]">&gt;&gt;</a>&nbsp;&nbsp;&nbsp;HAL_GPIO_Init
</UL>
<BR>[Called By]<UL><LI><a href="#[5c]">&gt;&gt;</a>&nbsp;&nbsp;&nbsp;HAL_UART_Init
</UL>

<P><STRONG><a name="[6e]"></a>HAL_UART_RxCpltCallback</STRONG> (Thumb, 2 bytes, Stack size 0 bytes, stm32f0xx_hal_uart.o(i.HAL_UART_RxCpltCallback))
<BR><BR>[Called By]<UL><LI><a href="#[58]">&gt;&gt;</a>&nbsp;&nbsp;&nbsp;UART_Receive_IT
</UL>

<P><STRONG><a name="[6d]"></a>HAL_UART_TxCpltCallback</STRONG> (Thumb, 2 bytes, Stack size 0 bytes, stm32f0xx_hal_uart.o(i.HAL_UART_TxCpltCallback))
<BR><BR>[Called By]<UL><LI><a href="#[5a]">&gt;&gt;</a>&nbsp;&nbsp;&nbsp;UART_EndTransmit_IT
</UL>

<P><STRONG><a name="[70]"></a>IniciaGerenciadorTarefas</STRONG> (Thumb, 56 bytes, Stack size 12 bytes, gerenciadortarefas.o(i.IniciaGerenciadorTarefas))
<BR><BR>[Stack]<UL><LI>Max Depth = 12<LI>Call Chain = IniciaGerenciadorTarefas
</UL>
<BR>[Called By]<UL><LI><a href="#[26]">&gt;&gt;</a>&nbsp;&nbsp;&nbsp;main
</UL>

<P><STRONG><a name="[61]"></a>MX_ADC_Init</STRONG> (Thumb, 80 bytes, Stack size 24 bytes, adc.o(i.MX_ADC_Init))
<BR><BR>[Stack]<UL><LI>Max Depth = 104<LI>Call Chain = MX_ADC_Init &rArr; HAL_ADC_Init &rArr; HAL_ADC_MspInit &rArr; HAL_GPIO_Init
</UL>
<BR>[Calls]<UL><LI><a href="#[31]">&gt;&gt;</a>&nbsp;&nbsp;&nbsp;Error_Handler
<LI><a href="#[34]">&gt;&gt;</a>&nbsp;&nbsp;&nbsp;HAL_ADC_Init
<LI><a href="#[32]">&gt;&gt;</a>&nbsp;&nbsp;&nbsp;HAL_ADC_ConfigChannel
</UL>
<BR>[Called By]<UL><LI><a href="#[26]">&gt;&gt;</a>&nbsp;&nbsp;&nbsp;main
</UL>

<P><STRONG><a name="[62]"></a>MX_GPIO_Init</STRONG> (Thumb, 256 bytes, Stack size 48 bytes, gpio.o(i.MX_GPIO_Init))
<BR><BR>[Stack]<UL><LI>Max Depth = 72<LI>Call Chain = MX_GPIO_Init &rArr; HAL_GPIO_Init
</UL>
<BR>[Calls]<UL><LI><a href="#[36]">&gt;&gt;</a>&nbsp;&nbsp;&nbsp;HAL_GPIO_Init
<LI><a href="#[63]">&gt;&gt;</a>&nbsp;&nbsp;&nbsp;HAL_GPIO_WritePin
</UL>
<BR>[Called By]<UL><LI><a href="#[26]">&gt;&gt;</a>&nbsp;&nbsp;&nbsp;main
</UL>

<P><STRONG><a name="[64]"></a>MX_TIM3_Init</STRONG> (Thumb, 82 bytes, Stack size 32 bytes, tim.o(i.MX_TIM3_Init))
<BR><BR>[Stack]<UL><LI>Max Depth = 68<LI>Call Chain = MX_TIM3_Init &rArr; HAL_TIM_ConfigClockSource &rArr; TIM_ETR_SetConfig
</UL>
<BR>[Calls]<UL><LI><a href="#[65]">&gt;&gt;</a>&nbsp;&nbsp;&nbsp;HAL_TIMEx_MasterConfigSynchronization
<LI><a href="#[49]">&gt;&gt;</a>&nbsp;&nbsp;&nbsp;HAL_TIM_ConfigClockSource
<LI><a href="#[45]">&gt;&gt;</a>&nbsp;&nbsp;&nbsp;HAL_TIM_Base_Init
<LI><a href="#[31]">&gt;&gt;</a>&nbsp;&nbsp;&nbsp;Error_Handler
</UL>
<BR>[Called By]<UL><LI><a href="#[26]">&gt;&gt;</a>&nbsp;&nbsp;&nbsp;main
</UL>

<P><STRONG><a name="[66]"></a>MX_USART1_UART_Init</STRONG> (Thumb, 48 bytes, Stack size 8 bytes, usart.o(i.MX_USART1_UART_Init))
<BR><BR>[Stack]<UL><LI>Max Depth = 108<LI>Call Chain = MX_USART1_UART_Init &rArr; HAL_UART_Init &rArr; UART_SetConfig &rArr; HAL_RCC_GetSysClockFreq &rArr; __aeabi_uidivmod
</UL>
<BR>[Calls]<UL><LI><a href="#[5c]">&gt;&gt;</a>&nbsp;&nbsp;&nbsp;HAL_UART_Init
<LI><a href="#[31]">&gt;&gt;</a>&nbsp;&nbsp;&nbsp;Error_Handler
</UL>
<BR>[Called By]<UL><LI><a href="#[26]">&gt;&gt;</a>&nbsp;&nbsp;&nbsp;main
</UL>

<P><STRONG><a name="[67]"></a>MX_USART3_UART_Init</STRONG> (Thumb, 48 bytes, Stack size 8 bytes, usart.o(i.MX_USART3_UART_Init))
<BR><BR>[Stack]<UL><LI>Max Depth = 108<LI>Call Chain = MX_USART3_UART_Init &rArr; HAL_UART_Init &rArr; UART_SetConfig &rArr; HAL_RCC_GetSysClockFreq &rArr; __aeabi_uidivmod
</UL>
<BR>[Calls]<UL><LI><a href="#[5c]">&gt;&gt;</a>&nbsp;&nbsp;&nbsp;HAL_UART_Init
<LI><a href="#[31]">&gt;&gt;</a>&nbsp;&nbsp;&nbsp;Error_Handler
</UL>
<BR>[Called By]<UL><LI><a href="#[26]">&gt;&gt;</a>&nbsp;&nbsp;&nbsp;main
</UL>

<P><STRONG><a name="[5]"></a>SysTick_Handler</STRONG> (Thumb, 12 bytes, Stack size 8 bytes, stm32f0xx_it.o(i.SysTick_Handler))
<BR><BR>[Stack]<UL><LI>Max Depth = 16<LI>Call Chain = SysTick_Handler &rArr; HAL_SYSTICK_IRQHandler
</UL>
<BR>[Calls]<UL><LI><a href="#[43]">&gt;&gt;</a>&nbsp;&nbsp;&nbsp;HAL_SYSTICK_IRQHandler
<LI><a href="#[68]">&gt;&gt;</a>&nbsp;&nbsp;&nbsp;HAL_IncTick
</UL>
<BR>[Address Reference Count : 1]<UL><LI> startup_stm32f072xb.o(RESET)
</UL>
<P><STRONG><a name="[69]"></a>SystemClock_Config</STRONG> (Thumb, 124 bytes, Stack size 112 bytes, main.o(i.SystemClock_Config))
<BR><BR>[Stack]<UL><LI>Max Depth = 196<LI>Call Chain = SystemClock_Config &rArr; HAL_RCC_ClockConfig &rArr; HAL_RCC_GetSysClockFreq &rArr; __aeabi_uidivmod
</UL>
<BR>[Calls]<UL><LI><a href="#[3e]">&gt;&gt;</a>&nbsp;&nbsp;&nbsp;HAL_RCCEx_PeriphCLKConfig
<LI><a href="#[3b]">&gt;&gt;</a>&nbsp;&nbsp;&nbsp;HAL_SYSTICK_Config
<LI><a href="#[6a]">&gt;&gt;</a>&nbsp;&nbsp;&nbsp;HAL_SYSTICK_CLKSourceConfig
<LI><a href="#[3c]">&gt;&gt;</a>&nbsp;&nbsp;&nbsp;HAL_NVIC_SetPriority
<LI><a href="#[42]">&gt;&gt;</a>&nbsp;&nbsp;&nbsp;HAL_RCC_OscConfig
<LI><a href="#[3a]">&gt;&gt;</a>&nbsp;&nbsp;&nbsp;HAL_RCC_GetHCLKFreq
<LI><a href="#[40]">&gt;&gt;</a>&nbsp;&nbsp;&nbsp;HAL_RCC_ClockConfig
<LI><a href="#[33]">&gt;&gt;</a>&nbsp;&nbsp;&nbsp;__aeabi_uidivmod
</UL>
<BR>[Called By]<UL><LI><a href="#[26]">&gt;&gt;</a>&nbsp;&nbsp;&nbsp;main
</UL>

<P><STRONG><a name="[27]"></a>SystemInit</STRONG> (Thumb, 76 bytes, Stack size 0 bytes, system_stm32f0xx.o(i.SystemInit))
<BR>[Address Reference Count : 1]<UL><LI> startup_stm32f072xb.o(.text)
</UL>
<P><STRONG><a name="[16]"></a>TIM3_IRQHandler</STRONG> (Thumb, 10 bytes, Stack size 8 bytes, stm32f0xx_it.o(i.TIM3_IRQHandler))
<BR><BR>[Stack]<UL><LI>Max Depth = 24<LI>Call Chain = TIM3_IRQHandler &rArr; HAL_TIM_IRQHandler
</UL>
<BR>[Calls]<UL><LI><a href="#[4e]">&gt;&gt;</a>&nbsp;&nbsp;&nbsp;HAL_TIM_IRQHandler
</UL>
<BR>[Address Reference Count : 1]<UL><LI> startup_stm32f072xb.o(RESET)
</UL>
<P><STRONG><a name="[47]"></a>TIM_Base_SetConfig</STRONG> (Thumb, 116 bytes, Stack size 20 bytes, stm32f0xx_hal_tim.o(i.TIM_Base_SetConfig))
<BR><BR>[Stack]<UL><LI>Max Depth = 20<LI>Call Chain = TIM_Base_SetConfig
</UL>
<BR>[Called By]<UL><LI><a href="#[45]">&gt;&gt;</a>&nbsp;&nbsp;&nbsp;HAL_TIM_Base_Init
</UL>

<P><STRONG><a name="[4a]"></a>TIM_ETR_SetConfig</STRONG> (Thumb, 22 bytes, Stack size 12 bytes, stm32f0xx_hal_tim.o(i.TIM_ETR_SetConfig))
<BR><BR>[Stack]<UL><LI>Max Depth = 12<LI>Call Chain = TIM_ETR_SetConfig
</UL>
<BR>[Called By]<UL><LI><a href="#[49]">&gt;&gt;</a>&nbsp;&nbsp;&nbsp;HAL_TIM_ConfigClockSource
</UL>

<P><STRONG><a name="[29]"></a>Tarefa1</STRONG> (Thumb, 12 bytes, Stack size 8 bytes, gerenciadortarefas.o(i.Tarefa1))
<BR><BR>[Stack]<UL><LI>Max Depth = 8<LI>Call Chain = Tarefa1
</UL>
<BR>[Calls]<UL><LI><a href="#[6b]">&gt;&gt;</a>&nbsp;&nbsp;&nbsp;HAL_GPIO_TogglePin
</UL>
<BR>[Address Reference Count : 1]<UL><LI> gerenciadortarefas.o(i.IniciaGerenciadorTarefas)
</UL>
<P><STRONG><a name="[2a]"></a>Tarefa2</STRONG> (Thumb, 12 bytes, Stack size 8 bytes, gerenciadortarefas.o(i.Tarefa2))
<BR><BR>[Stack]<UL><LI>Max Depth = 8<LI>Call Chain = Tarefa2
</UL>
<BR>[Calls]<UL><LI><a href="#[6b]">&gt;&gt;</a>&nbsp;&nbsp;&nbsp;HAL_GPIO_TogglePin
</UL>
<BR>[Address Reference Count : 1]<UL><LI> gerenciadortarefas.o(i.IniciaGerenciadorTarefas)
</UL>
<P><STRONG><a name="[2b]"></a>Tarefa3</STRONG> (Thumb, 14 bytes, Stack size 8 bytes, gerenciadortarefas.o(i.Tarefa3))
<BR><BR>[Stack]<UL><LI>Max Depth = 8<LI>Call Chain = Tarefa3
</UL>
<BR>[Calls]<UL><LI><a href="#[6b]">&gt;&gt;</a>&nbsp;&nbsp;&nbsp;HAL_GPIO_TogglePin
</UL>
<BR>[Address Reference Count : 1]<UL><LI> gerenciadortarefas.o(i.IniciaGerenciadorTarefas)
</UL>
<P><STRONG><a name="[2c]"></a>Tarefa4</STRONG> (Thumb, 14 bytes, Stack size 8 bytes, gerenciadortarefas.o(i.Tarefa4))
<BR><BR>[Stack]<UL><LI>Max Depth = 8<LI>Call Chain = Tarefa4
</UL>
<BR>[Calls]<UL><LI><a href="#[6b]">&gt;&gt;</a>&nbsp;&nbsp;&nbsp;HAL_GPIO_TogglePin
</UL>
<BR>[Address Reference Count : 1]<UL><LI> gerenciadortarefas.o(i.IniciaGerenciadorTarefas)
</UL>
<P><STRONG><a name="[2d]"></a>Tarefa5</STRONG> (Thumb, 2 bytes, Stack size 0 bytes, gerenciadortarefas.o(i.Tarefa5))
<BR>[Address Reference Count : 1]<UL><LI> gerenciadortarefas.o(i.IniciaGerenciadorTarefas)
</UL>
<P><STRONG><a name="[5f]"></a>UART_AdvFeatureConfig</STRONG> (Thumb, 202 bytes, Stack size 8 bytes, stm32f0xx_hal_uart.o(i.UART_AdvFeatureConfig))
<BR><BR>[Stack]<UL><LI>Max Depth = 8<LI>Call Chain = UART_AdvFeatureConfig
</UL>
<BR>[Called By]<UL><LI><a href="#[5c]">&gt;&gt;</a>&nbsp;&nbsp;&nbsp;HAL_UART_Init
</UL>

<P><STRONG><a name="[60]"></a>UART_CheckIdleState</STRONG> (Thumb, 92 bytes, Stack size 16 bytes, stm32f0xx_hal_uart.o(i.UART_CheckIdleState))
<BR><BR>[Stack]<UL><LI>Max Depth = 40<LI>Call Chain = UART_CheckIdleState &rArr; UART_WaitOnFlagUntilTimeout
</UL>
<BR>[Calls]<UL><LI><a href="#[6c]">&gt;&gt;</a>&nbsp;&nbsp;&nbsp;UART_WaitOnFlagUntilTimeout
</UL>
<BR>[Called By]<UL><LI><a href="#[5c]">&gt;&gt;</a>&nbsp;&nbsp;&nbsp;HAL_UART_Init
</UL>

<P><STRONG><a name="[5a]"></a>UART_EndTransmit_IT</STRONG> (Thumb, 26 bytes, Stack size 8 bytes, stm32f0xx_hal_uart.o(i.UART_EndTransmit_IT))
<BR><BR>[Stack]<UL><LI>Max Depth = 8<LI>Call Chain = UART_EndTransmit_IT
</UL>
<BR>[Calls]<UL><LI><a href="#[6d]">&gt;&gt;</a>&nbsp;&nbsp;&nbsp;HAL_UART_TxCpltCallback
</UL>
<BR>[Called By]<UL><LI><a href="#[56]">&gt;&gt;</a>&nbsp;&nbsp;&nbsp;HAL_UART_IRQHandler
</UL>

<P><STRONG><a name="[58]"></a>UART_Receive_IT</STRONG> (Thumb, 130 bytes, Stack size 16 bytes, stm32f0xx_hal_uart.o(i.UART_Receive_IT))
<BR><BR>[Stack]<UL><LI>Max Depth = 16<LI>Call Chain = UART_Receive_IT
</UL>
<BR>[Calls]<UL><LI><a href="#[6e]">&gt;&gt;</a>&nbsp;&nbsp;&nbsp;HAL_UART_RxCpltCallback
</UL>
<BR>[Called By]<UL><LI><a href="#[56]">&gt;&gt;</a>&nbsp;&nbsp;&nbsp;HAL_UART_IRQHandler
</UL>

<P><STRONG><a name="[5e]"></a>UART_SetConfig</STRONG> (Thumb, 316 bytes, Stack size 24 bytes, stm32f0xx_hal_uart.o(i.UART_SetConfig))
<BR><BR>[Stack]<UL><LI>Max Depth = 84<LI>Call Chain = UART_SetConfig &rArr; HAL_RCC_GetSysClockFreq &rArr; __aeabi_uidivmod
</UL>
<BR>[Calls]<UL><LI><a href="#[41]">&gt;&gt;</a>&nbsp;&nbsp;&nbsp;HAL_RCC_GetSysClockFreq
<LI><a href="#[6f]">&gt;&gt;</a>&nbsp;&nbsp;&nbsp;HAL_RCC_GetPCLK1Freq
<LI><a href="#[33]">&gt;&gt;</a>&nbsp;&nbsp;&nbsp;__aeabi_uidivmod
</UL>
<BR>[Called By]<UL><LI><a href="#[5c]">&gt;&gt;</a>&nbsp;&nbsp;&nbsp;HAL_UART_Init
</UL>

<P><STRONG><a name="[59]"></a>UART_Transmit_IT</STRONG> (Thumb, 102 bytes, Stack size 0 bytes, stm32f0xx_hal_uart.o(i.UART_Transmit_IT))
<BR><BR>[Called By]<UL><LI><a href="#[56]">&gt;&gt;</a>&nbsp;&nbsp;&nbsp;HAL_UART_IRQHandler
</UL>

<P><STRONG><a name="[6c]"></a>UART_WaitOnFlagUntilTimeout</STRONG> (Thumb, 178 bytes, Stack size 24 bytes, stm32f0xx_hal_uart.o(i.UART_WaitOnFlagUntilTimeout))
<BR><BR>[Stack]<UL><LI>Max Depth = 24<LI>Call Chain = UART_WaitOnFlagUntilTimeout
</UL>
<BR>[Calls]<UL><LI><a href="#[3f]">&gt;&gt;</a>&nbsp;&nbsp;&nbsp;HAL_GetTick
</UL>
<BR>[Called By]<UL><LI><a href="#[60]">&gt;&gt;</a>&nbsp;&nbsp;&nbsp;UART_CheckIdleState
</UL>

<P><STRONG><a name="[21]"></a>USART1_IRQHandler</STRONG> (Thumb, 10 bytes, Stack size 8 bytes, stm32f0xx_it.o(i.USART1_IRQHandler))
<BR><BR>[Stack]<UL><LI>Max Depth = 40<LI>Call Chain = USART1_IRQHandler &rArr; HAL_UART_IRQHandler &rArr; UART_Receive_IT
</UL>
<BR>[Calls]<UL><LI><a href="#[56]">&gt;&gt;</a>&nbsp;&nbsp;&nbsp;HAL_UART_IRQHandler
</UL>
<BR>[Address Reference Count : 1]<UL><LI> startup_stm32f072xb.o(RESET)
</UL>
<P><STRONG><a name="[23]"></a>USART3_4_IRQHandler</STRONG> (Thumb, 10 bytes, Stack size 8 bytes, stm32f0xx_it.o(i.USART3_4_IRQHandler))
<BR><BR>[Stack]<UL><LI>Max Depth = 40<LI>Call Chain = USART3_4_IRQHandler &rArr; HAL_UART_IRQHandler &rArr; UART_Receive_IT
</UL>
<BR>[Calls]<UL><LI><a href="#[56]">&gt;&gt;</a>&nbsp;&nbsp;&nbsp;HAL_UART_IRQHandler
</UL>
<BR>[Address Reference Count : 1]<UL><LI> startup_stm32f072xb.o(RESET)
</UL>
<P><STRONG><a name="[7b]"></a>__scatterload_copy</STRONG> (Thumb, 14 bytes, Stack size unknown bytes, handlers.o(i.__scatterload_copy), UNUSED)

<P><STRONG><a name="[7c]"></a>__scatterload_null</STRONG> (Thumb, 2 bytes, Stack size unknown bytes, handlers.o(i.__scatterload_null), UNUSED)

<P><STRONG><a name="[7d]"></a>__scatterload_zeroinit</STRONG> (Thumb, 14 bytes, Stack size unknown bytes, handlers.o(i.__scatterload_zeroinit), UNUSED)

<P><STRONG><a name="[26]"></a>main</STRONG> (Thumb, 44 bytes, Stack size 0 bytes, main.o(i.main))
<BR><BR>[Stack]<UL><LI>Max Depth = 196<LI>Call Chain = main &rArr; SystemClock_Config &rArr; HAL_RCC_ClockConfig &rArr; HAL_RCC_GetSysClockFreq &rArr; __aeabi_uidivmod
</UL>
<BR>[Calls]<UL><LI><a href="#[37]">&gt;&gt;</a>&nbsp;&nbsp;&nbsp;HAL_Init
<LI><a href="#[71]">&gt;&gt;</a>&nbsp;&nbsp;&nbsp;HAL_TIM_Base_Start_IT
<LI><a href="#[64]">&gt;&gt;</a>&nbsp;&nbsp;&nbsp;MX_TIM3_Init
<LI><a href="#[62]">&gt;&gt;</a>&nbsp;&nbsp;&nbsp;MX_GPIO_Init
<LI><a href="#[61]">&gt;&gt;</a>&nbsp;&nbsp;&nbsp;MX_ADC_Init
<LI><a href="#[70]">&gt;&gt;</a>&nbsp;&nbsp;&nbsp;IniciaGerenciadorTarefas
<LI><a href="#[72]">&gt;&gt;</a>&nbsp;&nbsp;&nbsp;ExecutaTarefa
<LI><a href="#[69]">&gt;&gt;</a>&nbsp;&nbsp;&nbsp;SystemClock_Config
<LI><a href="#[67]">&gt;&gt;</a>&nbsp;&nbsp;&nbsp;MX_USART3_UART_Init
<LI><a href="#[66]">&gt;&gt;</a>&nbsp;&nbsp;&nbsp;MX_USART1_UART_Init
</UL>
<BR>[Address Reference Count : 1]<UL><LI> entry9a.o(.ARM.Collect$$$$0000000B)
</UL><P>
<H3>
Local Symbols
</H3>
<P><STRONG><a name="[3d]"></a>NVIC_SetPriority</STRONG> (Thumb, 60 bytes, Stack size 0 bytes, stm32f0xx_hal_cortex.o(i.NVIC_SetPriority))
<BR><BR>[Called By]<UL><LI><a href="#[3b]">&gt;&gt;</a>&nbsp;&nbsp;&nbsp;HAL_SYSTICK_Config
<LI><a href="#[3c]">&gt;&gt;</a>&nbsp;&nbsp;&nbsp;HAL_NVIC_SetPriority
</UL>

<P><STRONG><a name="[4d]"></a>TIM_ITRx_SetConfig</STRONG> (Thumb, 16 bytes, Stack size 0 bytes, stm32f0xx_hal_tim.o(i.TIM_ITRx_SetConfig))
<BR><BR>[Called By]<UL><LI><a href="#[49]">&gt;&gt;</a>&nbsp;&nbsp;&nbsp;HAL_TIM_ConfigClockSource
</UL>

<P><STRONG><a name="[4b]"></a>TIM_TI1_ConfigInputStage</STRONG> (Thumb, 34 bytes, Stack size 12 bytes, stm32f0xx_hal_tim.o(i.TIM_TI1_ConfigInputStage))
<BR><BR>[Stack]<UL><LI>Max Depth = 12<LI>Call Chain = TIM_TI1_ConfigInputStage
</UL>
<BR>[Called By]<UL><LI><a href="#[49]">&gt;&gt;</a>&nbsp;&nbsp;&nbsp;HAL_TIM_ConfigClockSource
</UL>

<P><STRONG><a name="[4c]"></a>TIM_TI2_ConfigInputStage</STRONG> (Thumb, 38 bytes, Stack size 12 bytes, stm32f0xx_hal_tim.o(i.TIM_TI2_ConfigInputStage))
<BR><BR>[Stack]<UL><LI>Max Depth = 12<LI>Call Chain = TIM_TI2_ConfigInputStage
</UL>
<BR>[Called By]<UL><LI><a href="#[49]">&gt;&gt;</a>&nbsp;&nbsp;&nbsp;HAL_TIM_ConfigClockSource
</UL>
<P>
<H3>
Undefined Global Symbols
</H3><HR></body></html>
