Component: ARM Compiler 5.06 update 4 (build 422) Tool: armlink [4d35d2]

==============================================================================

Section Cross References

    system_stm32f0xx.o(i.SystemCoreClockUpdate) refers to uidiv.o(.text) for __aeabi_uidivmod
    system_stm32f0xx.o(i.SystemCoreClockUpdate) refers to system_stm32f0xx.o(.data) for .data
    system_stm32f0xx.o(i.SystemCoreClockUpdate) refers to system_stm32f0xx.o(.constdata) for .constdata
    stm32f0xx_hal_cortex.o(i.HAL_NVIC_SetPriority) refers to stm32f0xx_hal_cortex.o(i.NVIC_SetPriority) for NVIC_SetPriority
    stm32f0xx_hal_cortex.o(i.HAL_SYSTICK_Config) refers to stm32f0xx_hal_cortex.o(i.NVIC_SetPriority) for NVIC_SetPriority
    stm32f0xx_hal_cortex.o(i.HAL_SYSTICK_IRQHandler) refers to stm32f0xx_hal_cortex.o(i.HAL_SYSTICK_Callback) for HAL_SYSTICK_Callback
    stm32f0xx_hal_pwr_ex.o(i.HAL_PWREx_Vddio2Monitor_IRQHandler) refers to stm32f0xx_hal_pwr_ex.o(i.HAL_PWREx_Vddio2MonitorCallback) for HAL_PWREx_Vddio2MonitorCallback
    stm32f0xx_hal_pwr_ex.o(i.HAL_PWR_PVD_IRQHandler) refers to stm32f0xx_hal_pwr_ex.o(i.HAL_PWR_PVDCallback) for HAL_PWR_PVDCallback
    stm32f0xx_hal_flash_ex.o(i.FLASH_MassErase) refers to stm32f0xx_hal_flash.o(.bss) for pFlash
    stm32f0xx_hal_flash_ex.o(i.FLASH_OB_DisableWRP) refers to stm32f0xx_hal_flash.o(i.FLASH_WaitForLastOperation) for FLASH_WaitForLastOperation
    stm32f0xx_hal_flash_ex.o(i.FLASH_OB_DisableWRP) refers to stm32f0xx_hal_flash_ex.o(i.HAL_FLASHEx_OBErase) for HAL_FLASHEx_OBErase
    stm32f0xx_hal_flash_ex.o(i.FLASH_OB_DisableWRP) refers to stm32f0xx_hal_flash.o(.bss) for pFlash
    stm32f0xx_hal_flash_ex.o(i.FLASH_OB_EnableWRP) refers to stm32f0xx_hal_flash.o(i.FLASH_WaitForLastOperation) for FLASH_WaitForLastOperation
    stm32f0xx_hal_flash_ex.o(i.FLASH_OB_EnableWRP) refers to stm32f0xx_hal_flash_ex.o(i.HAL_FLASHEx_OBErase) for HAL_FLASHEx_OBErase
    stm32f0xx_hal_flash_ex.o(i.FLASH_OB_EnableWRP) refers to stm32f0xx_hal_flash.o(.bss) for pFlash
    stm32f0xx_hal_flash_ex.o(i.FLASH_OB_RDP_LevelConfig) refers to stm32f0xx_hal_flash.o(i.FLASH_WaitForLastOperation) for FLASH_WaitForLastOperation
    stm32f0xx_hal_flash_ex.o(i.FLASH_OB_RDP_LevelConfig) refers to stm32f0xx_hal_flash.o(.bss) for pFlash
    stm32f0xx_hal_flash_ex.o(i.FLASH_PageErase) refers to stm32f0xx_hal_flash.o(.bss) for pFlash
    stm32f0xx_hal_flash_ex.o(i.HAL_FLASHEx_Erase) refers to stm32f0xx_hal_flash.o(i.FLASH_WaitForLastOperation) for FLASH_WaitForLastOperation
    stm32f0xx_hal_flash_ex.o(i.HAL_FLASHEx_Erase) refers to stm32f0xx_hal_flash_ex.o(i.FLASH_MassErase) for FLASH_MassErase
    stm32f0xx_hal_flash_ex.o(i.HAL_FLASHEx_Erase) refers to stm32f0xx_hal_flash_ex.o(i.FLASH_PageErase) for FLASH_PageErase
    stm32f0xx_hal_flash_ex.o(i.HAL_FLASHEx_Erase) refers to stm32f0xx_hal_flash.o(.bss) for pFlash
    stm32f0xx_hal_flash_ex.o(i.HAL_FLASHEx_Erase_IT) refers to stm32f0xx_hal_flash_ex.o(i.FLASH_PageErase) for FLASH_PageErase
    stm32f0xx_hal_flash_ex.o(i.HAL_FLASHEx_Erase_IT) refers to stm32f0xx_hal_flash_ex.o(i.FLASH_MassErase) for FLASH_MassErase
    stm32f0xx_hal_flash_ex.o(i.HAL_FLASHEx_Erase_IT) refers to stm32f0xx_hal_flash.o(.bss) for pFlash
    stm32f0xx_hal_flash_ex.o(i.HAL_FLASHEx_OBErase) refers to stm32f0xx_hal_flash_ex.o(i.FLASH_OB_GetRDP) for FLASH_OB_GetRDP
    stm32f0xx_hal_flash_ex.o(i.HAL_FLASHEx_OBErase) refers to stm32f0xx_hal_flash.o(i.FLASH_WaitForLastOperation) for FLASH_WaitForLastOperation
    stm32f0xx_hal_flash_ex.o(i.HAL_FLASHEx_OBErase) refers to stm32f0xx_hal_flash_ex.o(i.FLASH_OB_RDP_LevelConfig) for FLASH_OB_RDP_LevelConfig
    stm32f0xx_hal_flash_ex.o(i.HAL_FLASHEx_OBErase) refers to stm32f0xx_hal_flash.o(.bss) for pFlash
    stm32f0xx_hal_flash_ex.o(i.HAL_FLASHEx_OBGetConfig) refers to stm32f0xx_hal_flash_ex.o(i.FLASH_OB_GetRDP) for FLASH_OB_GetRDP
    stm32f0xx_hal_flash_ex.o(i.HAL_FLASHEx_OBProgram) refers to stm32f0xx_hal_flash_ex.o(i.FLASH_OB_DisableWRP) for FLASH_OB_DisableWRP
    stm32f0xx_hal_flash_ex.o(i.HAL_FLASHEx_OBProgram) refers to stm32f0xx_hal_flash_ex.o(i.FLASH_OB_EnableWRP) for FLASH_OB_EnableWRP
    stm32f0xx_hal_flash_ex.o(i.HAL_FLASHEx_OBProgram) refers to stm32f0xx_hal_flash_ex.o(i.FLASH_OB_RDP_LevelConfig) for FLASH_OB_RDP_LevelConfig
    stm32f0xx_hal_flash_ex.o(i.HAL_FLASHEx_OBProgram) refers to stm32f0xx_hal_flash.o(i.FLASH_WaitForLastOperation) for FLASH_WaitForLastOperation
    stm32f0xx_hal_flash_ex.o(i.HAL_FLASHEx_OBProgram) refers to stm32f0xx_hal_flash.o(.bss) for pFlash
    stm32f0xx_hal_tim_ex.o(i.HAL_TIMEx_ConfigCommutationEvent_DMA) refers to stm32f0xx_hal_tim_ex.o(i.TIMEx_DMACommutationCplt) for TIMEx_DMACommutationCplt
    stm32f0xx_hal_tim_ex.o(i.HAL_TIMEx_ConfigCommutationEvent_DMA) refers to stm32f0xx_hal_tim.o(i.TIM_DMAError) for TIM_DMAError
[...]
    stm32f0xx_hal_adc.o(i.HAL_ADC_Start) refers to stm32f0xx_hal_adc.o(i.ADC_Enable) for ADC_Enable
    stm32f0xx_hal_adc.o(i.HAL_ADC_Start_DMA) refers to stm32f0xx_hal_adc.o(i.ADC_Enable) for ADC_Enable
    stm32f0xx_hal_adc.o(i.HAL_ADC_Start_DMA) refers to stm32f0xx_hal_dma.o(i.HAL_DMA_Start_IT) for HAL_DMA_Start_IT
    stm32f0xx_hal_adc.o(i.HAL_ADC_Start_DMA) refers to stm32f0xx_hal_adc.o(i.ADC_DMAConvCplt) for ADC_DMAConvCplt
    stm32f0xx_hal_adc.o(i.HAL_ADC_Start_DMA) refers to stm32f0xx_hal_adc.o(i.ADC_DMAHalfConvCplt) for ADC_DMAHalfConvCplt
    stm32f0xx_hal_adc.o(i.HAL_ADC_Start_DMA) refers to stm32f0xx_hal_adc.o(i.ADC_DMAError) for ADC_DMAError
    stm32f0xx_hal_adc.o(i.HAL_ADC_Start_IT) refers to stm32f0xx_hal_adc.o(i.ADC_Enable) for ADC_Enable
    stm32f0xx_hal_adc.o(i.HAL_ADC_Stop) refers to stm32f0xx_hal_adc.o(i.ADC_ConversionStop) for ADC_ConversionStop
    stm32f0xx_hal_adc.o(i.HAL_ADC_Stop) refers to stm32f0xx_hal_adc.o(i.ADC_Disable) for ADC_Disable
    stm32f0xx_hal_adc.o(i.HAL_ADC_Stop_DMA) refers to stm32f0xx_hal_adc.o(i.ADC_ConversionStop) for ADC_ConversionStop
    stm32f0xx_hal_adc.o(i.HAL_ADC_Stop_DMA) refers to stm32f0xx_hal_dma.o(i.HAL_DMA_Abort) for HAL_DMA_Abort
    stm32f0xx_hal_adc.o(i.HAL_ADC_Stop_DMA) refers to stm32f0xx_hal_adc.o(i.ADC_Disable) for ADC_Disable
    stm32f0xx_hal_adc.o(i.HAL_ADC_Stop_IT) refers to stm32f0xx_hal_adc.o(i.ADC_ConversionStop) for ADC_ConversionStop
    stm32f0xx_hal_adc.o(i.HAL_ADC_Stop_IT) refers to stm32f0xx_hal_adc.o(i.ADC_Disable) for ADC_Disable
    stm32f0xx_hal_msp.o(i.HAL_MspInit) refers to stm32f0xx_hal_cortex.o(i.HAL_NVIC_SetPriority) for HAL_NVIC_SetPriority
    stm32f0xx_it.o(i.SysTick_Handler) refers to stm32f0xx_hal.o(i.HAL_IncTick) for HAL_IncTick
    stm32f0xx_it.o(i.SysTick_Handler) refers to stm32f0xx_hal_cortex.o(i.HAL_SYSTICK_IRQHandler) for HAL_SYSTICK_IRQHandler
    stm32f0xx_it.o(i.TIM3_IRQHandler) refers to stm32f0xx_hal_tim.o(i.HAL_TIM_IRQHandler) for HAL_TIM_IRQHandler
    stm32f0xx_it.o(i.TIM3_IRQHandler) refers to tim.o(.bss) for htim3
    stm32f0xx_it.o(i.USART1_IRQHandler) refers to stm32f0xx_hal_uart.o(i.HAL_UART_IRQHandler) for HAL_UART_IRQHandler
    stm32f0xx_it.o(i.USART1_IRQHandler) refers to usart.o(.bss) for huart1
    stm32f0xx_it.o(i.USART3_4_IRQHandler) refers to stm32f0xx_hal_uart.o(i.HAL_UART_IRQHandler) for HAL_UART_IRQHandler
    stm32f0xx_it.o(i.USART3_4_IRQHandler) refers to usart.o(.bss) for huart3
    usart.o(i.HAL_UART_MspDeInit) refers to stm32f0xx_hal_gpio.o(i.HAL_GPIO_DeInit) for HAL_GPIO_DeInit
    usart.o(i.HAL_UART_MspDeInit) refers to stm32f0xx_hal_cortex.o(i.HAL_NVIC_DisableIRQ) for HAL_NVIC_DisableIRQ
    usart.o(i.HAL_UART_MspInit) refers to stm32f0xx_hal_gpio.o(i.HAL_GPIO_Init) for HAL_GPIO_Init
    usart.o(i.HAL_UART_MspInit) refers to stm32f0xx_hal_cortex.o(i.HAL_NVIC_SetPriority) for HAL_NVIC_SetPriority
    usart.o(i.HAL_UART_MspInit) refers to stm32f0xx_hal_cortex.o(i.HAL_NVIC_EnableIRQ) for HAL_NVIC_EnableIRQ
    usart.o(i.MX_USART1_UART_Init) refers to stm32f0xx_hal_uart.o(i.HAL_UART_Init) for HAL_UART_Init
    usart.o(i.MX_USART1_UART_Init) refers to main.o(i.Error_Handler) for Error_Handler
    usart.o(i.MX_USART1_UART_Init) refers to usart.o(.bss) for .bss
    usart.o(i.MX_USART3_UART_Init) refers to stm32f0xx_hal_uart.o(i.HAL_UART_Init) for HAL_UART_Init
    usart.o(i.MX_USART3_UART_Init) refers to main.o(i.Error_Handler) for Error_Handler
    usart.o(i.MX_USART3_UART_Init) refers to usart.o(.bss) for .bss
    main.o(i.HAL_TIM_PeriodElapsedCallback) refers to main.o(.bss) for .bss
    main.o(i.HAL_TIM_PeriodElapsedCallback) refers to main.o(.data) for .data
    main.o(i.SystemClock_Config) refers to stm32f0xx_hal_rcc.o(i.HAL_RCC_OscConfig) for HAL_RCC_OscConfig
    main.o(i.SystemClock_Config) refers to stm32f0xx_hal_rcc.o(i.HAL_RCC_ClockConfig) for HAL_RCC_ClockConfig
    main.o(i.SystemClock_Config) refers to stm32f0xx_hal_rcc_ex.o(i.HAL_RCCEx_PeriphCLKConfig) for HAL_RCCEx_PeriphCLKConfig
    main.o(i.SystemClock_Config) refers to stm32f0xx_hal_rcc.o(i.HAL_RCC_GetHCLKFreq) for HAL_RCC_GetHCLKFreq
    main.o(i.SystemClock_Config) refers to uidiv.o(.text) for __aeabi_uidivmod
    main.o(i.SystemClock_Config) refers to stm32f0xx_hal_cortex.o(i.HAL_SYSTICK_Config) for HAL_SYSTICK_Config
    main.o(i.SystemClock_Config) refers to stm32f0xx_hal_cortex.o(i.HAL_SYSTICK_CLKSourceConfig) for HAL_SYSTICK_CLKSourceConfig
    main.o(i.SystemClock_Config) refers to stm32f0xx_hal_cortex.o(i.HAL_NVIC_SetPriority) for HAL_NVIC_SetPriority
    main.o(i.main) refers to stm32f0xx_hal.o(i.HAL_Init) for HAL_Init
    main.o(i.main) refers to main.o(i.SystemClock_Config) for SystemClock_Config
    main.o(i.main) refers to gpio.o(i.MX_GPIO_Init) for MX_GPIO_Init
    main.o(i.main) refers to tim.o(i.MX_TIM3_Init) for MX_TIM3_Init
    main.o(i.main) refers to usart.o(i.MX_USART1_UART_Init) for MX_USART1_UART_Init
    main.o(i.main) refers to usart.o(i.MX_USART3_UART_Init) for MX_USART3_UART_Init
    main.o(i.main) refers to adc.o(i.MX_ADC_Init) for MX_ADC_Init
    main.o(i.main) refers to gerenciadortarefas.o(i.IniciaGerenciadorTarefas) for IniciaGerenciadorTarefas
    main.o(i.main) refers to stm32f0xx_hal_tim.o(i.HAL_TIM_Base_Start_IT) for HAL_TIM_Base_Start_IT
    main.o(i.main) refers to gerenciadortarefas.o(i.ExecutaTarefa) for ExecutaTarefa
    main.o(i.main) refers to tim.o(.bss) for htim3
    gpio.o(i.MX_GPIO_Init) refers to stm32f0xx_hal_gpio.o(i.HAL_GPIO_WritePin) for HAL_GPIO_WritePin
    gpio.o(i.MX_GPIO_Init) refers to stm32f0xx_hal_gpio.o(i.HAL_GPIO_Init) for HAL_GPIO_Init
    tim.o(i.HAL_TIM_Base_MspDeInit) refers to stm32f0xx_hal_cortex.o(i.HAL_NVIC_DisableIRQ) for HAL_NVIC_DisableIRQ
    tim.o(i.HAL_TIM_Base_MspInit) refers to stm32f0xx_hal_cortex.o(i.HAL_NVIC_SetPriority) for HAL_NVIC_SetPriority
    tim.o(i.HAL_TIM_Base_MspInit) refers to stm32f0xx_hal_cortex.o(i.HAL_NVIC_EnableIRQ) for HAL_NVIC_EnableIRQ
    tim.o(i.MX_TIM3_Init) refers to stm32f0xx_hal_tim.o(i.HAL_TIM_Base_Init) for HAL_TIM_Base_Init
    tim.o(i.MX_TIM3_Init) refers to main.o(i.Error_Handler) for Error_Handler
    tim.o(i.MX_TIM3_Init) refers to stm32f0xx_hal_tim.o(i.HAL_TIM_ConfigClockSource) for HAL_TIM_ConfigClockSource
    tim.o(i.MX_TIM3_Init) refers to stm32f0xx_hal_tim_ex.o(i.HAL_TIMEx_MasterConfigSynchronization) for HAL_TIMEx_MasterConfigSynchronization
    tim.o(i.MX_TIM3_Init) refers to tim.o(.bss) for .bss
    gerenciadortarefas.o(i.ExecutaTarefa) refers to main.o(.bss) for TarefasAgendadas
    gerenciadortarefas.o(i.ExecutaTarefa) refers to main.o(.bss) for TempoParaExecutarTarefas
    gerenciadortarefas.o(i.ExecutaTarefa) refers to main.o(.data) for HaTarefaEmExecucao
    gerenciadortarefas.o(i.ExecutaTarefa) refers to main.o(.bss) for TempoDeExecucaoTarefas
    gerenciadortarefas.o(i.IniciaGerenciadorTarefas) refers to gerenciadortarefas.o(i.Tarefa1) for Tarefa1
    gerenciadortarefas.o(i.IniciaGerenciadorTarefas) refers to main.o(.bss) for TarefasAgendadas
    gerenciadortarefas.o(i.IniciaGerenciadorTarefas) refers to gerenciadortarefas.o(i.Tarefa2) for Tarefa2
    gerenciadortarefas.o(i.IniciaGerenciadorTarefas) refers to gerenciadortarefas.o(i.Tarefa3) for Tarefa3
    gerenciadortarefas.o(i.IniciaGerenciadorTarefas) refers to gerenciadortarefas.o(i.Tarefa4) for Tarefa4
    gerenciadortarefas.o(i.IniciaGerenciadorTarefas) refers to gerenciadortarefas.o(i.Tarefa5) for Tarefa5
    gerenciadortarefas.o(i.IniciaGerenciadorTarefas) refers to main.o(.bss) for TempoDeExecucaoTarefas
    gerenciadortarefas.o(i.IniciaGerenciadorTarefas) refers to main.o(.bss) for TempoParaExecutarTarefas
    gerenciadortarefas.o(i.IniciaGerenciadorTarefas) refers to main.o(.data) for TimeoutDaTarefa
    gerenciadortarefas.o(i.Tarefa1) refers to stm32f0xx_hal_gpio.o(i.HAL_GPIO_TogglePin) for HAL_GPIO_TogglePin
    gerenciadortarefas.o(i.Tarefa2) refers to stm32f0xx_hal_gpio.o(i.HAL_GPIO_TogglePin) for HAL_GPIO_TogglePin
    gerenciadortarefas.o(i.Tarefa3) refers to stm32f0xx_hal_gpio.o(i.HAL_GPIO_TogglePin) for HAL_GPIO_TogglePin
    gerenciadortarefas.o(i.Tarefa4) refers to stm32f0xx_hal_gpio.o(i.HAL_GPIO_TogglePin) for HAL_GPIO_TogglePin
    adc.o(i.HAL_ADC_MspDeInit) refers to stm32f0xx_hal_gpio.o(i.HAL_GPIO_DeInit) for HAL_GPIO_DeInit
    adc.o(i.HAL_ADC_MspInit) refers to stm32f0xx_hal_gpio.o(i.HAL_GPIO_Init) for HAL_GPIO_Init
    adc.o(i.MX_ADC_Init) refers to stm32f0xx_hal_adc.o(i.HAL_ADC_Init) for HAL_ADC_Init
    adc.o(i.MX_ADC_Init) refers to main.o(i.Error_Handler) for Error_Handler
    adc.o(i.MX_ADC_Init) refers to stm32f0xx_hal_adc.o(i.HAL_ADC_ConfigChannel) for HAL_ADC_ConfigChannel
    adc.o(i.MX_ADC_Init) refers to adc.o(.bss) for .bss
    startup_stm32f072xb.o(RESET) refers to startup_stm32f072xb.o(STACK) for __initial_sp
    startup_stm32f072xb.o(RESET) refers to startup_stm32f072xb.o(.text) for Reset_Handler
    startup_stm32f072xb.o(RESET) refers to stm32f0xx_it.o(i.SysTick_Handler) for SysTick_Handler
    startup_stm32f072xb.o(RESET) refers to stm32f0xx_it.o(i.TIM3_IRQHandler) for TIM3_IRQHandler
    startup_stm32f072xb.o(RESET) refers to stm32f0xx_it.o(i.USART1_IRQHandler) for USART1_IRQHandler
    startup_stm32f072xb.o(RESET) refers to stm32f0xx_it.o(i.USART3_4_IRQHandler) for USART3_4_IRQHandler
    startup_stm32f072xb.o(.text) refers to system_stm32f0xx.o(i.SystemInit) for SystemInit
    startup_stm32f072xb.o(.text) refers to entry.o(.ARM.Collect$$$$00000000) for __main
    entry.o(.ARM.Collect$$$$00000000) refers (Special) to entry10a.o(.ARM.Collect$$$$0000000D) for __rt_final_cpp
    entry.o(.ARM.Collect$$$$00000000) refers (Special) to entry11a.o(.ARM.Collect$$$$0000000F) for __rt_final_exit
    entry.o(.ARM.Collect$$$$00000000) refers (Special) to entry7b.o(.ARM.Collect$$$$00000008) for _main_clock
    entry.o(.ARM.Collect$$$$00000000) refers (Special) to entry8b.o(.ARM.Collect$$$$0000000A) for _main_cpp_init
    entry.o(.ARM.Collect$$$$00000000) refers (Special) to entry9a.o(.ARM.Collect$$$$0000000B) for _main_init
    entry.o(.ARM.Collect$$$$00000000) refers (Special) to entry5.o(.ARM.Collect$$$$00000004) for _main_scatterload
    entry.o(.ARM.Collect$$$$00000000) refers (Special) to entry2.o(.ARM.Collect$$$$00000001) for _main_stk
    entry2.o(.ARM.Collect$$$$00000001) refers to entry2.o(.ARM.Collect$$$$00002712) for __lit__00000000
    entry2.o(.ARM.Collect$$$$00002712) refers to startup_stm32f072xb.o(STACK) for __initial_sp
    entry2.o(__vectab_stack_and_reset_area) refers to startup_stm32f072xb.o(STACK) for __initial_sp
    entry2.o(__vectab_stack_and_reset_area) refers to entry.o(.ARM.Collect$$$$00000000) for __main
    entry5.o(.ARM.Collect$$$$00000004) refers to init.o(.text) for __scatterload
    entry9a.o(.ARM.Collect$$$$0000000B) refers to main.o(i.main) for main
    entry9b.o(.ARM.Collect$$$$0000000C) refers to main.o(i.main) for main
    init.o(.text) refers to entry5.o(.ARM.Collect$$$$00000004) for __main_after_scatterload


==============================================================================

Removing Unused input sections from the image.

    Removing system_stm32f0xx.o(.rev16_text), (4 bytes).
    Removing system_stm32f0xx.o(.revsh_text), (4 bytes).
    Removing system_stm32f0xx.o(i.SystemCoreClockUpdate), (112 bytes).
    Removing stm32f0xx_hal_pwr.o(.rev16_text), (4 bytes).
    Removing stm32f0xx_hal_pwr.o(.revsh_text), (4 bytes).
    Removing stm32f0xx_hal_pwr.o(i.HAL_PWR_DeInit), (24 bytes).
    Removing stm32f0xx_hal_pwr.o(i.HAL_PWR_DisableBkUpAccess), (16 bytes).
    Removing stm32f0xx_hal_pwr.o(i.HAL_PWR_DisableSEVOnPend), (16 bytes).
    Removing stm32f0xx_hal_pwr.o(i.HAL_PWR_DisableSleepOnExit), (16 bytes).
    Removing stm32f0xx_hal_pwr.o(i.HAL_PWR_DisableWakeUpPin), (16 bytes).
    Removing stm32f0xx_hal_pwr.o(i.HAL_PWR_EnableBkUpAccess), (16 bytes).
    Removing stm32f0xx_hal_pwr.o(i.HAL_PWR_EnableSEVOnPend), (16 bytes).
    Removing stm32f0xx_hal_pwr.o(i.HAL_PWR_EnableSleepOnExit), (16 bytes).
    Removing stm32f0xx_hal_pwr.o(i.HAL_PWR_EnableWakeUpPin), (16 bytes).
    Removing stm32f0xx_hal_pwr.o(i.HAL_PWR_EnterSLEEPMode), (32 bytes).
    Removing stm32f0xx_hal_pwr.o(i.HAL_PWR_EnterSTANDBYMode), (32 bytes).
    Removing stm32f0xx_hal_pwr.o(i.HAL_PWR_EnterSTOPMode), (52 bytes).
    Removing stm32f0xx_hal_cortex.o(.rev16_text), (4 bytes).
    Removing stm32f0xx_hal_cortex.o(.revsh_text), (4 bytes).
    Removing stm32f0xx_hal_cortex.o(i.HAL_NVIC_ClearPendingIRQ), (20 bytes).
    Removing stm32f0xx_hal_cortex.o(i.HAL_NVIC_DisableIRQ), (20 bytes).
    Removing stm32f0xx_hal_cortex.o(i.HAL_NVIC_GetPendingIRQ), (28 bytes).
    Removing stm32f0xx_hal_cortex.o(i.HAL_NVIC_GetPriority), (52 bytes).
    Removing stm32f0xx_hal_cortex.o(i.HAL_NVIC_SetPendingIRQ), (20 bytes).
    Removing stm32f0xx_hal_cortex.o(i.HAL_NVIC_SystemReset), (28 bytes).
    Removing stm32f0xx_hal_pwr_ex.o(.rev16_text), (4 bytes).
    Removing stm32f0xx_hal_pwr_ex.o(.revsh_text), (4 bytes).
    Removing stm32f0xx_hal_pwr_ex.o(i.HAL_PWREx_DisableVddio2Monitor), (32 bytes).
    Removing stm32f0xx_hal_pwr_ex.o(i.HAL_PWREx_EnableVddio2Monitor), (24 bytes).
    Removing stm32f0xx_hal_pwr_ex.o(i.HAL_PWREx_Vddio2MonitorCallback), (2 bytes).
    Removing stm32f0xx_hal_pwr_ex.o(i.HAL_PWREx_Vddio2Monitor_IRQHandler), (24 bytes).
    Removing stm32f0xx_hal_pwr_ex.o(i.HAL_PWR_ConfigPVD), (104 bytes).
    Removing stm32f0xx_hal_pwr_ex.o(i.HAL_PWR_DisablePVD), (16 bytes).
    Removing stm32f0xx_hal_pwr_ex.o(i.HAL_PWR_EnablePVD), (16 bytes).
    Removing stm32f0xx_hal_pwr_ex.o(i.HAL_PWR_PVDCallback), (2 bytes).
    Removing stm32f0xx_hal_pwr_ex.o(i.HAL_PWR_PVD_IRQHandler), (28 bytes).
    Removing stm32f0xx_hal_flash_ex.o(.rev16_text), (4 bytes).
    Removing stm32f0xx_hal_flash_ex.o(.revsh_text), (4 bytes).
    Removing stm32f0xx_hal_flash_ex.o(i.FLASH_MassErase), (36 bytes).
    Removing stm32f0xx_hal_flash_ex.o(i.FLASH_OB_DisableWRP), (164 bytes).
    Removing stm32f0xx_hal_flash_ex.o(i.FLASH_OB_EnableWRP), (164 bytes).
    Removing stm32f0xx_hal_flash_ex.o(i.FLASH_OB_GetRDP), (32 bytes).
    Removing stm32f0xx_hal_flash_ex.o(i.FLASH_OB_RDP_LevelConfig), (96 bytes).
    Removing stm32f0xx_hal_flash_ex.o(i.FLASH_PageErase), (36 bytes).
    Removing stm32f0xx_hal_flash_ex.o(i.HAL_FLASHEx_Erase), (160 bytes).
    Removing stm32f0xx_hal_flash_ex.o(i.HAL_FLASHEx_Erase_IT), (88 bytes).
    Removing stm32f0xx_hal_flash_ex.o(i.HAL_FLASHEx_OBErase), (80 bytes).
    Removing stm32f0xx_hal_flash_ex.o(i.HAL_FLASHEx_OBGetConfig), (36 bytes).
    Removing stm32f0xx_hal_flash_ex.o(i.HAL_FLASHEx_OBGetUserData), (28 bytes).
    Removing stm32f0xx_hal_flash_ex.o(i.HAL_FLASHEx_OBProgram), (204 bytes).
    Removing stm32f0xx_hal_tim_ex.o(.rev16_text), (4 bytes).
    Removing stm32f0xx_hal_tim_ex.o(.revsh_text), (4 bytes).
    Removing stm32f0xx_hal_tim_ex.o(i.HAL_TIMEx_ConfigBreakDeadTime), (60 bytes).
    Removing stm32f0xx_hal_tim_ex.o(i.HAL_TIMEx_ConfigCommutationEvent), (88 bytes).
    Removing stm32f0xx_hal_tim_ex.o(i.HAL_TIMEx_ConfigCommutationEvent_DMA), (120 bytes).
    Removing stm32f0xx_hal_tim_ex.o(i.HAL_TIMEx_ConfigCommutationEvent_IT), (98 bytes).
    Removing stm32f0xx_hal_tim_ex.o(i.HAL_TIMEx_HallSensor_DeInit), (52 bytes).
    Removing stm32f0xx_hal_tim_ex.o(i.HAL_TIMEx_HallSensor_GetState), (6 bytes).
    Removing stm32f0xx_hal_tim_ex.o(i.HAL_TIMEx_HallSensor_Init), (184 bytes).
    Removing stm32f0xx_hal_tim_ex.o(i.HAL_TIMEx_HallSensor_MspDeInit), (2 bytes).
    Removing stm32f0xx_hal_tim_ex.o(i.HAL_TIMEx_HallSensor_MspInit), (2 bytes).
    Removing stm32f0xx_hal_tim_ex.o(i.HAL_TIMEx_HallSensor_Start), (28 bytes).
    Removing stm32f0xx_hal_tim_ex.o(i.HAL_TIMEx_HallSensor_Start_DMA), (116 bytes).
    Removing stm32f0xx_hal_tim_ex.o(i.HAL_TIMEx_HallSensor_Start_IT), (38 bytes).
    Removing stm32f0xx_hal_tim_ex.o(i.HAL_TIMEx_HallSensor_Stop), (48 bytes).
    Removing stm32f0xx_hal_tim_ex.o(i.HAL_TIMEx_HallSensor_Stop_DMA), (60 bytes).
    Removing stm32f0xx_hal_tim_ex.o(i.HAL_TIMEx_HallSensor_Stop_IT), (60 bytes).
    Removing stm32f0xx_hal_tim_ex.o(i.HAL_TIMEx_OCN_Start), (38 bytes).
    Removing stm32f0xx_hal_tim_ex.o(i.HAL_TIMEx_OCN_Start_DMA), (232 bytes).
    Removing stm32f0xx_hal_tim_ex.o(i.HAL_TIMEx_OCN_Start_IT), (94 bytes).
    Removing stm32f0xx_hal_tim_ex.o(i.HAL_TIMEx_OCN_Stop), (76 bytes).
    Removing stm32f0xx_hal_tim_ex.o(i.HAL_TIMEx_OCN_Stop_DMA), (136 bytes).
    Removing stm32f0xx_hal_tim_ex.o(i.HAL_TIMEx_OCN_Stop_IT), (136 bytes).
    Removing stm32f0xx_hal_tim_ex.o(i.HAL_TIMEx_OnePulseN_Start), (28 bytes).
    Removing stm32f0xx_hal_tim_ex.o(i.HAL_TIMEx_OnePulseN_Start_IT), (48 bytes).
    Removing stm32f0xx_hal_tim_ex.o(i.HAL_TIMEx_OnePulseN_Stop), (76 bytes).
    Removing stm32f0xx_hal_tim_ex.o(i.HAL_TIMEx_OnePulseN_Stop_IT), (96 bytes).
    Removing stm32f0xx_hal_tim_ex.o(i.HAL_TIMEx_PWMN_Start), (38 bytes).
    Removing stm32f0xx_hal_tim_ex.o(i.HAL_TIMEx_PWMN_Start_DMA), (232 bytes).
    Removing stm32f0xx_hal_tim_ex.o(i.HAL_TIMEx_PWMN_Start_IT), (94 bytes).
    Removing stm32f0xx_hal_tim_ex.o(i.HAL_TIMEx_PWMN_Stop), (76 bytes).
    Removing stm32f0xx_hal_tim_ex.o(i.HAL_TIMEx_PWMN_Stop_DMA), (136 bytes).
    Removing stm32f0xx_hal_tim_ex.o(i.HAL_TIMEx_PWMN_Stop_IT), (136 bytes).
    Removing stm32f0xx_hal_tim_ex.o(i.HAL_TIMEx_RemapConfig), (30 bytes).
    Removing stm32f0xx_hal_tim_ex.o(i.HAL_TIM_ConfigOCrefClear), (202 bytes).
    Removing stm32f0xx_hal_tim_ex.o(i.TIMEx_DMACommutationCplt), (16 bytes).
    Removing stm32f0xx_hal_tim_ex.o(i.TIM_CCxNChannelCmd), (22 bytes).
    Removing stm32f0xx_hal_rcc_ex.o(.rev16_text), (4 bytes).
    Removing stm32f0xx_hal_rcc_ex.o(.revsh_text), (4 bytes).
    Removing stm32f0xx_hal_rcc_ex.o(i.HAL_RCCEx_CRSConfig), (72 bytes).
    Removing stm32f0xx_hal_rcc_ex.o(i.HAL_RCCEx_CRSGetSynchronizationInfo), (40 bytes).
    Removing stm32f0xx_hal_rcc_ex.o(i.HAL_RCCEx_CRSSoftwareSynchronizationGenerate), (16 bytes).
    Removing stm32f0xx_hal_rcc_ex.o(i.HAL_RCCEx_CRSWaitSynchronization), (120 bytes).
    Removing stm32f0xx_hal_rcc_ex.o(i.HAL_RCCEx_CRS_ErrorCallback), (2 bytes).
    Removing stm32f0xx_hal_rcc_ex.o(i.HAL_RCCEx_CRS_ExpectedSyncCallback), (2 bytes).
    Removing stm32f0xx_hal_rcc_ex.o(i.HAL_RCCEx_CRS_IRQHandler), (112 bytes).
    Removing stm32f0xx_hal_rcc_ex.o(i.HAL_RCCEx_CRS_SyncOkCallback), (2 bytes).
    Removing stm32f0xx_hal_rcc_ex.o(i.HAL_RCCEx_CRS_SyncWarnCallback), (2 bytes).
    Removing stm32f0xx_hal_rcc_ex.o(i.HAL_RCCEx_GetPeriphCLKConfig), (92 bytes).
    Removing stm32f0xx_hal_rcc_ex.o(i.HAL_RCCEx_GetPeriphCLKFreq), (308 bytes).
    Removing stm32f0xx_hal_uart_ex.o(.rev16_text), (4 bytes).
    Removing stm32f0xx_hal_uart_ex.o(.revsh_text), (4 bytes).
    Removing stm32f0xx_hal_uart_ex.o(i.HAL_LIN_Init), (146 bytes).
    Removing stm32f0xx_hal_uart_ex.o(i.HAL_LIN_SendBreak), (42 bytes).
    Removing stm32f0xx_hal_uart_ex.o(i.HAL_MultiProcessorEx_AddressLength_Set), (54 bytes).
    Removing stm32f0xx_hal_uart_ex.o(i.HAL_RS485Ex_Init), (144 bytes).
    Removing stm32f0xx_hal_uart_ex.o(i.HAL_UARTEx_DisableStopMode), (42 bytes).
    Removing stm32f0xx_hal_uart_ex.o(i.HAL_UARTEx_EnableStopMode), (42 bytes).
    Removing stm32f0xx_hal_uart_ex.o(i.HAL_UARTEx_StopModeWakeUpSourceConfig), (140 bytes).
    Removing stm32f0xx_hal_dma.o(.rev16_text), (4 bytes).
    Removing stm32f0xx_hal_dma.o(.revsh_text), (4 bytes).
    Removing stm32f0xx_hal_dma.o(i.DMA_SetConfig), (30 bytes).
    Removing stm32f0xx_hal_dma.o(i.HAL_DMA_Abort), (76 bytes).
    Removing stm32f0xx_hal_dma.o(i.HAL_DMA_Abort_IT), (152 bytes).
    Removing stm32f0xx_hal_dma.o(i.HAL_DMA_DeInit), (288 bytes).
    Removing stm32f0xx_hal_dma.o(i.HAL_DMA_GetError), (4 bytes).
    Removing stm32f0xx_hal_dma.o(i.HAL_DMA_GetState), (6 bytes).
    Removing stm32f0xx_hal_dma.o(i.HAL_DMA_IRQHandler), (644 bytes).
    Removing stm32f0xx_hal_dma.o(i.HAL_DMA_Init), (84 bytes).
    Removing stm32f0xx_hal_dma.o(i.HAL_DMA_PollForTransfer), (616 bytes).
    Removing stm32f0xx_hal_dma.o(i.HAL_DMA_Start), (50 bytes).
    Removing stm32f0xx_hal_dma.o(i.HAL_DMA_Start_IT), (78 bytes).
    Removing stm32f0xx_hal_i2c.o(.rev16_text), (4 bytes).
    Removing stm32f0xx_hal_i2c.o(.revsh_text), (4 bytes).
    Removing stm32f0xx_hal_i2c.o(i.HAL_I2C_AbortCpltCallback), (2 bytes).
    Removing stm32f0xx_hal_i2c.o(i.HAL_I2C_AddrCallback), (2 bytes).
    Removing stm32f0xx_hal_i2c.o(i.HAL_I2C_DeInit), (52 bytes).
    Removing stm32f0xx_hal_i2c.o(i.HAL_I2C_DisableListen_IT), (48 bytes).
    Removing stm32f0xx_hal_i2c.o(i.HAL_I2C_ER_IRQHandler), (88 bytes).
    Removing stm32f0xx_hal_i2c.o(i.HAL_I2C_EV_IRQHandler), (16 bytes).
    Removing stm32f0xx_hal_i2c.o(i.HAL_I2C_EnableListen_IT), (40 bytes).
    Removing stm32f0xx_hal_i2c.o(i.HAL_I2C_ErrorCallback), (2 bytes).
    Removing stm32f0xx_hal_i2c.o(i.HAL_I2C_GetError), (4 bytes).
    Removing stm32f0xx_hal_i2c.o(i.HAL_I2C_GetMode), (6 bytes).
    Removing stm32f0xx_hal_i2c.o(i.HAL_I2C_GetState), (6 bytes).
    Removing stm32f0xx_hal_i2c.o(i.HAL_I2C_Init), (168 bytes).
    Removing stm32f0xx_hal_i2c.o(i.HAL_I2C_IsDeviceReady), (284 bytes).
    Removing stm32f0xx_hal_i2c.o(i.HAL_I2C_ListenCpltCallback), (2 bytes).
    Removing stm32f0xx_hal_i2c.o(i.HAL_I2C_MasterRxCpltCallback), (2 bytes).
    Removing stm32f0xx_hal_i2c.o(i.HAL_I2C_MasterTxCpltCallback), (2 bytes).
    Removing stm32f0xx_hal_i2c.o(i.HAL_I2C_Master_Abort_IT), (88 bytes).
    Removing stm32f0xx_hal_i2c.o(i.HAL_I2C_Master_Receive), (280 bytes).
    Removing stm32f0xx_hal_i2c.o(i.HAL_I2C_Master_Receive_DMA), (236 bytes).
    Removing stm32f0xx_hal_i2c.o(i.HAL_I2C_Master_Receive_IT), (124 bytes).
    Removing stm32f0xx_hal_i2c.o(i.HAL_I2C_Master_Sequential_Receive_IT), (116 bytes).
    Removing stm32f0xx_hal_i2c.o(i.HAL_I2C_Master_Sequential_Transmit_IT), (116 bytes).
    Removing stm32f0xx_hal_i2c.o(i.HAL_I2C_Master_Transmit), (280 bytes).
    Removing stm32f0xx_hal_i2c.o(i.HAL_I2C_Master_Transmit_DMA), (240 bytes).
    Removing stm32f0xx_hal_i2c.o(i.HAL_I2C_Master_Transmit_IT), (124 bytes).
    Removing stm32f0xx_hal_i2c.o(i.HAL_I2C_MemRxCpltCallback), (2 bytes).
    Removing stm32f0xx_hal_i2c.o(i.HAL_I2C_MemTxCpltCallback), (2 bytes).
    Removing stm32f0xx_hal_i2c.o(i.HAL_I2C_Mem_Read), (344 bytes).
    Removing stm32f0xx_hal_i2c.o(i.HAL_I2C_Mem_Read_DMA), (248 bytes).
    Removing stm32f0xx_hal_i2c.o(i.HAL_I2C_Mem_Read_IT), (188 bytes).
    Removing stm32f0xx_hal_i2c.o(i.HAL_I2C_Mem_Write), (340 bytes).
    Removing stm32f0xx_hal_i2c.o(i.HAL_I2C_Mem_Write_DMA), (244 bytes).
    Removing stm32f0xx_hal_i2c.o(i.HAL_I2C_Mem_Write_IT), (184 bytes).
    Removing stm32f0xx_hal_i2c.o(i.HAL_I2C_MspDeInit), (2 bytes).
    Removing stm32f0xx_hal_i2c.o(i.HAL_I2C_MspInit), (2 bytes).
    Removing stm32f0xx_hal_i2c.o(i.HAL_I2C_SlaveRxCpltCallback), (2 bytes).
    Removing stm32f0xx_hal_i2c.o(i.HAL_I2C_SlaveTxCpltCallback), (2 bytes).
    Removing stm32f0xx_hal_i2c.o(i.HAL_I2C_Slave_Receive), (292 bytes).
    Removing stm32f0xx_hal_i2c.o(i.HAL_I2C_Slave_Receive_DMA), (156 bytes).
    Removing stm32f0xx_hal_i2c.o(i.HAL_I2C_Slave_Receive_IT), (88 bytes).
    Removing stm32f0xx_hal_i2c.o(i.HAL_I2C_Slave_Sequential_Receive_IT), (128 bytes).
    Removing stm32f0xx_hal_i2c.o(i.HAL_I2C_Slave_Sequential_Transmit_IT), (128 bytes).
    Removing stm32f0xx_hal_i2c.o(i.HAL_I2C_Slave_Transmit), (300 bytes).
    Removing stm32f0xx_hal_i2c.o(i.HAL_I2C_Slave_Transmit_DMA), (156 bytes).
    Removing stm32f0xx_hal_i2c.o(i.HAL_I2C_Slave_Transmit_IT), (88 bytes).
    Removing stm32f0xx_hal_i2c.o(i.I2C_DMAAbort), (52 bytes).
    Removing stm32f0xx_hal_i2c.o(i.I2C_DMAError), (24 bytes).
    Removing stm32f0xx_hal_i2c.o(i.I2C_DMAMasterReceiveCplt), (68 bytes).
    Removing stm32f0xx_hal_i2c.o(i.I2C_DMAMasterTransmitCplt), (68 bytes).
    Removing stm32f0xx_hal_i2c.o(i.I2C_DMASlaveReceiveCplt), (2 bytes).
    Removing stm32f0xx_hal_i2c.o(i.I2C_DMASlaveTransmitCplt), (2 bytes).
    Removing stm32f0xx_hal_i2c.o(i.I2C_Disable_IRQ), (86 bytes).
    Removing stm32f0xx_hal_i2c.o(i.I2C_Enable_IRQ), (100 bytes).
    Removing stm32f0xx_hal_i2c.o(i.I2C_Flush_TXDR), (34 bytes).
    Removing stm32f0xx_hal_i2c.o(i.I2C_ITAddrCplt), (122 bytes).
    Removing stm32f0xx_hal_i2c.o(i.I2C_ITError), (204 bytes).
    Removing stm32f0xx_hal_i2c.o(i.I2C_ITListenCplt), (96 bytes).
    Removing stm32f0xx_hal_i2c.o(i.I2C_ITMasterCplt), (160 bytes).
    Removing stm32f0xx_hal_i2c.o(i.I2C_ITMasterSequentialCplt), (70 bytes).
    Removing stm32f0xx_hal_i2c.o(i.I2C_ITSlaveCplt), (232 bytes).
    Removing stm32f0xx_hal_i2c.o(i.I2C_ITSlaveSequentialCplt), (74 bytes).
    Removing stm32f0xx_hal_i2c.o(i.I2C_IsAcknowledgeFailed), (116 bytes).
    Removing stm32f0xx_hal_i2c.o(i.I2C_Master_ISR_DMA), (194 bytes).
    Removing stm32f0xx_hal_i2c.o(i.I2C_Master_ISR_IT), (296 bytes).
    Removing stm32f0xx_hal_i2c.o(i.I2C_RequestMemoryRead), (106 bytes).
    Removing stm32f0xx_hal_i2c.o(i.I2C_RequestMemoryWrite), (106 bytes).
    Removing stm32f0xx_hal_i2c.o(i.I2C_Slave_ISR_DMA), (104 bytes).
    Removing stm32f0xx_hal_i2c.o(i.I2C_Slave_ISR_IT), (280 bytes).
    Removing stm32f0xx_hal_i2c.o(i.I2C_TransferConfig), (36 bytes).
    Removing stm32f0xx_hal_i2c.o(i.I2C_WaitOnFlagUntilTimeout), (72 bytes).
    Removing stm32f0xx_hal_i2c.o(i.I2C_WaitOnRXNEFlagUntilTimeout), (120 bytes).
    Removing stm32f0xx_hal_i2c.o(i.I2C_WaitOnSTOPFlagUntilTimeout), (78 bytes).
    Removing stm32f0xx_hal_i2c.o(i.I2C_WaitOnTXISFlagUntilTimeout), (82 bytes).
    Removing stm32f0xx_hal_uart.o(.rev16_text), (4 bytes).
    Removing stm32f0xx_hal_uart.o(.revsh_text), (4 bytes).
    Removing stm32f0xx_hal_uart.o(i.HAL_HalfDuplex_EnableReceiver), (54 bytes).
    Removing stm32f0xx_hal_uart.o(i.HAL_HalfDuplex_EnableTransmitter), (54 bytes).
    Removing stm32f0xx_hal_uart.o(i.HAL_HalfDuplex_Init), (118 bytes).
    Removing stm32f0xx_hal_uart.o(i.HAL_MultiProcessor_DisableMuteMode), (46 bytes).
    Removing stm32f0xx_hal_uart.o(i.HAL_MultiProcessor_EnableMuteMode), (46 bytes).
    Removing stm32f0xx_hal_uart.o(i.HAL_MultiProcessor_EnterMuteMode), (12 bytes).
    Removing stm32f0xx_hal_uart.o(i.HAL_MultiProcessor_Init), (144 bytes).
    Removing stm32f0xx_hal_uart.o(i.HAL_UART_DMAPause), (60 bytes).
    Removing stm32f0xx_hal_uart.o(i.HAL_UART_DMAResume), (66 bytes).
    Removing stm32f0xx_hal_uart.o(i.HAL_UART_DMAStop), (56 bytes).
    Removing stm32f0xx_hal_uart.o(i.HAL_UART_DeInit), (62 bytes).
    Removing stm32f0xx_hal_uart.o(i.HAL_UART_GetError), (4 bytes).
    Removing stm32f0xx_hal_uart.o(i.HAL_UART_GetState), (12 bytes).
    Removing stm32f0xx_hal_uart.o(i.HAL_UART_MspDeInit), (2 bytes).
    Removing stm32f0xx_hal_uart.o(i.HAL_UART_MspInit), (2 bytes).
    Removing stm32f0xx_hal_uart.o(i.HAL_UART_Receive), (232 bytes).
    Removing stm32f0xx_hal_uart.o(i.HAL_UART_Receive_DMA), (136 bytes).
    Removing stm32f0xx_hal_uart.o(i.HAL_UART_Receive_IT), (168 bytes).
    Removing stm32f0xx_hal_uart.o(i.HAL_UART_RxHalfCpltCallback), (2 bytes).
    Removing stm32f0xx_hal_uart.o(i.HAL_UART_Transmit), (176 bytes).
    Removing stm32f0xx_hal_uart.o(i.HAL_UART_Transmit_DMA), (144 bytes).
    Removing stm32f0xx_hal_uart.o(i.HAL_UART_Transmit_IT), (88 bytes).
    Removing stm32f0xx_hal_uart.o(i.HAL_UART_TxHalfCpltCallback), (2 bytes).
    Removing stm32f0xx_hal_uart.o(i.UART_DMAError), (36 bytes).
    Removing stm32f0xx_hal_uart.o(i.UART_DMAReceiveCplt), (42 bytes).
    Removing stm32f0xx_hal_uart.o(i.UART_DMARxHalfCplt), (10 bytes).
    Removing stm32f0xx_hal_uart.o(i.UART_DMATransmitCplt), (48 bytes).
    Removing stm32f0xx_hal_uart.o(i.UART_DMATxHalfCplt), (10 bytes).
    Removing stm32f0xx_hal_rcc.o(.rev16_text), (4 bytes).
    Removing stm32f0xx_hal_rcc.o(.revsh_text), (4 bytes).
    Removing stm32f0xx_hal_rcc.o(i.HAL_RCC_CSSCallback), (2 bytes).
    Removing stm32f0xx_hal_rcc.o(i.HAL_RCC_DeInit), (76 bytes).
    Removing stm32f0xx_hal_rcc.o(i.HAL_RCC_DisableCSS), (20 bytes).
    Removing stm32f0xx_hal_rcc.o(i.HAL_RCC_EnableCSS), (20 bytes).
    Removing stm32f0xx_hal_rcc.o(i.HAL_RCC_GetClockConfig), (56 bytes).
    Removing stm32f0xx_hal_rcc.o(i.HAL_RCC_GetOscConfig), (164 bytes).
    Removing stm32f0xx_hal_rcc.o(i.HAL_RCC_MCOConfig), (88 bytes).
    Removing stm32f0xx_hal_rcc.o(i.HAL_RCC_NMI_IRQHandler), (24 bytes).
    Removing stm32f0xx_hal_i2c_ex.o(.rev16_text), (4 bytes).
    Removing stm32f0xx_hal_i2c_ex.o(.revsh_text), (4 bytes).
    Removing stm32f0xx_hal_i2c_ex.o(i.HAL_I2CEx_ConfigAnalogFilter), (74 bytes).
    Removing stm32f0xx_hal_i2c_ex.o(i.HAL_I2CEx_ConfigDigitalFilter), (72 bytes).
    Removing stm32f0xx_hal_i2c_ex.o(i.HAL_I2CEx_DisableFastModePlus), (36 bytes).
    Removing stm32f0xx_hal_i2c_ex.o(i.HAL_I2CEx_DisableWakeUp), (66 bytes).
    Removing stm32f0xx_hal_i2c_ex.o(i.HAL_I2CEx_EnableFastModePlus), (36 bytes).
    Removing stm32f0xx_hal_i2c_ex.o(i.HAL_I2CEx_EnableWakeUp), (66 bytes).
    Removing stm32f0xx_hal_tim.o(.rev16_text), (4 bytes).
    Removing stm32f0xx_hal_tim.o(.revsh_text), (4 bytes).
    Removing stm32f0xx_hal_tim.o(i.HAL_TIM_Base_DeInit), (52 bytes).
    Removing stm32f0xx_hal_tim.o(i.HAL_TIM_Base_GetState), (6 bytes).
    Removing stm32f0xx_hal_tim.o(i.HAL_TIM_Base_MspDeInit), (2 bytes).
    Removing stm32f0xx_hal_tim.o(i.HAL_TIM_Base_MspInit), (2 bytes).
    Removing stm32f0xx_hal_tim.o(i.HAL_TIM_Base_Start), (24 bytes).
    Removing stm32f0xx_hal_tim.o(i.HAL_TIM_Base_Start_DMA), (100 bytes).
    Removing stm32f0xx_hal_tim.o(i.HAL_TIM_Base_Stop), (48 bytes).
    Removing stm32f0xx_hal_tim.o(i.HAL_TIM_Base_Stop_DMA), (52 bytes).
    Removing stm32f0xx_hal_tim.o(i.HAL_TIM_Base_Stop_IT), (44 bytes).
    Removing stm32f0xx_hal_tim.o(i.HAL_TIM_ConfigOCrefClear), (188 bytes).
    Removing stm32f0xx_hal_tim.o(i.HAL_TIM_ConfigTI1Input), (16 bytes).
    Removing stm32f0xx_hal_tim.o(i.HAL_TIM_DMABurst_ReadStart), (268 bytes).
    Removing stm32f0xx_hal_tim.o(i.HAL_TIM_DMABurst_ReadStop), (100 bytes).
    Removing stm32f0xx_hal_tim.o(i.HAL_TIM_DMABurst_WriteStart), (268 bytes).
    Removing stm32f0xx_hal_tim.o(i.HAL_TIM_DMABurst_WriteStop), (100 bytes).
    Removing stm32f0xx_hal_tim.o(i.HAL_TIM_Encoder_DeInit), (52 bytes).
    Removing stm32f0xx_hal_tim.o(i.HAL_TIM_Encoder_GetState), (6 bytes).
    Removing stm32f0xx_hal_tim.o(i.HAL_TIM_Encoder_Init), (152 bytes).
    Removing stm32f0xx_hal_tim.o(i.HAL_TIM_Encoder_MspDeInit), (2 bytes).
    Removing stm32f0xx_hal_tim.o(i.HAL_TIM_Encoder_MspInit), (2 bytes).
    Removing stm32f0xx_hal_tim.o(i.HAL_TIM_Encoder_Start), (52 bytes).
    Removing stm32f0xx_hal_tim.o(i.HAL_TIM_Encoder_Start_DMA), (284 bytes).
    Removing stm32f0xx_hal_tim.o(i.HAL_TIM_Encoder_Start_IT), (92 bytes).
    Removing stm32f0xx_hal_tim.o(i.HAL_TIM_Encoder_Stop), (72 bytes).
    Removing stm32f0xx_hal_tim.o(i.HAL_TIM_Encoder_Stop_DMA), (120 bytes).
    Removing stm32f0xx_hal_tim.o(i.HAL_TIM_Encoder_Stop_IT), (120 bytes).
    Removing stm32f0xx_hal_tim.o(i.HAL_TIM_ErrorCallback), (2 bytes).
    Removing stm32f0xx_hal_tim.o(i.HAL_TIM_GenerateEvent), (36 bytes).
    Removing stm32f0xx_hal_tim.o(i.HAL_TIM_IC_ConfigChannel), (288 bytes).
    Removing stm32f0xx_hal_tim.o(i.HAL_TIM_IC_DeInit), (52 bytes).
    Removing stm32f0xx_hal_tim.o(i.HAL_TIM_IC_GetState), (6 bytes).
    Removing stm32f0xx_hal_tim.o(i.HAL_TIM_IC_Init), (52 bytes).
    Removing stm32f0xx_hal_tim.o(i.HAL_TIM_IC_MspDeInit), (2 bytes).
    Removing stm32f0xx_hal_tim.o(i.HAL_TIM_IC_MspInit), (2 bytes).
    Removing stm32f0xx_hal_tim.o(i.HAL_TIM_IC_Start), (26 bytes).
    Removing stm32f0xx_hal_tim.o(i.HAL_TIM_IC_Start_DMA), (212 bytes).
    Removing stm32f0xx_hal_tim.o(i.HAL_TIM_IC_Start_IT), (72 bytes).
    Removing stm32f0xx_hal_tim.o(i.HAL_TIM_IC_Stop), (48 bytes).
    Removing stm32f0xx_hal_tim.o(i.HAL_TIM_IC_Stop_DMA), (108 bytes).
    Removing stm32f0xx_hal_tim.o(i.HAL_TIM_IC_Stop_IT), (92 bytes).
    Removing stm32f0xx_hal_tim.o(i.HAL_TIM_OC_ConfigChannel), (80 bytes).
    Removing stm32f0xx_hal_tim.o(i.HAL_TIM_OC_DeInit), (52 bytes).
    Removing stm32f0xx_hal_tim.o(i.HAL_TIM_OC_GetState), (6 bytes).
    Removing stm32f0xx_hal_tim.o(i.HAL_TIM_OC_Init), (52 bytes).
    Removing stm32f0xx_hal_tim.o(i.HAL_TIM_OC_MspDeInit), (2 bytes).
    Removing stm32f0xx_hal_tim.o(i.HAL_TIM_OC_MspInit), (2 bytes).
    Removing stm32f0xx_hal_tim.o(i.HAL_TIM_OC_Start), (80 bytes).
    Removing stm32f0xx_hal_tim.o(i.HAL_TIM_OC_Start_DMA), (272 bytes).
    Removing stm32f0xx_hal_tim.o(i.HAL_TIM_OC_Start_IT), (124 bytes).
    Removing stm32f0xx_hal_tim.o(i.HAL_TIM_OC_Stop), (112 bytes).
    Removing stm32f0xx_hal_tim.o(i.HAL_TIM_OC_Stop_DMA), (172 bytes).
    Removing stm32f0xx_hal_tim.o(i.HAL_TIM_OC_Stop_IT), (156 bytes).
    Removing stm32f0xx_hal_tim.o(i.HAL_TIM_OnePulse_ConfigChannel), (214 bytes).
    Removing stm32f0xx_hal_tim.o(i.HAL_TIM_OnePulse_DeInit), (52 bytes).
    Removing stm32f0xx_hal_tim.o(i.HAL_TIM_OnePulse_GetState), (6 bytes).
    Removing stm32f0xx_hal_tim.o(i.HAL_TIM_OnePulse_Init), (72 bytes).
    Removing stm32f0xx_hal_tim.o(i.HAL_TIM_OnePulse_MspDeInit), (2 bytes).
    Removing stm32f0xx_hal_tim.o(i.HAL_TIM_OnePulse_MspInit), (2 bytes).
    Removing stm32f0xx_hal_tim.o(i.HAL_TIM_OnePulse_Start), (80 bytes).
    Removing stm32f0xx_hal_tim.o(i.HAL_TIM_OnePulse_Start_IT), (100 bytes).
    Removing stm32f0xx_hal_tim.o(i.HAL_TIM_OnePulse_Stop), (124 bytes).
    Removing stm32f0xx_hal_tim.o(i.HAL_TIM_OnePulse_Stop_IT), (144 bytes).
    Removing stm32f0xx_hal_tim.o(i.HAL_TIM_PWM_ConfigChannel), (208 bytes).
    Removing stm32f0xx_hal_tim.o(i.HAL_TIM_PWM_DeInit), (52 bytes).
    Removing stm32f0xx_hal_tim.o(i.HAL_TIM_PWM_GetState), (6 bytes).
    Removing stm32f0xx_hal_tim.o(i.HAL_TIM_PWM_Init), (52 bytes).
    Removing stm32f0xx_hal_tim.o(i.HAL_TIM_PWM_MspDeInit), (2 bytes).
    Removing stm32f0xx_hal_tim.o(i.HAL_TIM_PWM_MspInit), (2 bytes).
    Removing stm32f0xx_hal_tim.o(i.HAL_TIM_PWM_Start), (80 bytes).
    Removing stm32f0xx_hal_tim.o(i.HAL_TIM_PWM_Start_DMA), (272 bytes).
    Removing stm32f0xx_hal_tim.o(i.HAL_TIM_PWM_Start_IT), (124 bytes).
    Removing stm32f0xx_hal_tim.o(i.HAL_TIM_PWM_Stop), (116 bytes).
    Removing stm32f0xx_hal_tim.o(i.HAL_TIM_PWM_Stop_DMA), (172 bytes).
    Removing stm32f0xx_hal_tim.o(i.HAL_TIM_PWM_Stop_IT), (156 bytes).
    Removing stm32f0xx_hal_tim.o(i.HAL_TIM_PeriodElapsedCallback), (2 bytes).
    Removing stm32f0xx_hal_tim.o(i.HAL_TIM_ReadCapturedValue), (70 bytes).
    Removing stm32f0xx_hal_tim.o(i.HAL_TIM_SlaveConfigSynchronization), (60 bytes).
    Removing stm32f0xx_hal_tim.o(i.HAL_TIM_SlaveConfigSynchronization_IT), (60 bytes).
    Removing stm32f0xx_hal_tim.o(i.TIM_CCxChannelCmd), (22 bytes).
    Removing stm32f0xx_hal_tim.o(i.TIM_DMACaptureCplt), (62 bytes).
    Removing stm32f0xx_hal_tim.o(i.TIM_DMADelayPulseCplt), (62 bytes).
    Removing stm32f0xx_hal_tim.o(i.TIM_DMAError), (16 bytes).
    Removing stm32f0xx_hal_tim.o(i.TIM_DMAPeriodElapsedCplt), (16 bytes).
    Removing stm32f0xx_hal_tim.o(i.TIM_DMATriggerCplt), (16 bytes).
    Removing stm32f0xx_hal_tim.o(i.TIM_OC1_SetConfig), (136 bytes).
    Removing stm32f0xx_hal_tim.o(i.TIM_OC2_SetConfig), (128 bytes).
    Removing stm32f0xx_hal_tim.o(i.TIM_OC3_SetConfig), (132 bytes).
    Removing stm32f0xx_hal_tim.o(i.TIM_OC4_SetConfig), (108 bytes).
    Removing stm32f0xx_hal_tim.o(i.TIM_SlaveTimer_SetConfig), (122 bytes).
    Removing stm32f0xx_hal_tim.o(i.TIM_TI1_SetConfig), (88 bytes).
    Removing stm32f0xx_hal_tim.o(i.TIM_TI2_SetConfig), (52 bytes).
    Removing stm32f0xx_hal.o(.rev16_text), (4 bytes).
    Removing stm32f0xx_hal.o(.revsh_text), (4 bytes).
    Removing stm32f0xx_hal.o(i.HAL_DBGMCU_DisableDBGStandbyMode), (16 bytes).
    Removing stm32f0xx_hal.o(i.HAL_DBGMCU_DisableDBGStopMode), (16 bytes).
    Removing stm32f0xx_hal.o(i.HAL_DBGMCU_EnableDBGStandbyMode), (16 bytes).
    Removing stm32f0xx_hal.o(i.HAL_DBGMCU_EnableDBGStopMode), (16 bytes).
    Removing stm32f0xx_hal.o(i.HAL_DeInit), (36 bytes).
    Removing stm32f0xx_hal.o(i.HAL_Delay), (22 bytes).
    Removing stm32f0xx_hal.o(i.HAL_GetDEVID), (16 bytes).
    Removing stm32f0xx_hal.o(i.HAL_GetHalVersion), (6 bytes).
    Removing stm32f0xx_hal.o(i.HAL_GetREVID), (12 bytes).
    Removing stm32f0xx_hal.o(i.HAL_MspDeInit), (2 bytes).
    Removing stm32f0xx_hal.o(i.HAL_MspInit), (2 bytes).
    Removing stm32f0xx_hal.o(i.HAL_ResumeTick), (16 bytes).
    Removing stm32f0xx_hal.o(i.HAL_SuspendTick), (16 bytes).
    Removing stm32f0xx_hal_flash.o(.rev16_text), (4 bytes).
    Removing stm32f0xx_hal_flash.o(.revsh_text), (4 bytes).
    Removing stm32f0xx_hal_flash.o(i.FLASH_Program_HalfWord), (32 bytes).
    Removing stm32f0xx_hal_flash.o(i.FLASH_SetErrorCode), (56 bytes).
    Removing stm32f0xx_hal_flash.o(i.FLASH_WaitForLastOperation), (80 bytes).
    Removing stm32f0xx_hal_flash.o(i.HAL_FLASH_EndOfOperationCallback), (2 bytes).
    Removing stm32f0xx_hal_flash.o(i.HAL_FLASH_GetError), (12 bytes).
    Removing stm32f0xx_hal_flash.o(i.HAL_FLASH_IRQHandler), (268 bytes).
    Removing stm32f0xx_hal_flash.o(i.HAL_FLASH_Lock), (20 bytes).
    Removing stm32f0xx_hal_flash.o(i.HAL_FLASH_OB_Launch), (32 bytes).
    Removing stm32f0xx_hal_flash.o(i.HAL_FLASH_OB_Lock), (20 bytes).
    Removing stm32f0xx_hal_flash.o(i.HAL_FLASH_OB_Unlock), (36 bytes).
    Removing stm32f0xx_hal_flash.o(i.HAL_FLASH_OperationErrorCallback), (2 bytes).
    Removing stm32f0xx_hal_flash.o(i.HAL_FLASH_Program), (124 bytes).
    Removing stm32f0xx_hal_flash.o(i.HAL_FLASH_Program_IT), (100 bytes).
    Removing stm32f0xx_hal_flash.o(i.HAL_FLASH_Unlock), (36 bytes).
    Removing stm32f0xx_hal_flash.o(.bss), (32 bytes).
    Removing stm32f0xx_hal_gpio.o(.rev16_text), (4 bytes).
    Removing stm32f0xx_hal_gpio.o(.revsh_text), (4 bytes).
    Removing stm32f0xx_hal_gpio.o(i.HAL_GPIO_DeInit), (228 bytes).
    Removing stm32f0xx_hal_gpio.o(i.HAL_GPIO_EXTI_Callback), (2 bytes).
    Removing stm32f0xx_hal_gpio.o(i.HAL_GPIO_EXTI_IRQHandler), (24 bytes).
    Removing stm32f0xx_hal_gpio.o(i.HAL_GPIO_LockPin), (36 bytes).
    Removing stm32f0xx_hal_gpio.o(i.HAL_GPIO_ReadPin), (10 bytes).
    Removing stm32f0xx_hal_adc_ex.o(.rev16_text), (4 bytes).
    Removing stm32f0xx_hal_adc_ex.o(.revsh_text), (4 bytes).
    Removing stm32f0xx_hal_adc_ex.o(i.HAL_ADCEx_Calibration_Start), (148 bytes).
    Removing stm32f0xx_hal_adc.o(.rev16_text), (4 bytes).
    Removing stm32f0xx_hal_adc.o(.revsh_text), (4 bytes).
    Removing stm32f0xx_hal_adc.o(i.ADC_ConversionStop), (82 bytes).
    Removing stm32f0xx_hal_adc.o(i.ADC_DMAConvCplt), (108 bytes).
    Removing stm32f0xx_hal_adc.o(i.ADC_DMAError), (26 bytes).
    Removing stm32f0xx_hal_adc.o(i.ADC_DMAHalfConvCplt), (10 bytes).
    Removing stm32f0xx_hal_adc.o(i.ADC_Disable), (102 bytes).
    Removing stm32f0xx_hal_adc.o(i.ADC_Enable), (132 bytes).
    Removing stm32f0xx_hal_adc.o(i.HAL_ADC_AnalogWDGConfig), (156 bytes).
    Removing stm32f0xx_hal_adc.o(i.HAL_ADC_ConvCpltCallback), (2 bytes).
    Removing stm32f0xx_hal_adc.o(i.HAL_ADC_ConvHalfCpltCallback), (2 bytes).
    Removing stm32f0xx_hal_adc.o(i.HAL_ADC_DeInit), (160 bytes).
    Removing stm32f0xx_hal_adc.o(i.HAL_ADC_ErrorCallback), (2 bytes).
    Removing stm32f0xx_hal_adc.o(i.HAL_ADC_GetError), (4 bytes).
    Removing stm32f0xx_hal_adc.o(i.HAL_ADC_GetState), (4 bytes).
    Removing stm32f0xx_hal_adc.o(i.HAL_ADC_GetValue), (6 bytes).
    Removing stm32f0xx_hal_adc.o(i.HAL_ADC_IRQHandler), (208 bytes).
    Removing stm32f0xx_hal_adc.o(i.HAL_ADC_LevelOutOfWindowCallback), (2 bytes).
    Removing stm32f0xx_hal_adc.o(i.HAL_ADC_MspDeInit), (2 bytes).
    Removing stm32f0xx_hal_adc.o(i.HAL_ADC_MspInit), (2 bytes).
    Removing stm32f0xx_hal_adc.o(i.HAL_ADC_PollForConversion), (190 bytes).
    Removing stm32f0xx_hal_adc.o(i.HAL_ADC_PollForEvent), (116 bytes).
    Removing stm32f0xx_hal_adc.o(i.HAL_ADC_Start), (92 bytes).
    Removing stm32f0xx_hal_adc.o(i.HAL_ADC_Start_DMA), (160 bytes).
    Removing stm32f0xx_hal_adc.o(i.HAL_ADC_Start_IT), (124 bytes).
    Removing stm32f0xx_hal_adc.o(i.HAL_ADC_Stop), (62 bytes).
    Removing stm32f0xx_hal_adc.o(i.HAL_ADC_Stop_DMA), (112 bytes).
    Removing stm32f0xx_hal_adc.o(i.HAL_ADC_Stop_IT), (72 bytes).
    Removing stm32f0xx_hal_msp.o(.rev16_text), (4 bytes).
    Removing stm32f0xx_hal_msp.o(.revsh_text), (4 bytes).
    Removing stm32f0xx_it.o(.rev16_text), (4 bytes).
    Removing stm32f0xx_it.o(.revsh_text), (4 bytes).
    Removing usart.o(.rev16_text), (4 bytes).
    Removing usart.o(.revsh_text), (4 bytes).
    Removing usart.o(i.HAL_UART_MspDeInit), (88 bytes).
    Removing main.o(.rev16_text), (4 bytes).
    Removing main.o(.revsh_text), (4 bytes).
    Removing gpio.o(.rev16_text), (4 bytes).
    Removing gpio.o(.revsh_text), (4 bytes).
    Removing tim.o(.rev16_text), (4 bytes).
    Removing tim.o(.revsh_text), (4 bytes).
    Removing tim.o(i.HAL_TIM_Base_MspDeInit), (36 bytes).
    Removing gerenciadortarefas.o(.rev16_text), (4 bytes).
    Removing gerenciadortarefas.o(.revsh_text), (4 bytes).
    Removing adc.o(.rev16_text), (4 bytes).
    Removing adc.o(.revsh_text), (4 bytes).
    Removing adc.o(i.HAL_ADC_MspDeInit), (40 bytes).
    Removing startup_stm32f072xb.o(HEAP), (512 bytes).
    Removing stm32f0xx_hal_tim.o(i.__ARM_common_switch8), (26 bytes).

429 unused section(s) (total 30940 bytes) removed from the image.

==============================================================================

Image Symbol Table

    Local Symbols

    Symbol Name                              Value     Ov Type        Size  Object(Section)

    ../Drivers/CMSIS//Device/ST/STM32F0xx/Source/Templates/system_stm32f0xx.c 0x00000000   Number         0  system_stm32f0xx.o ABSOLUTE
    ../Drivers/STM32F0xx_HAL_Driver/Src/stm32f0xx_hal.c 0x00000000   Number         0  stm32f0xx_hal.o ABSOLUTE
    ../Drivers/STM32F0xx_HAL_Driver/Src/stm32f0xx_hal_adc.c 0x00000000   Number         0  stm32f0xx_hal_adc.o ABSOLUTE
    ../Drivers/STM32F0xx_HAL_Driver/Src/stm32f0xx_hal_adc_ex.c 0x00000000   Number         0  stm32f0xx_hal_adc_ex.o ABSOLUTE
    ../Drivers/STM32F0xx_HAL_Driver/Src/stm32f0xx_hal_cortex.c 0x00000000   Number         0  stm32f0xx_hal_cortex.o ABSOLUTE
    ../Drivers/STM32F0xx_HAL_Driver/Src/stm32f0xx_hal_dma.c 0x00000000   Number         0  stm32f0xx_hal_dma.o ABSOLUTE
    ../Drivers/STM32F0xx_HAL_Driver/Src/stm32f0xx_hal_flash.c 0x00000000   Number         0  stm32f0xx_hal_flash.o ABSOLUTE
    ../Drivers/STM32F0xx_HAL_Driver/Src/stm32f0xx_hal_flash_ex.c 0x00000000   Number         0  stm32f0xx_hal_flash_ex.o ABSOLUTE
    ../Drivers/STM32F0xx_HAL_Driver/Src/stm32f0xx_hal_gpio.c 0x00000000   Number         0  stm32f0xx_hal_gpio.o ABSOLUTE
    ../Drivers/STM32F0xx_HAL_Driver/Src/stm32f0xx_hal_i2c.c 0x00000000   Number         0  stm32f0xx_hal_i2c.o ABSOLUTE
    ../Drivers/STM32F0xx_HAL_Driver/Src/stm32f0xx_hal_i2c_ex.c 0x00000000   Number         0  stm32f0xx_hal_i2c_ex.o ABSOLUTE
    ../Drivers/STM32F0xx_HAL_Driver/Src/stm32f0xx_hal_pwr.c 0x00000000   Number         0  stm32f0xx_hal_pwr.o ABSOLUTE
    ../Drivers/STM32F0xx_HAL_Driver/Src/stm32f0xx_hal_pwr_ex.c 0x00000000   Number         0  stm32f0xx_hal_pwr_ex.o ABSOLUTE
    ../Drivers/STM32F0xx_HAL_Driver/Src/stm32f0xx_hal_rcc.c 0x00000000   Number         0  stm32f0xx_hal_rcc.o ABSOLUTE
    ../Drivers/STM32F0xx_HAL_Driver/Src/stm32f0xx_hal_rcc_ex.c 0x00000000   Number         0  stm32f0xx_hal_rcc_ex.o ABSOLUTE
    ../Drivers/STM32F0xx_HAL_Driver/Src/stm32f0xx_hal_tim.c 0x00000000   Number         0  stm32f0xx_hal_tim.o ABSOLUTE
    ../Drivers/STM32F0xx_HAL_Driver/Src/stm32f0xx_hal_tim_ex.c 0x00000000   Number         0  stm32f0xx_hal_tim_ex.o ABSOLUTE
    ../Drivers/STM32F0xx_HAL_Driver/Src/stm32f0xx_hal_uart.c 0x00000000   Number         0  stm32f0xx_hal_uart.o ABSOLUTE
    ../Drivers/STM32F0xx_HAL_Driver/Src/stm32f0xx_hal_uart_ex.c 0x00000000   Number         0  stm32f0xx_hal_uart_ex.o ABSOLUTE
    ../Src/adc.c                             0x00000000   Number         0  adc.o ABSOLUTE
    ../Src/gpio.c                            0x00000000   Number         0  gpio.o ABSOLUTE
    ../Src/main.c                            0x00000000   Number         0  main.o ABSOLUTE
    ../Src/stm32f0xx_hal_msp.c               0x00000000   Number         0  stm32f0xx_hal_msp.o ABSOLUTE
    ../Src/stm32f0xx_it.c                    0x00000000   Number         0  stm32f0xx_it.o ABSOLUTE
    ../Src/tim.c                             0x00000000   Number         0  tim.o ABSOLUTE
    ../Src/usart.c                           0x00000000   Number         0  usart.o ABSOLUTE
    ../clib/microlib/division.c              0x00000000   Number         0  uidiv.o ABSOLUTE
    ../clib/microlib/init/entry.s            0x00000000   Number         0  entry11b.o ABSOLUTE
    ../clib/microlib/init/entry.s            0x00000000   Number         0  entry7b.o ABSOLUTE
    ../clib/microlib/init/entry.s            0x00000000   Number         0  entry7a.o ABSOLUTE
    ../clib/microlib/init/entry.s            0x00000000   Number         0  entry8a.o ABSOLUTE
    ../clib/microlib/init/entry.s            0x00000000   Number         0  entry9a.o ABSOLUTE
    ../clib/microlib/init/entry.s            0x00000000   Number         0  entry.o ABSOLUTE
    ../clib/microlib/init/entry.s            0x00000000   Number         0  entry10a.o ABSOLUTE
    ../clib/microlib/init/entry.s            0x00000000   Number         0  entry10b.o ABSOLUTE
    ../clib/microlib/init/entry.s            0x00000000   Number         0  entry11a.o ABSOLUTE
    ../clib/microlib/init/entry.s            0x00000000   Number         0  entry5.o ABSOLUTE
    ../clib/microlib/init/entry.s            0x00000000   Number         0  entry9b.o ABSOLUTE
    ../clib/microlib/init/entry.s            0x00000000   Number         0  entry8b.o ABSOLUTE
    ../clib/microlib/init/entry.s            0x00000000   Number         0  entry2.o ABSOLUTE
    ../clib/microlib/longlong.c              0x00000000   Number         0  llushr.o ABSOLUTE
    ../clib/microlib/string/memset.c         0x00000000   Number         0  memseta.o ABSOLUTE
    ..\Drivers\CMSIS\\Device\ST\STM32F0xx\Source\Templates\system_stm32f0xx.c 0x00000000   Number         0  system_stm32f0xx.o ABSOLUTE
    ..\Drivers\STM32F0xx_HAL_Driver\Src\stm32f0xx_hal.c 0x00000000   Number         0  stm32f0xx_hal.o ABSOLUTE
    ..\Drivers\STM32F0xx_HAL_Driver\Src\stm32f0xx_hal_adc.c 0x00000000   Number         0  stm32f0xx_hal_adc.o ABSOLUTE
    ..\Drivers\STM32F0xx_HAL_Driver\Src\stm32f0xx_hal_adc_ex.c 0x00000000   Number         0  stm32f0xx_hal_adc_ex.o ABSOLUTE
    ..\Drivers\STM32F0xx_HAL_Driver\Src\stm32f0xx_hal_cortex.c 0x00000000   Number         0  stm32f0xx_hal_cortex.o ABSOLUTE
    ..\Drivers\STM32F0xx_HAL_Driver\Src\stm32f0xx_hal_dma.c 0x00000000   Number         0  stm32f0xx_hal_dma.o ABSOLUTE
    ..\Drivers\STM32F0xx_HAL_Driver\Src\stm32f0xx_hal_flash.c 0x00000000   Number         0  stm32f0xx_hal_flash.o ABSOLUTE
    ..\Drivers\STM32F0xx_HAL_Driver\Src\stm32f0xx_hal_flash_ex.c 0x00000000   Number         0  stm32f0xx_hal_flash_ex.o ABSOLUTE
    ..\Drivers\STM32F0xx_HAL_Driver\Src\stm32f0xx_hal_gpio.c 0x00000000   Number         0  stm32f0xx_hal_gpio.o ABSOLUTE
    ..\Drivers\STM32F0xx_HAL_Driver\Src\stm32f0xx_hal_i2c.c 0x00000000   Number         0  stm32f0xx_hal_i2c.o ABSOLUTE
    ..\Drivers\STM32F0xx_HAL_Driver\Src\stm32f0xx_hal_i2c_ex.c 0x00000000   Number         0  stm32f0xx_hal_i2c_ex.o ABSOLUTE
    ..\Drivers\STM32F0xx_HAL_Driver\Src\stm32f0xx_hal_pwr.c 0x00000000   Number         0  stm32f0xx_hal_pwr.o ABSOLUTE
    ..\Drivers\STM32F0xx_HAL_Driver\Src\stm32f0xx_hal_pwr_ex.c 0x00000000   Number         0  stm32f0xx_hal_pwr_ex.o ABSOLUTE
    ..\Drivers\STM32F0xx_HAL_Driver\Src\stm32f0xx_hal_rcc.c 0x00000000   Number         0  stm32f0xx_hal_rcc.o ABSOLUTE
    ..\Drivers\STM32F0xx_HAL_Driver\Src\stm32f0xx_hal_rcc_ex.c 0x00000000   Number         0  stm32f0xx_hal_rcc_ex.o ABSOLUTE
    ..\Drivers\STM32F0xx_HAL_Driver\Src\stm32f0xx_hal_tim.c 0x00000000   Number         0  stm32f0xx_hal_tim.o ABSOLUTE
    ..\Drivers\STM32F0xx_HAL_Driver\Src\stm32f0xx_hal_tim_ex.c 0x00000000   Number         0  stm32f0xx_hal_tim_ex.o ABSOLUTE
    ..\Drivers\STM32F0xx_HAL_Driver\Src\stm32f0xx_hal_uart.c 0x00000000   Number         0  stm32f0xx_hal_uart.o ABSOLUTE
    ..\Drivers\STM32F0xx_HAL_Driver\Src\stm32f0xx_hal_uart_ex.c 0x00000000   Number         0  stm32f0xx_hal_uart_ex.o ABSOLUTE
    ..\Src\GerenciadorTarefas.c              0x00000000   Number         0  gerenciadortarefas.o ABSOLUTE
    ..\Src\adc.c                             0x00000000   Number         0  adc.o ABSOLUTE
    ..\Src\gpio.c                            0x00000000   Number         0  gpio.o ABSOLUTE
    ..\Src\main.c                            0x00000000   Number         0  main.o ABSOLUTE
    ..\Src\stm32f0xx_hal_msp.c               0x00000000   Number         0  stm32f0xx_hal_msp.o ABSOLUTE
    ..\Src\stm32f0xx_it.c                    0x00000000   Number         0  stm32f0xx_it.o ABSOLUTE
    ..\Src\tim.c                             0x00000000   Number         0  tim.o ABSOLUTE
    ..\Src\usart.c                           0x00000000   Number         0  usart.o ABSOLUTE
    ..\\Src\\GerenciadorTarefas.c            0x00000000   Number         0  gerenciadortarefas.o ABSOLUTE
    dc.s                                     0x00000000   Number         0  dc.o ABSOLUTE
    handlers.s                               0x00000000   Number         0  handlers.o ABSOLUTE
    init.s                                   0x00000000   Number         0  init.o ABSOLUTE
    startup_stm32f072xb.s                    0x00000000   Number         0  startup_stm32f072xb.o ABSOLUTE
    RESET                                    0x08000000   Section      192  startup_stm32f072xb.o(RESET)
    .ARM.Collect$$$$00000000                 0x080000c0   Section        0  entry.o(.ARM.Collect$$$$00000000)
    .ARM.Collect$$$$00000001                 0x080000c0   Section        4  entry2.o(.ARM.Collect$$$$00000001)
    .ARM.Collect$$$$00000004                 0x080000c4   Section        4  entry5.o(.ARM.Collect$$$$00000004)
    .ARM.Collect$$$$00000008                 0x080000c8   Section        0  entry7b.o(.ARM.Collect$$$$00000008)
    .ARM.Collect$$$$0000000A                 0x080000c8   Section        0  entry8b.o(.ARM.Collect$$$$0000000A)
    .ARM.Collect$$$$0000000B                 0x080000c8   Section        8  entry9a.o(.ARM.Collect$$$$0000000B)
    .ARM.Collect$$$$0000000D                 0x080000d0   Section        0  entry10a.o(.ARM.Collect$$$$0000000D)
    .ARM.Collect$$$$0000000F                 0x080000d0   Section        0  entry11a.o(.ARM.Collect$$$$0000000F)
    .ARM.Collect$$$$00002712                 0x080000d0   Section        4  entry2.o(.ARM.Collect$$$$00002712)
    __lit__00000000                          0x080000d0   Data           4  entry2.o(.ARM.Collect$$$$00002712)
    .text                                    0x080000d4   Section       28  startup_stm32f072xb.o(.text)
    .text                                    0x080000f0   Section        0  uidiv.o(.text)
    .text                                    0x0800011c   Section       36  init.o(.text)
    i.Error_Handler                          0x08000140   Section        0  main.o(i.Error_Handler)
    i.ExecutaTarefa                          0x08000144   Section        0  gerenciadortarefas.o(i.ExecutaTarefa)
    i.HAL_ADC_ConfigChannel                  0x08000194   Section        0  stm32f0xx_hal_adc.o(i.HAL_ADC_ConfigChannel)
    i.HAL_ADC_Init                           0x080002c0   Section        0  stm32f0xx_hal_adc.o(i.HAL_ADC_Init)
    i.HAL_ADC_MspInit                        0x08000434   Section        0  adc.o(i.HAL_ADC_MspInit)
    i.HAL_GPIO_Init                          0x08000474   Section        0  stm32f0xx_hal_gpio.o(i.HAL_GPIO_Init)
    i.HAL_GPIO_TogglePin                     0x080005cc   Section        0  stm32f0xx_hal_gpio.o(i.HAL_GPIO_TogglePin)
    i.HAL_GPIO_WritePin                      0x080005d4   Section        0  stm32f0xx_hal_gpio.o(i.HAL_GPIO_WritePin)
    i.HAL_GetTick                            0x080005e0   Section        0  stm32f0xx_hal.o(i.HAL_GetTick)
    i.HAL_IncTick                            0x080005ec   Section        0  stm32f0xx_hal.o(i.HAL_IncTick)
    i.HAL_Init                               0x080005fc   Section        0  stm32f0xx_hal.o(i.HAL_Init)
    i.HAL_InitTick                           0x0800061c   Section        0  stm32f0xx_hal.o(i.HAL_InitTick)
    i.HAL_MspInit                            0x08000640   Section        0  stm32f0xx_hal_msp.o(i.HAL_MspInit)
    i.HAL_NVIC_EnableIRQ                     0x08000678   Section        0  stm32f0xx_hal_cortex.o(i.HAL_NVIC_EnableIRQ)
    i.HAL_NVIC_SetPriority                   0x0800068c   Section        0  stm32f0xx_hal_cortex.o(i.HAL_NVIC_SetPriority)
    i.HAL_RCCEx_PeriphCLKConfig              0x08000694   Section        0  stm32f0xx_hal_rcc_ex.o(i.HAL_RCCEx_PeriphCLKConfig)
    i.HAL_RCC_ClockConfig                    0x080007b4   Section        0  stm32f0xx_hal_rcc.o(i.HAL_RCC_ClockConfig)
    i.HAL_RCC_GetHCLKFreq                    0x08000908   Section        0  stm32f0xx_hal_rcc.o(i.HAL_RCC_GetHCLKFreq)
    i.HAL_RCC_GetPCLK1Freq                   0x08000914   Section        0  stm32f0xx_hal_rcc.o(i.HAL_RCC_GetPCLK1Freq)
    i.HAL_RCC_GetSysClockFreq                0x08000934   Section        0  stm32f0xx_hal_rcc.o(i.HAL_RCC_GetSysClockFreq)
    i.HAL_RCC_OscConfig                      0x080009bc   Section        0  stm32f0xx_hal_rcc.o(i.HAL_RCC_OscConfig)
    i.HAL_SYSTICK_CLKSourceConfig            0x08000d94   Section        0  stm32f0xx_hal_cortex.o(i.HAL_SYSTICK_CLKSourceConfig)
    i.HAL_SYSTICK_Callback                   0x08000dac   Section        0  stm32f0xx_hal_cortex.o(i.HAL_SYSTICK_Callback)
    i.HAL_SYSTICK_Config                     0x08000db0   Section        0  stm32f0xx_hal_cortex.o(i.HAL_SYSTICK_Config)
    i.HAL_SYSTICK_IRQHandler                 0x08000de0   Section        0  stm32f0xx_hal_cortex.o(i.HAL_SYSTICK_IRQHandler)
    i.HAL_TIMEx_BreakCallback                0x08000de8   Section        0  stm32f0xx_hal_tim_ex.o(i.HAL_TIMEx_BreakCallback)
    i.HAL_TIMEx_CommutationCallback          0x08000dea   Section        0  stm32f0xx_hal_tim_ex.o(i.HAL_TIMEx_CommutationCallback)
    i.HAL_TIMEx_MasterConfigSynchronization  0x08000dec   Section        0  stm32f0xx_hal_tim_ex.o(i.HAL_TIMEx_MasterConfigSynchronization)
    i.HAL_TIM_Base_Init                      0x08000e34   Section        0  stm32f0xx_hal_tim.o(i.HAL_TIM_Base_Init)
    i.HAL_TIM_Base_MspInit                   0x08000e68   Section        0  tim.o(i.HAL_TIM_Base_MspInit)
    i.HAL_TIM_Base_Start_IT                  0x08000e9c   Section        0  stm32f0xx_hal_tim.o(i.HAL_TIM_Base_Start_IT)
    i.HAL_TIM_ConfigClockSource              0x08000eb2   Section        0  stm32f0xx_hal_tim.o(i.HAL_TIM_ConfigClockSource)
    i.HAL_TIM_IC_CaptureCallback             0x08000fa0   Section        0  stm32f0xx_hal_tim.o(i.HAL_TIM_IC_CaptureCallback)
    i.HAL_TIM_IRQHandler                     0x08000fa2   Section        0  stm32f0xx_hal_tim.o(i.HAL_TIM_IRQHandler)
    i.HAL_TIM_OC_DelayElapsedCallback        0x08001104   Section        0  stm32f0xx_hal_tim.o(i.HAL_TIM_OC_DelayElapsedCallback)
    i.HAL_TIM_PWM_PulseFinishedCallback      0x08001106   Section        0  stm32f0xx_hal_tim.o(i.HAL_TIM_PWM_PulseFinishedCallback)
    i.HAL_TIM_PeriodElapsedCallback          0x08001108   Section        0  main.o(i.HAL_TIM_PeriodElapsedCallback)
    i.HAL_TIM_TriggerCallback                0x08001154   Section        0  stm32f0xx_hal_tim.o(i.HAL_TIM_TriggerCallback)
    i.HAL_UARTEx_WakeupCallback              0x08001156   Section        0  stm32f0xx_hal_uart_ex.o(i.HAL_UARTEx_WakeupCallback)
    i.HAL_UART_ErrorCallback                 0x08001158   Section        0  stm32f0xx_hal_uart.o(i.HAL_UART_ErrorCallback)
    i.HAL_UART_IRQHandler                    0x0800115a   Section        0  stm32f0xx_hal_uart.o(i.HAL_UART_IRQHandler)
    i.HAL_UART_Init                          0x08001232   Section        0  stm32f0xx_hal_uart.o(i.HAL_UART_Init)
    i.HAL_UART_MspInit                       0x080012a0   Section        0  usart.o(i.HAL_UART_MspInit)
    i.HAL_UART_RxCpltCallback                0x08001338   Section        0  stm32f0xx_hal_uart.o(i.HAL_UART_RxCpltCallback)
    i.HAL_UART_TxCpltCallback                0x0800133a   Section        0  stm32f0xx_hal_uart.o(i.HAL_UART_TxCpltCallback)
    i.IniciaGerenciadorTarefas               0x0800133c   Section        0  gerenciadortarefas.o(i.IniciaGerenciadorTarefas)
    i.MX_ADC_Init                            0x080013a0   Section        0  adc.o(i.MX_ADC_Init)
    i.MX_GPIO_Init                           0x080013f8   Section        0  gpio.o(i.MX_GPIO_Init)
    i.MX_TIM3_Init                           0x0800150c   Section        0  tim.o(i.MX_TIM3_Init)
    i.MX_USART1_UART_Init                    0x0800156c   Section        0  usart.o(i.MX_USART1_UART_Init)
    i.MX_USART3_UART_Init                    0x080015a4   Section        0  usart.o(i.MX_USART3_UART_Init)
    i.NVIC_SetPriority                       0x080015dc   Section        0  stm32f0xx_hal_cortex.o(i.NVIC_SetPriority)
    NVIC_SetPriority                         0x080015dd   Thumb Code    60  stm32f0xx_hal_cortex.o(i.NVIC_SetPriority)
    i.SysTick_Handler                        0x08001620   Section        0  stm32f0xx_it.o(i.SysTick_Handler)
    i.SystemClock_Config                     0x0800162c   Section        0  main.o(i.SystemClock_Config)
    i.SystemInit                             0x080016a8   Section        0  system_stm32f0xx.o(i.SystemInit)
    i.TIM3_IRQHandler                        0x08001704   Section        0  stm32f0xx_it.o(i.TIM3_IRQHandler)
    i.TIM_Base_SetConfig                     0x08001714   Section        0  stm32f0xx_hal_tim.o(i.TIM_Base_SetConfig)
    i.TIM_ETR_SetConfig                      0x080017a0   Section        0  stm32f0xx_hal_tim.o(i.TIM_ETR_SetConfig)
    i.TIM_ITRx_SetConfig                     0x080017b6   Section        0  stm32f0xx_hal_tim.o(i.TIM_ITRx_SetConfig)
    TIM_ITRx_SetConfig                       0x080017b7   Thumb Code    16  stm32f0xx_hal_tim.o(i.TIM_ITRx_SetConfig)
    i.TIM_TI1_ConfigInputStage               0x080017c6   Section        0  stm32f0xx_hal_tim.o(i.TIM_TI1_ConfigInputStage)
    TIM_TI1_ConfigInputStage                 0x080017c7   Thumb Code    34  stm32f0xx_hal_tim.o(i.TIM_TI1_ConfigInputStage)
    i.TIM_TI2_ConfigInputStage               0x080017e8   Section        0  stm32f0xx_hal_tim.o(i.TIM_TI2_ConfigInputStage)
    TIM_TI2_ConfigInputStage                 0x080017e9   Thumb Code    38  stm32f0xx_hal_tim.o(i.TIM_TI2_ConfigInputStage)
    i.Tarefa1                                0x08001810   Section        0  gerenciadortarefas.o(i.Tarefa1)
    i.Tarefa2                                0x08001820   Section        0  gerenciadortarefas.o(i.Tarefa2)
    i.Tarefa3                                0x08001830   Section        0  gerenciadortarefas.o(i.Tarefa3)
    i.Tarefa4                                0x08001844   Section        0  gerenciadortarefas.o(i.Tarefa4)
    i.Tarefa5                                0x08001858   Section        0  gerenciadortarefas.o(i.Tarefa5)
    i.UART_AdvFeatureConfig                  0x0800185a   Section        0  stm32f0xx_hal_uart.o(i.UART_AdvFeatureConfig)
    i.UART_CheckIdleState                    0x08001924   Section        0  stm32f0xx_hal_uart.o(i.UART_CheckIdleState)
    i.UART_EndTransmit_IT                    0x0800198c   Section        0  stm32f0xx_hal_uart.o(i.UART_EndTransmit_IT)
    i.UART_Receive_IT                        0x080019a6   Section        0  stm32f0xx_hal_uart.o(i.UART_Receive_IT)
    i.UART_SetConfig                         0x08001a28   Section        0  stm32f0xx_hal_uart.o(i.UART_SetConfig)
    i.UART_Transmit_IT                       0x08001b84   Section        0  stm32f0xx_hal_uart.o(i.UART_Transmit_IT)
    i.UART_WaitOnFlagUntilTimeout            0x08001bea   Section        0  stm32f0xx_hal_uart.o(i.UART_WaitOnFlagUntilTimeout)
    i.USART1_IRQHandler                      0x08001c9c   Section        0  stm32f0xx_it.o(i.USART1_IRQHandler)
    i.USART3_4_IRQHandler                    0x08001cac   Section        0  stm32f0xx_it.o(i.USART3_4_IRQHandler)
    i.__scatterload_copy                     0x08001cbc   Section       14  handlers.o(i.__scatterload_copy)
    i.__scatterload_null                     0x08001cca   Section        2  handlers.o(i.__scatterload_null)
    i.__scatterload_zeroinit                 0x08001ccc   Section       14  handlers.o(i.__scatterload_zeroinit)
    i.main                                   0x08001cdc   Section        0  main.o(i.main)
    .constdata                               0x08001d0c   Section       16  system_stm32f0xx.o(.constdata)
    .constdata                               0x08001d1c   Section        8  system_stm32f0xx.o(.constdata)
    .data                                    0x20000000   Section        4  system_stm32f0xx.o(.data)
    .data                                    0x20000004   Section        4  stm32f0xx_hal.o(.data)
    .data                                    0x20000008   Section        8  main.o(.data)
    .bss                                     0x20000010   Section      224  usart.o(.bss)
    .bss                                     0x200000f0   Section       20  main.o(.bss)
    .bss                                     0x20000104   Section       20  main.o(.bss)
    .bss                                     0x20000118   Section       20  main.o(.bss)
    .bss                                     0x2000012c   Section       60  tim.o(.bss)
    .bss                                     0x20000168   Section       76  adc.o(.bss)
    STACK                                    0x200001b8   Section     1024  startup_stm32f072xb.o(STACK)

    Global Symbols

    Symbol Name                              Value     Ov Type        Size  Object(Section)

    BuildAttributes$$THM_ISAv3M$S$PE$A:L22$X:L11$S22$IEEE1$IW$USESV6$~STKCKD$USESV7$~SHL$OSPACE$EBA8$MICROLIB$REQ8$PRES8$EABIv2 0x00000000   Number         0  anon$$obj.o ABSOLUTE
    __ARM_use_no_argv                        0x00000000   Number         0  main.o ABSOLUTE
    __cpp_initialize__aeabi_                  - Undefined Weak Reference
    __cxa_finalize                            - Undefined Weak Reference
    __decompress                              - Undefined Weak Reference
    _clock_init                               - Undefined Weak Reference
    _microlib_exit                            - Undefined Weak Reference
    __Vectors_Size                           0x000000c0   Number         0  startup_stm32f072xb.o ABSOLUTE
    __Vectors                                0x08000000   Data           4  startup_stm32f072xb.o(RESET)
    __Vectors_End                            0x080000c0   Data           0  startup_stm32f072xb.o(RESET)
    __main                                   0x080000c1   Thumb Code     0  entry.o(.ARM.Collect$$$$00000000)
    _main_stk                                0x080000c1   Thumb Code     0  entry2.o(.ARM.Collect$$$$00000001)
    _main_scatterload                        0x080000c5   Thumb Code     0  entry5.o(.ARM.Collect$$$$00000004)
    __main_after_scatterload                 0x080000c9   Thumb Code     0  entry5.o(.ARM.Collect$$$$00000004)
    _main_clock                              0x080000c9   Thumb Code     0  entry7b.o(.ARM.Collect$$$$00000008)
    _main_cpp_init                           0x080000c9   Thumb Code     0  entry8b.o(.ARM.Collect$$$$0000000A)
    _main_init                               0x080000c9   Thumb Code     0  entry9a.o(.ARM.Collect$$$$0000000B)
    __rt_final_cpp                           0x080000d1   Thumb Code     0  entry10a.o(.ARM.Collect$$$$0000000D)
    __rt_final_exit                          0x080000d1   Thumb Code     0  entry11a.o(.ARM.Collect$$$$0000000F)
    Reset_Handler                            0x080000d5   Thumb Code     8  startup_stm32f072xb.o(.text)
    NMI_Handler                              0x080000dd   Thumb Code     2  startup_stm32f072xb.o(.text)
    HardFault_Handler                        0x080000df   Thumb Code     2  startup_stm32f072xb.o(.text)
    SVC_Handler                              0x080000e1   Thumb Code     2  startup_stm32f072xb.o(.text)
    PendSV_Handler                           0x080000e3   Thumb Code     2  startup_stm32f072xb.o(.text)
    ADC1_COMP_IRQHandler                     0x080000e7   Thumb Code     0  startup_stm32f072xb.o(.text)
    CEC_CAN_IRQHandler                       0x080000e7   Thumb Code     0  startup_stm32f072xb.o(.text)
    DMA1_Channel1_IRQHandler                 0x080000e7   Thumb Code     0  startup_stm32f072xb.o(.text)
    DMA1_Channel2_3_IRQHandler               0x080000e7   Thumb Code     0  startup_stm32f072xb.o(.text)
    DMA1_Channel4_5_6_7_IRQHandler           0x080000e7   Thumb Code     0  startup_stm32f072xb.o(.text)
    EXTI0_1_IRQHandler                       0x080000e7   Thumb Code     0  startup_stm32f072xb.o(.text)
    EXTI2_3_IRQHandler                       0x080000e7   Thumb Code     0  startup_stm32f072xb.o(.text)
    EXTI4_15_IRQHandler                      0x080000e7   Thumb Code     0  startup_stm32f072xb.o(.text)
    FLASH_IRQHandler                         0x080000e7   Thumb Code     0  startup_stm32f072xb.o(.text)
    I2C1_IRQHandler                          0x080000e7   Thumb Code     0  startup_stm32f072xb.o(.text)
    I2C2_IRQHandler                          0x080000e7   Thumb Code     0  startup_stm32f072xb.o(.text)
    PVD_VDDIO2_IRQHandler                    0x080000e7   Thumb Code     0  startup_stm32f072xb.o(.text)
    RCC_CRS_IRQHandler                       0x080000e7   Thumb Code     0  startup_stm32f072xb.o(.text)
    RTC_IRQHandler                           0x080000e7   Thumb Code     0  startup_stm32f072xb.o(.text)
    SPI1_IRQHandler                          0x080000e7   Thumb Code     0  startup_stm32f072xb.o(.text)
    SPI2_IRQHandler                          0x080000e7   Thumb Code     0  startup_stm32f072xb.o(.text)
    TIM14_IRQHandler                         0x080000e7   Thumb Code     0  startup_stm32f072xb.o(.text)
    TIM15_IRQHandler                         0x080000e7   Thumb Code     0  startup_stm32f072xb.o(.text)
    TIM16_IRQHandler                         0x080000e7   Thumb Code     0  startup_stm32f072xb.o(.text)
    TIM17_IRQHandler                         0x080000e7   Thumb Code     0  startup_stm32f072xb.o(.text)
    TIM1_BRK_UP_TRG_COM_IRQHandler           0x080000e7   Thumb Code     0  startup_stm32f072xb.o(.text)
    TIM1_CC_IRQHandler                       0x080000e7   Thumb Code     0  startup_stm32f072xb.o(.text)
    TIM2_IRQHandler                          0x080000e7   Thumb Code     0  startup_stm32f072xb.o(.text)
    TIM6_DAC_IRQHandler                      0x080000e7   Thumb Code     0  startup_stm32f072xb.o(.text)
    TIM7_IRQHandler                          0x080000e7   Thumb Code     0  startup_stm32f072xb.o(.text)
    TSC_IRQHandler                           0x080000e7   Thumb Code     0  startup_stm32f072xb.o(.text)
    USART2_IRQHandler                        0x080000e7   Thumb Code     0  startup_stm32f072xb.o(.text)
    USB_IRQHandler                           0x080000e7   Thumb Code     0  startup_stm32f072xb.o(.text)
    WWDG_IRQHandler                          0x080000e7   Thumb Code     0  startup_stm32f072xb.o(.text)
    __aeabi_uidiv                            0x080000f1   Thumb Code     0  uidiv.o(.text)
    __aeabi_uidivmod                         0x080000f1   Thumb Code    44  uidiv.o(.text)
    __scatterload                            0x0800011d   Thumb Code    28  init.o(.text)
    __scatterload_rt2                        0x0800011d   Thumb Code     0  init.o(.text)
    Error_Handler                            0x08000141   Thumb Code     2  main.o(i.Error_Handler)
    ExecutaTarefa                            0x08000145   Thumb Code    58  gerenciadortarefas.o(i.ExecutaTarefa)
    HAL_ADC_ConfigChannel                    0x08000195   Thumb Code   284  stm32f0xx_hal_adc.o(i.HAL_ADC_ConfigChannel)
    HAL_ADC_Init                             0x080002c1   Thumb Code   364  stm32f0xx_hal_adc.o(i.HAL_ADC_Init)
    HAL_ADC_MspInit                          0x08000435   Thumb Code    54  adc.o(i.HAL_ADC_MspInit)
    HAL_GPIO_Init                            0x08000475   Thumb Code   314  stm32f0xx_hal_gpio.o(i.HAL_GPIO_Init)
    HAL_GPIO_TogglePin                       0x080005cd   Thumb Code     8  stm32f0xx_hal_gpio.o(i.HAL_GPIO_TogglePin)
    HAL_GPIO_WritePin                        0x080005d5   Thumb Code    12  stm32f0xx_hal_gpio.o(i.HAL_GPIO_WritePin)
    HAL_GetTick                              0x080005e1   Thumb Code     6  stm32f0xx_hal.o(i.HAL_GetTick)
    HAL_IncTick                              0x080005ed   Thumb Code    10  stm32f0xx_hal.o(i.HAL_IncTick)
    HAL_Init                                 0x080005fd   Thumb Code    26  stm32f0xx_hal.o(i.HAL_Init)
    HAL_InitTick                             0x0800061d   Thumb Code    34  stm32f0xx_hal.o(i.HAL_InitTick)
    HAL_MspInit                              0x08000641   Thumb Code    50  stm32f0xx_hal_msp.o(i.HAL_MspInit)
    HAL_NVIC_EnableIRQ                       0x08000679   Thumb Code    14  stm32f0xx_hal_cortex.o(i.HAL_NVIC_EnableIRQ)
    HAL_NVIC_SetPriority                     0x0800068d   Thumb Code     8  stm32f0xx_hal_cortex.o(i.HAL_NVIC_SetPriority)
    HAL_RCCEx_PeriphCLKConfig                0x08000695   Thumb Code   274  stm32f0xx_hal_rcc_ex.o(i.HAL_RCCEx_PeriphCLKConfig)
    HAL_RCC_ClockConfig                      0x080007b5   Thumb Code   320  stm32f0xx_hal_rcc.o(i.HAL_RCC_ClockConfig)
    HAL_RCC_GetHCLKFreq                      0x08000909   Thumb Code     6  stm32f0xx_hal_rcc.o(i.HAL_RCC_GetHCLKFreq)
    HAL_RCC_GetPCLK1Freq                     0x08000915   Thumb Code    20  stm32f0xx_hal_rcc.o(i.HAL_RCC_GetPCLK1Freq)
    HAL_RCC_GetSysClockFreq                  0x08000935   Thumb Code    90  stm32f0xx_hal_rcc.o(i.HAL_RCC_GetSysClockFreq)
    HAL_RCC_OscConfig                        0x080009bd   Thumb Code   966  stm32f0xx_hal_rcc.o(i.HAL_RCC_OscConfig)
    HAL_SYSTICK_CLKSourceConfig              0x08000d95   Thumb Code    20  stm32f0xx_hal_cortex.o(i.HAL_SYSTICK_CLKSourceConfig)
    HAL_SYSTICK_Callback                     0x08000dad   Thumb Code     2  stm32f0xx_hal_cortex.o(i.HAL_SYSTICK_Callback)
    HAL_SYSTICK_Config                       0x08000db1   Thumb Code    38  stm32f0xx_hal_cortex.o(i.HAL_SYSTICK_Config)
    HAL_SYSTICK_IRQHandler                   0x08000de1   Thumb Code     8  stm32f0xx_hal_cortex.o(i.HAL_SYSTICK_IRQHandler)
    HAL_TIMEx_BreakCallback                  0x08000de9   Thumb Code     2  stm32f0xx_hal_tim_ex.o(i.HAL_TIMEx_BreakCallback)
    HAL_TIMEx_CommutationCallback            0x08000deb   Thumb Code     2  stm32f0xx_hal_tim_ex.o(i.HAL_TIMEx_CommutationCallback)
    HAL_TIMEx_MasterConfigSynchronization    0x08000ded   Thumb Code    72  stm32f0xx_hal_tim_ex.o(i.HAL_TIMEx_MasterConfigSynchronization)
    HAL_TIM_Base_Init                        0x08000e35   Thumb Code    52  stm32f0xx_hal_tim.o(i.HAL_TIM_Base_Init)
    HAL_TIM_Base_MspInit                     0x08000e69   Thumb Code    44  tim.o(i.HAL_TIM_Base_MspInit)
    HAL_TIM_Base_Start_IT                    0x08000e9d   Thumb Code    22  stm32f0xx_hal_tim.o(i.HAL_TIM_Base_Start_IT)
    HAL_TIM_ConfigClockSource                0x08000eb3   Thumb Code   238  stm32f0xx_hal_tim.o(i.HAL_TIM_ConfigClockSource)
    HAL_TIM_IC_CaptureCallback               0x08000fa1   Thumb Code     2  stm32f0xx_hal_tim.o(i.HAL_TIM_IC_CaptureCallback)
    HAL_TIM_IRQHandler                       0x08000fa3   Thumb Code   354  stm32f0xx_hal_tim.o(i.HAL_TIM_IRQHandler)
    HAL_TIM_OC_DelayElapsedCallback          0x08001105   Thumb Code     2  stm32f0xx_hal_tim.o(i.HAL_TIM_OC_DelayElapsedCallback)
    HAL_TIM_PWM_PulseFinishedCallback        0x08001107   Thumb Code     2  stm32f0xx_hal_tim.o(i.HAL_TIM_PWM_PulseFinishedCallback)
    HAL_TIM_PeriodElapsedCallback            0x08001109   Thumb Code    58  main.o(i.HAL_TIM_PeriodElapsedCallback)
    HAL_TIM_TriggerCallback                  0x08001155   Thumb Code     2  stm32f0xx_hal_tim.o(i.HAL_TIM_TriggerCallback)
    HAL_UARTEx_WakeupCallback                0x08001157   Thumb Code     2  stm32f0xx_hal_uart_ex.o(i.HAL_UARTEx_WakeupCallback)
    HAL_UART_ErrorCallback                   0x08001159   Thumb Code     2  stm32f0xx_hal_uart.o(i.HAL_UART_ErrorCallback)
    HAL_UART_IRQHandler                      0x0800115b   Thumb Code   216  stm32f0xx_hal_uart.o(i.HAL_UART_IRQHandler)
    HAL_UART_Init                            0x08001233   Thumb Code   108  stm32f0xx_hal_uart.o(i.HAL_UART_Init)
    HAL_UART_MspInit                         0x080012a1   Thumb Code   134  usart.o(i.HAL_UART_MspInit)
    HAL_UART_RxCpltCallback                  0x08001339   Thumb Code     2  stm32f0xx_hal_uart.o(i.HAL_UART_RxCpltCallback)
    HAL_UART_TxCpltCallback                  0x0800133b   Thumb Code     2  stm32f0xx_hal_uart.o(i.HAL_UART_TxCpltCallback)
    IniciaGerenciadorTarefas                 0x0800133d   Thumb Code    56  gerenciadortarefas.o(i.IniciaGerenciadorTarefas)
    MX_ADC_Init                              0x080013a1   Thumb Code    80  adc.o(i.MX_ADC_Init)
    MX_GPIO_Init                             0x080013f9   Thumb Code   256  gpio.o(i.MX_GPIO_Init)
    MX_TIM3_Init                             0x0800150d   Thumb Code    82  tim.o(i.MX_TIM3_Init)
    MX_USART1_UART_Init                      0x0800156d   Thumb Code    48  usart.o(i.MX_USART1_UART_Init)
    MX_USART3_UART_Init                      0x080015a5   Thumb Code    48  usart.o(i.MX_USART3_UART_Init)
    SysTick_Handler                          0x08001621   Thumb Code    12  stm32f0xx_it.o(i.SysTick_Handler)
    SystemClock_Config                       0x0800162d   Thumb Code   124  main.o(i.SystemClock_Config)
    SystemInit                               0x080016a9   Thumb Code    76  system_stm32f0xx.o(i.SystemInit)
    TIM3_IRQHandler                          0x08001705   Thumb Code    10  stm32f0xx_it.o(i.TIM3_IRQHandler)
    TIM_Base_SetConfig                       0x08001715   Thumb Code   116  stm32f0xx_hal_tim.o(i.TIM_Base_SetConfig)
    TIM_ETR_SetConfig                        0x080017a1   Thumb Code    22  stm32f0xx_hal_tim.o(i.TIM_ETR_SetConfig)
    Tarefa1                                  0x08001811   Thumb Code    12  gerenciadortarefas.o(i.Tarefa1)
    Tarefa2                                  0x08001821   Thumb Code    12  gerenciadortarefas.o(i.Tarefa2)
    Tarefa3                                  0x08001831   Thumb Code    14  gerenciadortarefas.o(i.Tarefa3)
    Tarefa4                                  0x08001845   Thumb Code    14  gerenciadortarefas.o(i.Tarefa4)
    Tarefa5                                  0x08001859   Thumb Code     2  gerenciadortarefas.o(i.Tarefa5)
    UART_AdvFeatureConfig                    0x0800185b   Thumb Code   202  stm32f0xx_hal_uart.o(i.UART_AdvFeatureConfig)
    UART_CheckIdleState                      0x08001925   Thumb Code    92  stm32f0xx_hal_uart.o(i.UART_CheckIdleState)
    UART_EndTransmit_IT                      0x0800198d   Thumb Code    26  stm32f0xx_hal_uart.o(i.UART_EndTransmit_IT)
    UART_Receive_IT                          0x080019a7   Thumb Code   130  stm32f0xx_hal_uart.o(i.UART_Receive_IT)
    UART_SetConfig                           0x08001a29   Thumb Code   316  stm32f0xx_hal_uart.o(i.UART_SetConfig)
    UART_Transmit_IT                         0x08001b85   Thumb Code   102  stm32f0xx_hal_uart.o(i.UART_Transmit_IT)
    UART_WaitOnFlagUntilTimeout              0x08001beb   Thumb Code   178  stm32f0xx_hal_uart.o(i.UART_WaitOnFlagUntilTimeout)
    USART1_IRQHandler                        0x08001c9d   Thumb Code    10  stm32f0xx_it.o(i.USART1_IRQHandler)
    USART3_4_IRQHandler                      0x08001cad   Thumb Code    10  stm32f0xx_it.o(i.USART3_4_IRQHandler)
    __scatterload_copy                       0x08001cbd   Thumb Code    14  handlers.o(i.__scatterload_copy)
    __scatterload_null                       0x08001ccb   Thumb Code     2  handlers.o(i.__scatterload_null)
    __scatterload_zeroinit                   0x08001ccd   Thumb Code    14  handlers.o(i.__scatterload_zeroinit)
    main                                     0x08001cdd   Thumb Code    44  main.o(i.main)
    AHBPrescTable                            0x08001d0c   Data          16  system_stm32f0xx.o(.constdata)
    APBPrescTable                            0x08001d1c   Data           8  system_stm32f0xx.o(.constdata)
    Region$$Table$$Base                      0x08001d24   Number         0  anon$$obj.o(Region$$Table)
    Region$$Table$$Limit                     0x08001d44   Number         0  anon$$obj.o(Region$$Table)
    SystemCoreClock                          0x20000000   Data           4  system_stm32f0xx.o(.data)
    uwTick                                   0x20000004   Data           4  stm32f0xx_hal.o(.data)
    HaTarefaEmExecucao                       0x20000008   Data           4  main.o(.data)
    TimeoutDaTarefa                          0x2000000c   Data           4  main.o(.data)
    huart1                                   0x20000010   Data         112  usart.o(.bss)
    huart3                                   0x20000080   Data         112  usart.o(.bss)
    TarefasAgendadas                         0x200000f0   Data          20  main.o(.bss)
    TempoDeExecucaoTarefas                   0x20000104   Data          20  main.o(.bss)
    TempoParaExecutarTarefas                 0x20000118   Data          20  main.o(.bss)
    htim3                                    0x2000012c   Data          60  tim.o(.bss)
    hadc                                     0x20000168   Data          76  adc.o(.bss)
    __initial_sp                             0x200005b8   Data           0  startup_stm32f072xb.o(STACK)



==============================================================================

Memory Map of the image

  Image Entry point : 0x080000c1

  Load Region LR_IROM1 (Base: 0x08000000, Size: 0x00001d54, Max: 0x00020000, ABSOLUTE)

    Execution Region ER_IROM1 (Base: 0x08000000, Size: 0x00001d44, Max: 0x00020000, ABSOLUTE)

    Base Addr    Size         Type   Attr      Idx    E Section Name        Object

    0x08000000   0x000000c0   Data   RO         3186    RESET               startup_stm32f072xb.o
    0x080000c0   0x00000000   Code   RO         3191  * .ARM.Collect$$$$00000000  mc_p.l(entry.o)
    0x080000c0   0x00000004   Code   RO         3200    .ARM.Collect$$$$00000001  mc_p.l(entry2.o)
    0x080000c4   0x00000004   Code   RO         3203    .ARM.Collect$$$$00000004  mc_p.l(entry5.o)
    0x080000c8   0x00000000   Code   RO         3205    .ARM.Collect$$$$00000008  mc_p.l(entry7b.o)
    0x080000c8   0x00000000   Code   RO         3207    .ARM.Collect$$$$0000000A  mc_p.l(entry8b.o)
    0x080000c8   0x00000008   Code   RO         3208    .ARM.Collect$$$$0000000B  mc_p.l(entry9a.o)
    0x080000d0   0x00000000   Code   RO         3210    .ARM.Collect$$$$0000000D  mc_p.l(entry10a.o)
    0x080000d0   0x00000000   Code   RO         3212    .ARM.Collect$$$$0000000F  mc_p.l(entry11a.o)
    0x080000d0   0x00000004   Code   RO         3201    .ARM.Collect$$$$00002712  mc_p.l(entry2.o)
    0x080000d4   0x0000001c   Code   RO         3187    .text               startup_stm32f072xb.o
    0x080000f0   0x0000002c   Code   RO         3194    .text               mc_p.l(uidiv.o)
    0x0800011c   0x00000024   Code   RO         3214    .text               mc_p.l(init.o)
    0x08000140   0x00000002   Code   RO         2967    i.Error_Handler     main.o
    0x08000142   0x00000002   PAD
    0x08000144   0x00000050   Code   RO         3087    i.ExecutaTarefa     gerenciadortarefas.o
    0x08000194   0x0000012c   Code   RO         2689    i.HAL_ADC_ConfigChannel  stm32f0xx_hal_adc.o
    0x080002c0   0x00000174   Code   RO         2698    i.HAL_ADC_Init      stm32f0xx_hal_adc.o
    0x08000434   0x00000040   Code   RO         3149    i.HAL_ADC_MspInit   adc.o
    0x08000474   0x00000158   Code   RO         2603    i.HAL_GPIO_Init     stm32f0xx_hal_gpio.o
    0x080005cc   0x00000008   Code   RO         2606    i.HAL_GPIO_TogglePin  stm32f0xx_hal_gpio.o
    0x080005d4   0x0000000c   Code   RO         2607    i.HAL_GPIO_WritePin  stm32f0xx_hal_gpio.o
    0x080005e0   0x0000000c   Code   RO         2391    i.HAL_GetTick       stm32f0xx_hal.o
    0x080005ec   0x00000010   Code   RO         2392    i.HAL_IncTick       stm32f0xx_hal.o
    0x080005fc   0x00000020   Code   RO         2393    i.HAL_Init          stm32f0xx_hal.o
    0x0800061c   0x00000022   Code   RO         2394    i.HAL_InitTick      stm32f0xx_hal.o
    0x0800063e   0x00000002   PAD
    0x08000640   0x00000038   Code   RO         2858    i.HAL_MspInit       stm32f0xx_hal_msp.o
    0x08000678   0x00000014   Code   RO          229    i.HAL_NVIC_EnableIRQ  stm32f0xx_hal_cortex.o
    0x0800068c   0x00000008   Code   RO          233    i.HAL_NVIC_SetPriority  stm32f0xx_hal_cortex.o
    0x08000694   0x00000120   Code   RO          722    i.HAL_RCCEx_PeriphCLKConfig  stm32f0xx_hal_rcc_ex.o
    0x080007b4   0x00000154   Code   RO         1612    i.HAL_RCC_ClockConfig  stm32f0xx_hal_rcc.o
    0x08000908   0x0000000c   Code   RO         1617    i.HAL_RCC_GetHCLKFreq  stm32f0xx_hal_rcc.o
    0x08000914   0x00000020   Code   RO         1619    i.HAL_RCC_GetPCLK1Freq  stm32f0xx_hal_rcc.o
    0x08000934   0x00000088   Code   RO         1620    i.HAL_RCC_GetSysClockFreq  stm32f0xx_hal_rcc.o
    0x080009bc   0x000003d8   Code   RO         1623    i.HAL_RCC_OscConfig  stm32f0xx_hal_rcc.o
    0x08000d94   0x00000018   Code   RO          235    i.HAL_SYSTICK_CLKSourceConfig  stm32f0xx_hal_cortex.o
    0x08000dac   0x00000002   Code   RO          236    i.HAL_SYSTICK_Callback  stm32f0xx_hal_cortex.o
    0x08000dae   0x00000002   PAD
    0x08000db0   0x00000030   Code   RO          237    i.HAL_SYSTICK_Config  stm32f0xx_hal_cortex.o
    0x08000de0   0x00000008   Code   RO          238    i.HAL_SYSTICK_IRQHandler  stm32f0xx_hal_cortex.o
    0x08000de8   0x00000002   Code   RO          470    i.HAL_TIMEx_BreakCallback  stm32f0xx_hal_tim_ex.o
    0x08000dea   0x00000002   Code   RO          471    i.HAL_TIMEx_CommutationCallback  stm32f0xx_hal_tim_ex.o
    0x08000dec   0x00000048   Code   RO          487    i.HAL_TIMEx_MasterConfigSynchronization  stm32f0xx_hal_tim_ex.o
    0x08000e34   0x00000034   Code   RO         1755    i.HAL_TIM_Base_Init  stm32f0xx_hal_tim.o
    0x08000e68   0x00000034   Code   RO         3050    i.HAL_TIM_Base_MspInit  tim.o
    0x08000e9c   0x00000016   Code   RO         1760    i.HAL_TIM_Base_Start_IT  stm32f0xx_hal_tim.o
    0x08000eb2   0x000000ee   Code   RO         1764    i.HAL_TIM_ConfigClockSource  stm32f0xx_hal_tim.o
    0x08000fa0   0x00000002   Code   RO         1784    i.HAL_TIM_IC_CaptureCallback  stm32f0xx_hal_tim.o
    0x08000fa2   0x00000162   Code   RO         1797    i.HAL_TIM_IRQHandler  stm32f0xx_hal_tim.o
    0x08001104   0x00000002   Code   RO         1800    i.HAL_TIM_OC_DelayElapsedCallback  stm32f0xx_hal_tim.o
    0x08001106   0x00000002   Code   RO         1827    i.HAL_TIM_PWM_PulseFinishedCallback  stm32f0xx_hal_tim.o
    0x08001108   0x0000004c   Code   RO         2968    i.HAL_TIM_PeriodElapsedCallback  main.o
    0x08001154   0x00000002   Code   RO         1838    i.HAL_TIM_TriggerCallback  stm32f0xx_hal_tim.o
    0x08001156   0x00000002   Code   RO          804    i.HAL_UARTEx_WakeupCallback  stm32f0xx_hal_uart_ex.o
    0x08001158   0x00000002   Code   RO         1373    i.HAL_UART_ErrorCallback  stm32f0xx_hal_uart.o
    0x0800115a   0x000000d8   Code   RO         1376    i.HAL_UART_IRQHandler  stm32f0xx_hal_uart.o
    0x08001232   0x0000006c   Code   RO         1377    i.HAL_UART_Init     stm32f0xx_hal_uart.o
    0x0800129e   0x00000002   PAD
    0x080012a0   0x00000098   Code   RO         2921    i.HAL_UART_MspInit  usart.o
    0x08001338   0x00000002   Code   RO         1383    i.HAL_UART_RxCpltCallback  stm32f0xx_hal_uart.o
    0x0800133a   0x00000002   Code   RO         1388    i.HAL_UART_TxCpltCallback  stm32f0xx_hal_uart.o
    0x0800133c   0x00000064   Code   RO         3088    i.IniciaGerenciadorTarefas  gerenciadortarefas.o
    0x080013a0   0x00000058   Code   RO         3150    i.MX_ADC_Init       adc.o
    0x080013f8   0x00000114   Code   RO         3029    i.MX_GPIO_Init      gpio.o
    0x0800150c   0x00000060   Code   RO         3051    i.MX_TIM3_Init      tim.o
    0x0800156c   0x00000038   Code   RO         2922    i.MX_USART1_UART_Init  usart.o
    0x080015a4   0x00000038   Code   RO         2923    i.MX_USART3_UART_Init  usart.o
    0x080015dc   0x00000044   Code   RO          239    i.NVIC_SetPriority  stm32f0xx_hal_cortex.o
    0x08001620   0x0000000c   Code   RO         2878    i.SysTick_Handler   stm32f0xx_it.o
    0x0800162c   0x0000007c   Code   RO         2969    i.SystemClock_Config  main.o
    0x080016a8   0x0000005c   Code   RO            4    i.SystemInit        system_stm32f0xx.o
    0x08001704   0x00000010   Code   RO         2879    i.TIM3_IRQHandler   stm32f0xx_it.o
    0x08001714   0x0000008c   Code   RO         1839    i.TIM_Base_SetConfig  stm32f0xx_hal_tim.o
    0x080017a0   0x00000016   Code   RO         1846    i.TIM_ETR_SetConfig  stm32f0xx_hal_tim.o
    0x080017b6   0x00000010   Code   RO         1847    i.TIM_ITRx_SetConfig  stm32f0xx_hal_tim.o
    0x080017c6   0x00000022   Code   RO         1853    i.TIM_TI1_ConfigInputStage  stm32f0xx_hal_tim.o
    0x080017e8   0x00000026   Code   RO         1855    i.TIM_TI2_ConfigInputStage  stm32f0xx_hal_tim.o
    0x0800180e   0x00000002   PAD
    0x08001810   0x00000010   Code   RO         3089    i.Tarefa1           gerenciadortarefas.o
    0x08001820   0x00000010   Code   RO         3090    i.Tarefa2           gerenciadortarefas.o
    0x08001830   0x00000014   Code   RO         3091    i.Tarefa3           gerenciadortarefas.o
    0x08001844   0x00000014   Code   RO         3092    i.Tarefa4           gerenciadortarefas.o
    0x08001858   0x00000002   Code   RO         3093    i.Tarefa5           gerenciadortarefas.o
    0x0800185a   0x000000ca   Code   RO         1390    i.UART_AdvFeatureConfig  stm32f0xx_hal_uart.o
    0x08001924   0x00000068   Code   RO         1391    i.UART_CheckIdleState  stm32f0xx_hal_uart.o
    0x0800198c   0x0000001a   Code   RO         1397    i.UART_EndTransmit_IT  stm32f0xx_hal_uart.o
    0x080019a6   0x00000082   Code   RO         1398    i.UART_Receive_IT   stm32f0xx_hal_uart.o
    0x08001a28   0x0000015c   Code   RO         1399    i.UART_SetConfig    stm32f0xx_hal_uart.o
    0x08001b84   0x00000066   Code   RO         1400    i.UART_Transmit_IT  stm32f0xx_hal_uart.o
    0x08001bea   0x000000b2   Code   RO         1401    i.UART_WaitOnFlagUntilTimeout  stm32f0xx_hal_uart.o
    0x08001c9c   0x00000010   Code   RO         2880    i.USART1_IRQHandler  stm32f0xx_it.o
    0x08001cac   0x00000010   Code   RO         2881    i.USART3_4_IRQHandler  stm32f0xx_it.o
    0x08001cbc   0x0000000e   Code   RO         3218    i.__scatterload_copy  mc_p.l(handlers.o)
    0x08001cca   0x00000002   Code   RO         3219    i.__scatterload_null  mc_p.l(handlers.o)
    0x08001ccc   0x0000000e   Code   RO         3220    i.__scatterload_zeroinit  mc_p.l(handlers.o)
    0x08001cda   0x00000002   PAD
    0x08001cdc   0x00000030   Code   RO         2970    i.main              main.o
    0x08001d0c   0x00000010   Data   RO            5    .constdata          system_stm32f0xx.o
    0x08001d1c   0x00000008   Data   RO            6    .constdata          system_stm32f0xx.o
    0x08001d24   0x00000020   Data   RO         3216    Region$$Table       anon$$obj.o


    Execution Region RW_IRAM1 (Base: 0x20000000, Size: 0x000005b8, Max: 0x00004000, ABSOLUTE)

    Base Addr    Size         Type   Attr      Idx    E Section Name        Object

    0x20000000   0x00000004   Data   RW            7    .data               system_stm32f0xx.o
    0x20000004   0x00000004   Data   RW         2399    .data               stm32f0xx_hal.o
    0x20000008   0x00000008   Data   RW         2974    .data               main.o
    0x20000010   0x000000e0   Zero   RW         2924    .bss                usart.o
    0x200000f0   0x00000014   Zero   RW         2971    .bss                main.o
    0x20000104   0x00000014   Zero   RW         2972    .bss                main.o
    0x20000118   0x00000014   Zero   RW         2973    .bss                main.o
    0x2000012c   0x0000003c   Zero   RW         3052    .bss                tim.o
    0x20000168   0x0000004c   Zero   RW         3151    .bss                adc.o
    0x200001b4   0x00000004   PAD
    0x200001b8   0x00000400   Zero   RW         3184    STACK               startup_stm32f072xb.o


==============================================================================

Image component sizes


      Code (inc. data)   RO Data    RW Data    ZI Data      Debug   Object Name

       152         18          0          0         76       1547   adc.o
       254         86          0          0          0       3209   gerenciadortarefas.o
       276         20          0          0          0        959   gpio.o
       250         22          0          8         60      10422   main.o
        28          8        192          0       1024        592   startup_stm32f072xb.o
        94         18          0          4          0       3043   stm32f0xx_hal.o
       672         24          0          0          0       2655   stm32f0xx_hal_adc.o
       178         28          0          0          0      10483   stm32f0xx_hal_cortex.o
       364         30          0          0          0       2877   stm32f0xx_hal_gpio.o
        56          6          0          0          0        802   stm32f0xx_hal_msp.o
      1504        102          0          0          0       5145   stm32f0xx_hal_rcc.o
       288         14          0          0          0       1496   stm32f0xx_hal_rcc_ex.o
       924         24          0          0          0       9317   stm32f0xx_hal_tim.o
        76          0          0          0          0       2298   stm32f0xx_hal_tim_ex.o
      1420         44          0          0          0       8955   stm32f0xx_hal_uart.o
         2          0          0          0          0        972   stm32f0xx_hal_uart_ex.o
        60         18          0          0          0       1770   stm32f0xx_it.o
        92         16         24          4          0     496687   system_stm32f0xx.o
       148         22          0          0         60       1550   tim.o
       264         34          0          0        224       2119   usart.o

    ----------------------------------------------------------------------
      7112        534        248         16       1448     566898   Object Totals
         0          0         32          0          0          0   (incl. Generated)
        10          0          0          0          4          0   (incl. Padding)

    ----------------------------------------------------------------------

      Code (inc. data)   RO Data    RW Data    ZI Data      Debug   Library Member Name

         0          0          0          0          0          0   entry.o
         0          0          0          0          0          0   entry10a.o
         0          0          0          0          0          0   entry11a.o
         8          4          0          0          0          0   entry2.o
         4          0          0          0          0          0   entry5.o
         0          0          0          0          0          0   entry7b.o
         0          0          0          0          0          0   entry8b.o
         8          4          0          0          0          0   entry9a.o
        30          0          0          0          0          0   handlers.o
        36          8          0          0          0         68   init.o
        44          0          0          0          0         72   uidiv.o

    ----------------------------------------------------------------------
       132         16          0          0          0        140   Library Totals
         2          0          0          0          0          0   (incl. Padding)

    ----------------------------------------------------------------------

      Code (inc. data)   RO Data    RW Data    ZI Data      Debug   Library Name

       130         16          0          0          0        140   mc_p.l

    ----------------------------------------------------------------------
       132         16          0          0          0        140   Library Totals

    ----------------------------------------------------------------------

==============================================================================


      Code (inc. data)   RO Data    RW Data    ZI Data      Debug   

      7244        550        248         16       1448     564066   Grand Totals
      7244        550        248         16       1448     564066   ELF Image Totals
      7244        550        248         16          0          0   ROM Totals

==============================================================================

    Total RO  Size (Code + RO Data)                 7492 (   7.32kB)
    Total RW  Size (RW Data + ZI Data)              1464 (   1.43kB)
    Total ROM Size (Code + RO Data + RW Data)       7508 (   7.33kB)

==============================================================================

